11-09 18:34:54.808  1936  1936 D RILJ    : [3680]> QUERY_FACILITY_LOCK [FD 7 null] [SUB0]
11-09 18:34:54.808  1313  1581 D RIL     : onRequest: QUERY_FACILITY_LOCK
11-09 18:34:54.808  1313  1581 D RIL     : Request not supported. Tech: 1
11-09 18:34:54.808  1936  2059 D RilRequest: [3679]< QUERY_FACILITY_LOCK error: com.android.internal.telephony.CommandException: REQUEST_NOT_SUPPORTED ret=
11-09 18:34:54.808  1936  1936 D RILJ    : [3681]> QUERY_FACILITY_LOCK [SC 7 null] [SUB0]
11-09 18:34:54.808  1313  1581 D RIL     : onRequest: QUERY_FACILITY_LOCK
11-09 18:34:54.808  1313  1581 D RIL     : Request not supported. Tech: 1
11-09 18:34:54.809  1936  1936 D UiccCardApplication: Notifying registrants: READY
11-09 18:34:54.809  1936  1936 D UiccCard: Before privilege rules: Handler (com.android.internal.telephony.uicc.UiccCarrierPrivilegeRules) {6d1b01} : CARDSTATE_PRESENT
11-09 18:34:54.809  1936  1936 E UiccCard: App index 8 is invalid since there are no applications
11-09 18:34:54.809  1936  1936 D UiccCard: update: radioState=RADIO_ON mLastRadioState=RADIO_ON
11-09 18:34:54.809  1936  1936 D UiccController: Notifying IccChangedRegistrants
11-09 18:34:54.809  1936  2059 D RilRequest: [3680]< QUERY_FACILITY_LOCK error: com.android.internal.telephony.CommandException: REQUEST_NOT_SUPPORTED ret=
11-09 18:34:54.809  1313  1581 D RIL     : onRequest: QUERY_FACILITY_LOCK
11-09 18:34:54.809  1313  1581 D RIL     : Request not supported. Tech: 1
11-09 18:34:54.809  1936  2059 D RilRequest: [3681]< QUERY_FACILITY_LOCK error: com.android.internal.telephony.CommandException: REQUEST_NOT_SUPPORTED ret=
11-09 18:34:54.811  1936  1936 D SubscriptionController: [getSubId]- sSlotIdxToSubId.size == 0, return DummySubIds slotIdx=0
11-09 18:34:54.812  1936  1936 D DctController: handleMessage msg={ when=-47ms what=100 target=com.android.internal.telephony.dataconnection.DctController }
11-09 18:34:54.812  1936  1936 D SubscriptionController: [getPhoneId]- no sims, returning default phoneId=2147483647
11-09 18:34:54.812  1936  1936 D DctController: getTopPriorityRequestPhoneId: RequestInfo list is empty, use Dds sub phone id
11-09 18:34:54.812  1936  1936 D DctController: getTopPriorityRequestPhoneId = 2147483647, priority = -1
11-09 18:34:54.813  1936  1936 D DcSwitchAsyncChannel: [DcSwitchAsyncChannel-0]: rspIsIdle=true
11-09 18:34:54.813  1936  1936 D DctController: onProcessRequest phoneId=2147483647, activePhoneId=-1
11-09 18:34:54.813  1936  1936 D GsmSST  : [GsmSST] SubscriptionListener.onSubscriptionInfoChanged
11-09 18:34:54.813  1936  1936 D SubscriptionController: [getSubId]- sSlotIdxToSubId.size == 0, return DummySubIds slotIdx=0
11-09 18:34:54.813  1936  1936 D DCT     : [0]SubscriptionListener.onSubscriptionInfoChanged
11-09 18:34:54.813  1936  1936 D SubscriptionController: [getSubId]- sSlotIdxToSubId.size == 0, return DummySubIds slotIdx=0
11-09 18:34:54.814  1936  1936 D SubscriptionController: [getActiveSubInfoList]+
11-09 18:34:54.815  1936  1936 D SubscriptionController: [getActiveSubInfoList] Sub Controller not ready
11-09 18:34:54.815  1936  1936 I Telephony: PstnIncomingCallNotifier: Unregistering: Handler (com.android.internal.telephony.gsm.GSMPhone) {60f8cf8}
11-09 18:34:54.815  1936  1936 E PhoneBase: Error! unregisterForCallWaiting() in PhoneBase should not be called, CDMAPhone inactive.
11-09 18:34:54.817  1936  1936 D SubscriptionController: [getSubId]- sSlotIdxToSubId.size == 0, return DummySubIds slotIdx=0
11-09 18:34:54.817  1936  1936 D SubscriptionController: [getSubId]- sSlotIdxToSubId.size == 0, return DummySubIds slotIdx=0
11-09 18:34:54.822  1936  1936 D SubscriptionController: [getPhoneId]- invalid subId return=-1
11-09 18:34:54.822  1936  1936 E PhoneInterfaceManager: [PhoneIntfMgr] getIccId: No UICC
11-09 18:34:54.840  1584  1595 I Telecom : PhoneAccountRegistrar: [ComponentInfo{com.android.phone/com.android.services.telephony.TelephonyConnectionService}, [e0184adedf913b076626646d3f52c3b49c39ad6d], UserHandle{0}(icon: Icon(typ=BITMAP size=57x72) -> Icon(typ=BITMAP size=57x72))]
11-09 18:34:54.857  1231  1728 D gralloc_ranchu: gralloc_alloc: Creating ashmem region of size 7675904
11-09 18:34:54.878  1584  1595 I Telecom : : Sending phone-account intent as user
11-09 18:34:54.886  1936  1936 I Telephony: AccountEntry: Registered phoneAccount: [[ ] PhoneAccount: ComponentInfo{com.android.phone/com.android.services.telephony.TelephonyConnectionService}, [e0184adedf913b076626646d3f52c3b49c39ad6d], UserHandle{0} Capabilities: 54 Schemes: tel voicemail ] with handle: ComponentInfo{com.android.phone/com.android.services.telephony.TelephonyConnectionService}, [e0184adedf913b076626646d3f52c3b49c39ad6d], UserHandle{0}
11-09 18:34:54.886  1936  1936 I Telephony: PstnIncomingCallNotifier: Registering: Handler (com.android.internal.telephony.gsm.GSMPhone) {60f8cf8}
11-09 18:34:54.886  1936  1936 E PhoneBase: Error! registerForCallWaiting() in PhoneBase should not be called, CDMAPhone inactive.
11-09 18:34:54.888  1584  1603 I am_activity_launch_time: [0,223623546,com.android.launcher3/.Launcher,1059,1059]
11-09 18:34:54.888  1584  1603 I ActivityManager: Displayed com.android.launcher3/.Launcher: +1s59ms
11-09 18:34:54.892  1584  1955 W Telecom : : No account found for the calling user
11-09 18:34:54.892  1936  1936 D SubscriptionController: [getSubId]- sSlotIdxToSubId.size == 0, return DummySubIds slotIdx=0
11-09 18:34:54.892  1936  1936 D DCT     : [0]handleMessage msg={ when=-88ms what=270352 obj=android.os.AsyncResult@e0f663d target=com.android.internal.telephony.dataconnection.DcTracker }
11-09 18:34:54.892  1936  1936 D DCT     : [0]onDataConnectionAttached
11-09 18:34:54.892  1936  1936 D DCT     : [0]overall state is IDLE
11-09 18:34:54.892  1936  1936 D SubscriptionController: [getSubId]- sSlotIdxToSubId.size == 0, return DummySubIds slotIdx=0
11-09 18:34:54.892  1936  1936 D DCT     : [0]isDataAllowed getRecordsLoaded=false
11-09 18:34:54.892  1936  1936 D DCT     : [0]isDataAllowed: not allowed due to - SIM not loaded
11-09 18:34:54.897  1936  1936 D SubscriptionController: [getPhoneId]- invalid subId return=-1
11-09 18:34:54.898  1936  1936 D SubscriptionController: [getSubId]- sSlotIdxToSubId.size == 0, return DummySubIds slotIdx=0
11-09 18:34:54.898  1936  1936 D DCT     : [0]isDataAllowed getRecordsLoaded=false
11-09 18:34:54.898  1936  1936 D DCT     : [0]isDataAllowed: not allowed due to - SIM not loaded
11-09 18:34:54.899  1936  1936 D SubscriptionController: [getPhoneId]- invalid subId return=-1
11-09 18:34:54.900  1936  1936 D SubscriptionController: [getSubId]- sSlotIdxToSubId.size == 0, return DummySubIds slotIdx=0
11-09 18:34:54.900  1936  1936 D DCT     : [0]isDataAllowed getRecordsLoaded=false
11-09 18:34:54.900  1936  1936 D DCT     : [0]isDataAllowed: not allowed due to - SIM not loaded
11-09 18:34:54.900  1936  1936 D SubscriptionController: [getPhoneId]- invalid subId return=-1
11-09 18:34:54.903  1936  1936 D SubscriptionController: [getSubId]- sSlotIdxToSubId.size == 0, return DummySubIds slotIdx=0
11-09 18:34:54.904  1936  1936 D DCT     : [0]isDataAllowed getRecordsLoaded=false
11-09 18:34:54.904  1936  1936 D DCT     : [0]isDataAllowed: not allowed due to - SIM not loaded
11-09 18:34:54.904  1936  1936 D SubscriptionController: [getPhoneId]- invalid subId return=-1
11-09 18:34:54.905  1936  1936 D SubscriptionController: [getSubId]- sSlotIdxToSubId.size == 0, return DummySubIds slotIdx=0
11-09 18:34:54.907  1936  1936 D DCT     : [0]isDataAllowed getRecordsLoaded=false
11-09 18:34:54.909  1936  1936 D DCT     : [0]isDataAllowed: not allowed due to - SIM not loaded
11-09 18:34:54.911  1936  1936 D SubscriptionController: [getPhoneId]- invalid subId return=-1
11-09 18:34:54.913  1936  1936 D SubscriptionController: [getSubId]- sSlotIdxToSubId.size == 0, return DummySubIds slotIdx=0
11-09 18:34:54.914  1936  1936 D DCT     : [0]isDataAllowed getRecordsLoaded=false
11-09 18:34:54.914  1936  1936 D DCT     : [0]isDataAllowed: not allowed due to - SIM not loaded
11-09 18:34:54.915  1936  1936 D SubscriptionController: [getPhoneId]- invalid subId return=-1
11-09 18:34:54.918  1936  1936 D SubscriptionController: [getSubId]- sSlotIdxToSubId.size == 0, return DummySubIds slotIdx=0
11-09 18:34:54.918  1936  1936 D SubscriptionController: [getPhoneId]- invalid subId return=-1
11-09 18:34:54.921  1936  1936 D SubscriptionController: [getSubId]- sSlotIdxToSubId.size == 0, return DummySubIds slotIdx=0
11-09 18:34:54.921  1936  1936 D DCT     : [0]isDataAllowed getRecordsLoaded=false
11-09 18:34:54.921  1936  1936 D DCT     : [0]isDataAllowed: not allowed due to - SIM not loaded
11-09 18:34:54.923  1936  1936 D SubscriptionController: [getPhoneId]- invalid subId return=-1
11-09 18:34:54.923  1936  1936 D SubscriptionController: [getSubId]- sSlotIdxToSubId.size == 0, return DummySubIds slotIdx=0
11-09 18:34:54.924  1936  1936 D DCT     : [0]isDataAllowed getRecordsLoaded=false
11-09 18:34:54.924  1936  1936 D DCT     : [0]isDataAllowed: not allowed due to - SIM not loaded
11-09 18:34:54.924  1936  1936 D SubscriptionController: [getPhoneId]- invalid subId return=-1
11-09 18:34:54.924  1936  1936 D DCT     : [0]setupDataOnConnectableApns: dataAttached
11-09 18:34:54.924  1936  1936 D DCT     : [0]setupDataOnConnectableApns: apnContext {mApnType=hipri mState=IDLE mWaitingApns={null} mWaitingApnsPermanentFailureCountDown=0 mApnSetting={null} mReason=radioTurnedOff mDataEnabled=false mDependencyMet=true}
11-09 18:34:54.924  1936  1936 D DCT     : [0]setupDataOnConnectableApns: apnContext {mApnType=mms mState=IDLE mWaitingApns={null} mWaitingApnsPermanentFailureCountDown=0 mApnSetting={null} mReason=radioTurnedOff mDataEnabled=false mDependencyMet=true}
11-09 18:34:54.924  1936  1936 D DCT     : [0]setupDataOnConnectableApns: apnContext {mApnType=supl mState=IDLE mWaitingApns={null} mWaitingApnsPermanentFailureCountDown=0 mApnSetting={null} mReason=radioTurnedOff mDataEnabled=false mDependencyMet=true}
11-09 18:34:54.924  1936  1936 D DCT     : [0]setupDataOnConnectableApns: apnContext {mApnType=ia mState=IDLE mWaitingApns={null} mWaitingApnsPermanentFailureCountDown=0 mApnSetting={null} mReason=radioTurnedOff mDataEnabled=false mDependencyMet=true}
11-09 18:34:54.924  1936  1936 D DCT     : [0]setupDataOnConnectableApns: apnContext {mApnType=fota mState=IDLE mWaitingApns={null} mWaitingApnsPermanentFailureCountDown=0 mApnSetting={null} mReason=radioTurnedOff mDataEnabled=false mDependencyMet=true}
11-09 18:34:54.924  1936  1936 D DCT     : [0]setupDataOnConnectableApns: apnContext {mApnType=ims mState=IDLE mWaitingApns={null} mWaitingApnsPermanentFailureCountDown=0 mApnSetting={null} mReason=radioTurnedOff mDataEnabled=false mDependencyMet=true}
11-09 18:34:54.924  1936  1936 D DCT     : [0]setupDataOnConnectableApns: apnContext {mApnType=cbs mState=IDLE mWaitingApns={null} mWaitingApnsPermanentFailureCountDown=0 mApnSetting={null} mReason=radioTurnedOff mDataEnabled=false mDependencyMet=true}
11-09 18:34:54.924  1936  1936 D DCT     : [0]setupDataOnConnectableApns: apnContext {mApnType=default mState=IDLE mWaitingApns={null} mWaitingApnsPermanentFailureCountDown=0 mApnSetting={null} mReason=radioTurnedOff mDataEnabled=false mDependencyMet=true}
11-09 18:34:54.924  1936  1936 D DCT     : [0]setupDataOnConnectableApns: apnContext {mApnType=emergency mState=IDLE mWaitingApns={null} mWaitingApnsPermanentFailureCountDown=0 mApnSetting={null} mReason=radioTurnedOff mDataEnabled=false mDependencyMet=true}
11-09 18:34:54.924  1936  1936 D DctController: EVENT_PHONE1_DATA_ATTACH.
11-09 18:34:54.924  1936  2116 D DcSwitchSM: [DcSwitchStateMachine-0] AttachingState: EVENT_DATA_ATTACHED
11-09 18:34:54.924  1936  2116 D DcSwitchSM: [DcSwitchStateMachine-0] AttachedState: enter
11-09 18:34:54.924  1936  2116 D DctController: executeAllRequests, phone:0
11-09 18:34:54.925  1936  1936 D DCT     : [0]handleMessage msg={ when=-119ms what=270377 obj=android.os.AsyncResult@de34e32 target=com.android.internal.telephony.dataconnection.DcTracker }
11-09 18:34:54.925  1936  1936 D DCT     : [0]setupDataOnConnectableApns: nwTypeChanged
11-09 18:34:54.925  1936  1936 D DCT     : [0]setupDataOnConnectableApns: apnContext {mApnType=hipri mState=IDLE mWaitingApns={null} mWaitingApnsPermanentFailureCountDown=0 mApnSetting={null} mReason=radioTurnedOff mDataEnabled=false mDependencyMet=true}
11-09 18:34:54.925  1936  1936 D DCT     : [0]setupDataOnConnectableApns: apnContext {mApnType=mms mState=IDLE mWaitingApns={null} mWaitingApnsPermanentFailureCountDown=0 mApnSetting={null} mReason=radioTurnedOff mDataEnabled=false mDependencyMet=true}
11-09 18:34:54.925  1936  1936 D DCT     : [0]setupDataOnConnectableApns: apnContext {mApnType=supl mState=IDLE mWaitingApns={null} mWaitingApnsPermanentFailureCountDown=0 mApnSetting={null} mReason=radioTurnedOff mDataEnabled=false mDependencyMet=true}
11-09 18:34:54.925  1936  1936 D DCT     : [0]setupDataOnConnectableApns: apnContext {mApnType=ia mState=IDLE mWaitingApns={null} mWaitingApnsPermanentFailureCountDown=0 mApnSetting={null} mReason=radioTurnedOff mDataEnabled=false mDependencyMet=true}
11-09 18:34:54.925  1936  1936 D DCT     : [0]setupDataOnConnectableApns: apnContext {mApnType=fota mState=IDLE mWaitingApns={null} mWaitingApnsPermanentFailureCountDown=0 mApnSetting={null} mReason=radioTurnedOff mDataEnabled=false mDependencyMet=true}
11-09 18:34:54.925  1936  1936 D DCT     : [0]setupDataOnConnectableApns: apnContext {mApnType=ims mState=IDLE mWaitingApns={null} mWaitingApnsPermanentFailureCountDown=0 mApnSetting={null} mReason=radioTurnedOff mDataEnabled=false mDependencyMet=true}
11-09 18:34:54.925  1936  1936 D DCT     : [0]setupDataOnConnectableApns: apnContext {mApnType=cbs mState=IDLE mWaitingApns={null} mWaitingApnsPermanentFailureCountDown=0 mApnSetting={null} mReason=radioTurnedOff mDataEnabled=false mDependencyMet=true}
11-09 18:34:54.925  1936  1936 D DCT     : [0]setupDataOnConnectableApns: apnContext {mApnType=default mState=IDLE mWaitingApns={null} mWaitingApnsPermanentFailureCountDown=0 mApnSetting={null} mReason=radioTurnedOff mDataEnabled=false mDependencyMet=true}
11-09 18:34:54.925  1936  1936 D DCT     : [0]setupDataOnConnectableApns: apnContext {mApnType=emergency mState=IDLE mWaitingApns={null} mWaitingApnsPermanentFailureCountDown=0 mApnSetting={null} mReason=radioTurnedOff mDataEnabled=false mDependencyMet=true}
11-09 18:34:54.925  1936  1936 D UiccCardApplication: Error in querying facility lock:com.android.internal.telephony.CommandException: REQUEST_NOT_SUPPORTED
11-09 18:34:54.925  1936  1936 D SIMRecords: [SIMRecords] fetchSimRecords 0
11-09 18:34:54.925  1936  1936 D RILJ    : [3682]> getIMSI: GET_IMSI aid: null [SUB0]
11-09 18:34:54.932  1313  1581 D RIL     : onRequest: GET_IMSI
11-09 18:34:54.932  1313  1581 D AT      : AT> AT+CIMI
11-09 18:34:54.932  1313  1583 D AT      : AT< 310260000000000
11-09 18:34:54.932  1313  1583 D AT      : AT< OK
11-09 18:34:54.932  1936  2059 D RILJ    : [3682]< GET_IMSI  [SUB0]
11-09 18:34:54.932  1936  1936 D RILJ    : [3683]> iccIO: SIM_IO 0xc0 0x2fe2  path: 3F00,0,0,15 aid: null [SUB0]
11-09 18:34:54.932  1313  1581 D RIL     : onRequest: SIM_IO
11-09 18:34:54.932  1313  1581 D AT      : AT> AT+CRSM=192,12258,0,0,15
11-09 18:34:54.932  1313  1583 D AT      : AT< +CRSM: 144,0,0000000a2fe204000fa0aa01020000
11-09 18:34:54.932  1313  1583 D AT      : AT< OK
11-09 18:34:54.932  1936  2059 D RILJ    : [3683]< SIM_IO IccIoResponse sw1:0x90 sw2:0x0 [SUB0]
11-09 18:34:54.933  1936  1936 D RILJ    : [3684]> iccIO: SIM_IO 0xc0 0x6f40  path: 3F007F10,0,0,15 aid: null [SUB0]
11-09 18:34:54.933  1313  1581 D RIL     : onRequest: SIM_IO
11-09 18:34:54.933  1313  1581 D AT      : AT> AT+CRSM=192,28480,0,0,15
11-09 18:34:54.933  1313  1583 D AT      : AT< +CRSM: 144,0,000000806f40040011a0aa01020120
11-09 18:34:54.933  1313  1583 D AT      : AT< OK
11-09 18:34:54.933  1936  2059 D RILJ    : [3684]< SIM_IO IccIoResponse sw1:0x90 sw2:0x0 [SUB0]
11-09 18:34:54.934  1936  1936 D RILJ    : [3685]> iccIO: SIM_IO 0xc0 0x6fc9  path: 3F007F20,0,0,15 aid: null [SUB0]
11-09 18:34:54.934  1313  1581 D RIL     : onRequest: SIM_IO
11-09 18:34:54.934  1313  1581 D AT      : AT> AT+CRSM=192,28617,0,0,15
11-09 18:34:54.934  1313  1583 D AT      : AT< +CRSM: 144,0,000000086fc9040011a0aa01020104
11-09 18:34:54.934  1313  1583 D AT      : AT< OK
11-09 18:34:54.935  1936  2059 D RILJ    : [3685]< SIM_IO IccIoResponse sw1:0x90 sw2:0x0 [SUB0]
11-09 18:34:54.935  1936  1936 D RILJ    : [3686]> iccIO: SIM_IO 0xc0 0x6fad  path: 3F007F20,0,0,15 aid: null [SUB0]
11-09 18:34:54.935  1313  1581 D RIL     : onRequest: SIM_IO
11-09 18:34:54.935  1313  1581 D AT      : AT> AT+CRSM=192,28589,0,0,15
11-09 18:34:54.936  1313  1583 D AT      : AT< +CRSM: 144,0,000000046fad04000aa0aa01020000
11-09 18:34:54.936  1313  1583 D AT      : AT< OK
11-09 18:34:54.936  1936  2059 D RILJ    : [3686]< SIM_IO IccIoResponse sw1:0x90 sw2:0x0 [SUB0]
11-09 18:34:54.936  1936  1936 D RILJ    : [3687]> iccIO: SIM_IO 0xc0 0x6fca  path: 3F007F20,0,0,15 aid: null [SUB0]
11-09 18:34:54.936  1313  1581 D RIL     : onRequest: SIM_IO
11-09 18:34:54.936  1313  1581 D AT      : AT> AT+CRSM=192,28618,0,0,15
11-09 18:34:54.936  1313  1583 D AT      : AT< +CRSM: 144,0,0000000a6fca040011a0aa01020105
11-09 18:34:54.936  1313  1583 D AT      : AT< OK
11-09 18:34:54.936  1936  2059 D RILJ    : [3687]< SIM_IO IccIoResponse sw1:0x90 sw2:0x0 [SUB0]
11-09 18:34:54.936  1936  1936 D RILJ    : [3688]> iccIO: SIM_IO 0xc0 0x6f11  path: 3F007F20,0,0,15 aid: null [SUB0]
11-09 18:34:54.938  1313  1581 D RIL     : onRequest: SIM_IO
11-09 18:34:54.938  1313  1581 D AT      : AT> AT+CRSM=192,28433,0,0,15
11-09 18:34:54.938  1313  1583 D AT      : AT< +CRSM: 144,0,000000016f11040011a0aa01020000
11-09 18:34:54.938  1313  1583 D AT      : AT< OK
11-09 18:34:54.939  1936  2059 D RILJ    : [3688]< SIM_IO IccIoResponse sw1:0x90 sw2:0x0 [SUB0]
11-09 18:34:54.941  1936  1936 D RILJ    : [3689]> iccIO: SIM_IO 0xc0 0x6fcb  path: 3F007F20,0,0,15 aid: null [SUB0]
11-09 18:34:54.944  1313  1581 D RIL     : onRequest: SIM_IO
11-09 18:34:54.944  1313  1581 D AT      : AT> AT+CRSM=192,28619,0,0,15
11-09 18:34:54.944  1313  1583 D AT      : AT< ERROR: BAD COMMAND
11-09 18:34:54.944  1936  2059 D RilRequest: [3689]< SIM_IO error: com.android.internal.telephony.CommandException: GENERIC_FAILURE ret=
11-09 18:34:54.944  1936  1936 D RILJ    : [3690]> iccIO: SIM_IO 0xc0 0x6f13  path: 3F007F20,0,0,15 aid: null [SUB0]
11-09 18:34:54.944  1313  1581 D RIL     : onRequest: SIM_IO
11-09 18:34:54.944  1313  1581 D AT      : AT> AT+CRSM=192,28435,0,0,15
11-09 18:34:54.944  1313  1583 D AT      : AT< +CRSM: 144,0,000000016f13040011a0aa01020000
11-09 18:34:54.944  1313  1583 D AT      : AT< OK
11-09 18:34:54.945  1936  2059 D RILJ    : [3690]< SIM_IO IccIoResponse sw1:0x90 sw2:0x0 [SUB0]
11-09 18:34:54.945  1936  1936 D RILJ    : [3691]> iccIO: SIM_IO 0xc0 0x6f46  path: 3F007F20,0,0,15 aid: null [SUB0]
11-09 18:34:54.945  1313  1581 D RIL     : onRequest: SIM_IO
11-09 18:34:54.945  1313  1581 D AT      : AT> AT+CRSM=192,28486,0,0,15
11-09 18:34:54.945  1313  1583 D AT      : AT< +CRSM: 148,4
11-09 18:34:54.945  1313  1583 D AT      : AT< OK
11-09 18:34:54.945  1936  2059 D RILJ    : [3691]< SIM_IO IccIoResponse sw1:0x94 sw2:0x4 [SUB0]
11-09 18:34:54.945  1936  1936 D RILJ    : [3692]> iccIO: SIM_IO 0xc0 0x6fcd  path: 3F007F20,0,0,15 aid: null [SUB0]
11-09 18:34:54.946  1313  1581 D RIL     : onRequest: SIM_IO
11-09 18:34:54.946  1313  1581 D AT      : AT> AT+CRSM=192,28621,0,0,15
11-09 18:34:54.946  1313  1583 D AT      : AT< +CRSM: 148,4
11-09 18:34:54.946  1313  1583 D AT      : AT< OK
11-09 18:34:54.946  1936  2059 D RILJ    : [3692]< SIM_IO IccIoResponse sw1:0x94 sw2:0x4 [SUB0]
11-09 18:34:54.947  1936  1936 D RILJ    : [3693]> iccIO: SIM_IO 0xc0 0x6fc5  path: 3F007F20,0,0,15 aid: null [SUB0]
11-09 18:34:54.947  1313  1581 D RIL     : onRequest: SIM_IO
11-09 18:34:54.947  1313  1581 D AT      : AT> AT+CRSM=192,28613,0,0,15
11-09 18:34:54.947  1313  1583 D AT      : AT< +CRSM: 144,0,000000f06fc504000aa0aa01020118
11-09 18:34:54.947  1313  1583 D AT      : AT< OK
11-09 18:34:54.947  1936  2059 D RILJ    : [3693]< SIM_IO IccIoResponse sw1:0x90 sw2:0x0 [SUB0]
11-09 18:34:54.947  1936  1936 D RILJ    : [3694]> iccIO: SIM_IO 0xc0 0x6f38  path: 3F007F20,0,0,15 aid: null [SUB0]
11-09 18:34:54.948  1313  1581 D RIL     : onRequest: SIM_IO
11-09 18:34:54.948  1313  1581 D AT      : AT> AT+CRSM=192,28472,0,0,15
11-09 18:34:54.948  1313  1583 D AT      : AT< +CRSM: 144,0,0000000f6f3804001aa0aa01020000
11-09 18:34:54.948  1313  1583 D AT      : AT< OK
11-09 18:34:54.948  1936  2059 D RILJ    : [3694]< SIM_IO IccIoResponse sw1:0x90 sw2:0x0 [SUB0]
11-09 18:34:54.948  1936  1936 D RILJ    : [3695]> iccIO: SIM_IO 0xc0 0x6f16  path: 3F007F20,0,0,15 aid: null [SUB0]
11-09 18:34:54.948  1313  1581 D RIL     : onRequest: SIM_IO
11-09 18:34:54.948  1313  1581 D AT      : AT> AT+CRSM=192,28438,0,0,15
11-09 18:34:54.948  1313  1583 D AT      : AT< +CRSM: 144,0,000000026f1604001aa0aa01020000
11-09 18:34:54.948  1313  1583 D AT      : AT< OK
11-09 18:34:54.948  1936  2059 D RILJ    : [3695]< SIM_IO IccIoResponse sw1:0x90 sw2:0x0 [SUB0]
11-09 18:34:54.948  1936  1936 D RILJ    : [3696]> iccIO: SIM_IO 0xc0 0x6f15  path: 3F007F20,0,0,15 aid: null [SUB0]
11-09 18:34:54.949  1313  1581 D RIL     : onRequest: SIM_IO
11-09 18:34:54.949  1313  1581 D AT      : AT> AT+CRSM=192,28437,0,0,15
11-09 18:34:54.949  1313  1583 D AT      : AT< ERROR: BAD COMMAND
11-09 18:34:54.949  1936  2059 D RilRequest: [3696]< SIM_IO error: com.android.internal.telephony.CommandException: GENERIC_FAILURE ret=
11-09 18:34:54.949  1936  1936 D RILJ    : [3697]> iccIO: SIM_IO 0xc0 0x6f3e  path: 3F007F20,0,0,15 aid: null [SUB0]
11-09 18:34:54.950  1313  1581 D RIL     : onRequest: SIM_IO
11-09 18:34:54.950  1313  1581 D AT      : AT> AT+CRSM=192,28478,0,0,15
11-09 18:34:54.950  1313  1583 D AT      : AT< ERROR: BAD COMMAND
11-09 18:34:54.950  1936  2059 D RilRequest: [3697]< SIM_IO error: com.android.internal.telephony.CommandException: GENERIC_FAILURE ret=
11-09 18:34:54.950  1936  1936 D RILJ    : [3698]> iccIO: SIM_IO 0xc0 0x6f3f  path: 3F007F20,0,0,15 aid: null [SUB0]
11-09 18:34:54.950  1313  1581 D RIL     : onRequest: SIM_IO
11-09 18:34:54.950  1313  1581 D AT      : AT> AT+CRSM=192,28479,0,0,15
11-09 18:34:54.950  1313  1583 D AT      : AT< ERROR: BAD COMMAND
11-09 18:34:54.950  1936  2059 D RilRequest: [3698]< SIM_IO error: com.android.internal.telephony.CommandException: GENERIC_FAILURE ret=
11-09 18:34:54.950  1936  1936 D SIMRecords: [SIMRecords] fetchSimRecords 17 requested: true
11-09 18:34:54.950  1936  1936 D RILJ    : [3699]> OPERATOR [SUB0]
11-09 18:34:54.952  1313  1581 D RIL     : onRequest: OPERATOR
11-09 18:34:54.952  1313  1581 D AT      : AT> AT+COPS=3,0;+COPS?;+COPS=3,1;+COPS?;+COPS=3,2;+COPS?
11-09 18:34:54.952  1313  1583 D AT      : AT< +COPS: 0,0,"Android"
11-09 18:34:54.952  1313  1583 D AT      : AT< +COPS: 0,1,"Android"
11-09 18:34:54.952  1313  1583 D AT      : AT< +COPS: 0,2,"310260"
11-09 18:34:54.952  1313  1583 D AT      : AT< OK
11-09 18:34:54.952  1936  2059 D RILJ    : [3699]< OPERATOR {Android, Android, 310260} [SUB0]
11-09 18:34:54.953  1936  1936 D RILJ    : [3700]> DATA_REGISTRATION_STATE [SUB0]
11-09 18:34:54.953  1313  1581 D RIL     : onRequest: DATA_REGISTRATION_STATE
11-09 18:34:54.953  1313  1581 D RIL     : requestRegistrationState
11-09 18:34:54.953  1313  1581 D AT      : AT> AT+CGREG?
11-09 18:34:54.953  1313  1583 D AT      : AT< +CGREG: 1,1,"0003","005b","000e"
11-09 18:34:54.953  1313  1583 D AT      : AT< OK
11-09 18:34:54.953  1313  1581 D RIL     : parseRegistrationState. Parsing: +CGREG: 1,1,"0003","005b","000e"
11-09 18:34:54.953  1313  1581 D RIL     : registration state type: 3GPP
11-09 18:34:54.953  1936  2059 D RILJ    : [3700]< DATA_REGISTRATION_STATE {1, 3, 5b, 14, null, null} [SUB0]
11-09 18:34:54.954  1936  1936 D RILJ    : [3701]> VOICE_REGISTRATION_STATE [SUB0]
11-09 18:34:54.954  1313  1581 D RIL     : onRequest: VOICE_REGISTRATION_STATE
11-09 18:34:54.954  1313  1581 D RIL     : requestRegistrationState
11-09 18:34:54.954  1313  1581 D AT      : AT> AT+CREG?
11-09 18:34:54.954  1313  1583 D AT      : AT< +CREG: 2,1, "0003", "005b"
11-09 18:34:54.954  1313  1583 D AT      : AT< OK
11-09 18:34:54.954  1313  1581 D RIL     : parseRegistrationState. Parsing: +CREG: 2,1, "0003", "005b"
11-09 18:34:54.954  1313  1581 D RIL     : registration state type: 3GPP
11-09 18:34:54.954  1936  2059 D RILJ    : [3701]< VOICE_REGISTRATION_STATE {1, 3, 5b, 0, null, null, null, null, null, null, null, null, null, null, null} [SUB0]
11-09 18:34:54.954  1936  1936 D RILJ    : [3702]> QUERY_NETWORK_SELECTION_MODE [SUB0]
11-09 18:34:54.955  1313  1581 D RIL     : onRequest: QUERY_NETWORK_SELECTION_MODE
11-09 18:34:54.955  1313  1581 D AT      : AT> AT+COPS?
11-09 18:34:54.955  1313  1583 D AT      : AT< +COPS: 0,2,310260
11-09 18:34:54.955  1313  1583 D AT      : AT< OK
11-09 18:34:54.955  1936  2059 D RILJ    : [3702]< QUERY_NETWORK_SELECTION_MODE {0} [SUB0]
11-09 18:34:54.955  1936  1936 E IccCardProxy: setExternalState: set mPhoneId=0 mExternalState=READY
11-09 18:34:54.955  1936  1936 D TelephonyManager: setTelephonyProperty: success phoneId=0 property=gsm.sim.state value: READY propVal=READY
11-09 18:34:54.955  1936  1936 D SubscriptionController: [getSubId]- sSlotIdxToSubId.size == 0, return DummySubIds slotIdx=0
11-09 18:34:54.955  1936  1936 D IccCardProxy: broadcastIccStateChangedIntent intent ACTION_SIM_STATE_CHANGED value=READY reason=null for mPhoneId=0
11-09 18:34:54.956  1936  1936 D UiccCardApplication: Error in querying facility lock:com.android.internal.telephony.CommandException: REQUEST_NOT_SUPPORTED
11-09 18:34:54.956  1936  1936 D RuimRecords: [RuimRecords] fetchRuimRecords 0
11-09 18:34:54.956  1936  1936 D RILJ    : [3703]> getIMSI: GET_IMSI aid: null [SUB0]
11-09 18:34:54.956  1313  1581 D RIL     : onRequest: GET_IMSI
11-09 18:34:54.956  1313  1581 D AT      : AT> AT+CIMI
11-09 18:34:54.956  1313  1583 D AT      : AT< 310260000000000
11-09 18:34:54.956  1313  1583 D AT      : AT< OK
11-09 18:34:54.956  1936  2059 D RILJ    : [3703]< GET_IMSI  [SUB0]
11-09 18:34:54.956  1936  1936 D RILJ    : [3704]> iccIO: SIM_IO 0xc0 0x2fe2  path: 3F00,0,0,15 aid: null [SUB0]
11-09 18:34:54.956  1313  1581 D RIL     : onRequest: SIM_IO
11-09 18:34:54.956  1313  1581 D AT      : AT> AT+CRSM=192,12258,0,0,15
11-09 18:34:54.956  1313  1583 D AT      : AT< +CRSM: 144,0,0000000a2fe204000fa0aa01020000
11-09 18:34:54.956  1313  1583 D AT      : AT< OK
11-09 18:34:54.957  1936  2059 D RILJ    : [3704]< SIM_IO IccIoResponse sw1:0x90 sw2:0x0 [SUB0]
11-09 18:34:54.957  1936  1936 D RILJ    : [3705]> iccIO: SIM_IO 0xc0 0x2f05  path: 3F00,0,0,15 aid: null [SUB0]
11-09 18:34:54.957  1313  1581 D RIL     : onRequest: SIM_IO
11-09 18:34:54.957  1313  1581 D AT      : AT> AT+CRSM=192,12037,0,0,15
11-09 18:34:54.957  1313  1583 D AT      : AT< ERROR: BAD COMMAND
11-09 18:34:54.957  1936  2059 D RilRequest: [3705]< SIM_IO error: com.android.internal.telephony.CommandException: GENERIC_FAILURE ret=
11-09 18:34:54.957  1936  1936 D RILJ    : [3706]> iccIO: SIM_IO 0xc0 0x6f3a  path: 3F007F25,0,0,15 aid: null [SUB0]
11-09 18:34:54.960  1313  1581 D RIL     : onRequest: SIM_IO
11-09 18:34:54.960  1313  1581 D AT      : AT> AT+CRSM=192,28474,0,0,15
11-09 18:34:54.960  1313  1583 D AT      : AT< ERROR: BAD COMMAND
11-09 18:34:54.960  1936  2059 D RilRequest: [3706]< SIM_IO error: com.android.internal.telephony.CommandException: GENERIC_FAILURE ret=
11-09 18:34:54.960  1936  1936 D RILJ    : [3707]> iccIO: SIM_IO 0xc0 0x6f41  path: 3F007F25,0,0,15 aid: null [SUB0]
11-09 18:34:54.960  1313  1581 D RIL     : onRequest: SIM_IO
11-09 18:34:54.960  1313  1581 D AT      : AT> AT+CRSM=192,28481,0,0,15
11-09 18:34:54.960  1313  1583 D AT      : AT< ERROR: BAD COMMAND
11-09 18:34:54.961  1936  2059 D RilRequest: [3707]< SIM_IO error: com.android.internal.telephony.CommandException: GENERIC_FAILURE ret=
11-09 18:34:54.961  1936  1936 D RILJ    : [3708]> iccIO: SIM_IO 0xc0 0x6f44  path: 3F007F25,0,0,15 aid: null [SUB0]
11-09 18:34:54.961  1313  1581 D RIL     : onRequest: SIM_IO
11-09 18:34:54.961  1313  1581 D AT      : AT> AT+CRSM=192,28484,0,0,15
11-09 18:34:54.961  1313  1583 D AT      : AT< ERROR: BAD COMMAND
11-09 18:34:54.961  1936  2059 D RilRequest: [3708]< SIM_IO error: com.android.internal.telephony.CommandException: GENERIC_FAILURE ret=
11-09 18:34:54.961  1936  1936 D RILJ    : [3709]> iccIO: SIM_IO 0xc0 0x6f22  path: 3F007F25,0,0,15 aid: null [SUB0]
11-09 18:34:54.961  1313  1581 D RIL     : onRequest: SIM_IO
11-09 18:34:54.961  1313  1581 D AT      : AT> AT+CRSM=192,28450,0,0,15
11-09 18:34:54.961  1313  1583 D AT      : AT< ERROR: BAD COMMAND
11-09 18:34:54.961  1936  2059 D RilRequest: [3709]< SIM_IO error: com.android.internal.telephony.CommandException: GENERIC_FAILURE ret=
11-09 18:34:54.961  1936  1936 D RILJ    : [3710]> iccIO: SIM_IO 0xc0 0x6f28  path: 3F007F25,0,0,15 aid: null [SUB0]
11-09 18:34:54.962  1313  1581 D RIL     : onRequest: SIM_IO
11-09 18:34:54.962  1313  1581 D AT      : AT> AT+CRSM=192,28456,0,0,15
11-09 18:34:54.962  1313  1583 D AT      : AT< ERROR: BAD COMMAND
11-09 18:34:54.962  1936  2059 D RilRequest: [3710]< SIM_IO error: com.android.internal.telephony.CommandException: GENERIC_FAILURE ret=
11-09 18:34:54.962  1936  1936 D RILJ    : [3711]> iccIO: SIM_IO 0xb0 0x6f5a  path: 3F007F25,0,0,4 aid: null [SUB0]
11-09 18:34:54.962  1313  1581 D RIL     : onRequest: SIM_IO
11-09 18:34:54.962  1313  1581 D AT      : AT> AT+CRSM=176,28506,0,0,4
11-09 18:34:54.962  1313  1583 D AT      : AT< ERROR: BAD COMMAND
11-09 18:34:54.962  1936  2059 D RilRequest: [3711]< SIM_IO error: com.android.internal.telephony.CommandException: GENERIC_FAILURE ret=
11-09 18:34:54.962  1936  1936 D RILJ    : [3712]> iccIO: SIM_IO 0xc0 0x6f4d  path: 3F007F25,0,0,15 aid: null [SUB0]
11-09 18:34:54.962  1313  1581 D RIL     : onRequest: SIM_IO
11-09 18:34:54.962  1313  1581 D AT      : AT> AT+CRSM=192,28493,0,0,15
11-09 18:34:54.962  1313  1583 D AT      : AT< ERROR: BAD COMMAND
11-09 18:34:54.962  1936  2059 D RilRequest: [3712]< SIM_IO error: com.android.internal.telephony.CommandException: GENERIC_FAILURE ret=
11-09 18:34:54.963  1936  1936 D RuimRecords: [RuimRecords] fetchRuimRecords 10 requested: true
11-09 18:34:54.963  1936  1936 D RILJ    : [3713]> RIL_REQUEST_CDMA_SUBSCRIPTION [SUB0]
11-09 18:34:54.963  1313  1581 D RIL     : onRequest: CDMA_SUBSCRIPTION
11-09 18:34:54.963  1313  1581 D RIL     : Request not supported. Tech: 1
11-09 18:34:54.963  1936  2059 D RilRequest: [3713]< RIL_REQUEST_CDMA_SUBSCRIPTION error: com.android.internal.telephony.CommandException: REQUEST_NOT_SUPPORTED ret=
11-09 18:34:54.963  1936  1936 D DCT     : [0]handleMessage msg={ when=-153ms what=270369 obj=android.os.AsyncResult@847b783 target=com.android.internal.telephony.dataconnection.DcTracker }
11-09 18:34:54.963  1936  1936 D SubscriptionController: [getSubId]- sSlotIdxToSubId.size == 0, return DummySubIds slotIdx=0
11-09 18:34:54.963  1936  1936 D GsmSMSDispatcher: GsmSMSDispatcher: subId = -2 slotId = 0
11-09 18:34:54.963  1936  1936 E IccCardProxy: setExternalState: !override and newstate unchanged from READY
11-09 18:34:54.963  1936  1936 D CAT     : CatService: handleMessage[8]
11-09 18:34:54.963  1936  1936 D CAT     : CatService: MSG_ID_ICC_CHANGED
11-09 18:34:54.963  1936  1936 D CAT     : CatService: New Card State = CARDSTATE_PRESENT Old Card State = CARDSTATE_PRESENT
11-09 18:34:54.963  1936  1936 D UiccCardApplication: Error in querying facility lock:com.android.internal.telephony.CommandException: REQUEST_NOT_SUPPORTED
11-09 18:34:54.963  1936  1936 D UiccCardApplication: Error in querying facility lock:com.android.internal.telephony.CommandException: REQUEST_NOT_SUPPORTED
11-09 18:34:54.963  1936  1936 D DctController: handleMessage msg={ when=-150ms what=107 target=com.android.internal.telephony.dataconnection.DctController }
11-09 18:34:54.963  1936  1936 D DctController: onSubInfoReady mPhoneNum=1
11-09 18:34:54.963  1936  1936 D SubscriptionController: [getSubId]- sSlotIdxToSubId.size == 0, return DummySubIds slotIdx=0
11-09 18:34:54.963  1936  1936 D DctController: onSubInfoReady handle pending requests subId=-2
11-09 18:34:54.963  1936  1936 D SubscriptionController: [getSubId]- sSlotIdxToSubId.size == 0, return DummySubIds slotIdx=0
11-09 18:34:54.963  1936  1936 D DctController: [TNF -2]evalPendingRequest, pending request size is 1
11-09 18:34:54.963  1936  1936 D SubscriptionController: [getSubId]- sSlotIdxToSubId.size == 0, return DummySubIds slotIdx=0
11-09 18:34:54.963  1936  1936 D DctController: [TNF -2]evalPendingRequest: request = NetworkRequest [ id=1, legacyType=-1, [ Capabilities: INTERNET&NOT_RESTRICTED&TRUSTED&NOT_VPN] ]
11-09 18:34:54.964  1936  1936 D SubscriptionController: [getSubId]- sSlotIdxToSubId.size == 0, return DummySubIds slotIdx=0
11-09 18:34:54.964  1936  1936 D DctController: [TNF -2]Cellular needs Network for NetworkRequest [ id=1, legacyType=-1, [ Capabilities: INTERNET&NOT_RESTRICTED&TRUSTED&NOT_VPN] ]
11-09 18:34:54.964  1936  1936 D SubscriptionController: [getSubId]- sSlotIdxToSubId.size == 0, return DummySubIds slotIdx=0
11-09 18:34:54.964  1936  1936 D SubscriptionController: [getSubId]- sSlotIdxToSubId.size == 0, return DummySubIds slotIdx=0
11-09 18:34:54.964  1936  1936 D DctController: [TNF -2]Request not useable, pending request.
11-09 18:34:54.964  1936  1936 D DctController: processRequests
11-09 18:34:54.974  1936  1936 D SubscriptionController: [getSubId]- sSlotIdxToSubId.size == 0, return DummySubIds slotIdx=0
11-09 18:34:54.974  1936  1936 D DCT     : [0]getDataOnRoamingEnabled: phoneSubId=-2 isDataRoamingEnabled=false
11-09 18:34:54.974  1936  1936 D SubscriptionController: [getSubId]- sSlotIdxToSubId.size == 0, return DummySubIds slotIdx=0
11-09 18:34:54.974  1936  1936 D DCT     : [0]getDataOnRoamingEnabled: phoneSubId=-2 isDataRoamingEnabled=false
11-09 18:34:54.974  1936  1936 D SubscriptionController: [getSubId]- sSlotIdxToSubId.size == 0, return DummySubIds slotIdx=0
11-09 18:34:54.974  1936  1936 D DCT     : [0]getDataOnRoamingEnabled: phoneSubId=-2 isDataRoamingEnabled=false
11-09 18:34:54.974  1936  1936 D SubscriptionController: [getSubId]- sSlotIdxToSubId.size == 0, return DummySubIds slotIdx=0
11-09 18:34:54.974  1936  1936 D DCT     : [0]getDataOnRoamingEnabled: phoneSubId=-2 isDataRoamingEnabled=false
11-09 18:34:54.974  1936  1936 D SubscriptionController: [getSubId]- sSlotIdxToSubId.size == 0, return DummySubIds slotIdx=0
11-09 18:34:54.974  1936  1936 D DCT     : [0]getDataOnRoamingEnabled: phoneSubId=-2 isDataRoamingEnabled=false
11-09 18:34:54.974  1936  1936 D SubscriptionController: [getSubId]- sSlotIdxToSubId.size == 0, return DummySubIds slotIdx=0
11-09 18:34:54.985  1936  1949 I liblog  : 31
11-09 18:34:54.985  1936  1949 D SubscriptionController: [getActiveSubInfoList]+
11-09 18:34:54.985  1584  2067 I AccountManagerService: getTypesVisibleToCaller: isPermitted? true
11-09 18:34:54.986  1313  1581 I liblog  : 36
11-09 18:34:54.986  1313  1581 D RIL     : onRequest: SIM_IO
11-09 18:34:54.986  1313  1581 D AT      : AT> AT+CRSM=176,28438,0,0,2
11-09 18:34:54.986  1313  1583 D AT      : AT< +CRSM: 144,0,0233
11-09 18:34:54.986  1313  1583 D AT      : AT< OK
11-09 18:34:54.986  1936  2059 D RILJ    : [3723]< SIM_IO IccIoResponse sw1:0x90 sw2:0x0 [SUB0]
11-09 18:34:54.987  1936  1936 E GsmSST  : [GsmSST] error parsing GprsRegistrationState: java.lang.NumberFormatException: Invalid int: "null"
11-09 18:34:54.987  1936  1936 D PHONE   : [ServiceState] setDataRegState=0
11-09 18:34:54.987  1936  1936 D PHONE   : [ServiceState] setDataRadioTechnology=14
11-09 18:34:54.987  1936  1936 D GsmSST  : [GsmSST] handlPollStateResultMessage: GsmSST setDataRegState=0 regState=1 dataRadioTechnology=14
11-09 18:34:54.987  1936  1936 D PHONE   : [ServiceState] setVoiceRegState=0
11-09 18:34:54.987  1936  1936 E PHONE   : [ServiceState] setState deprecated use setVoiceRegState()
11-09 18:34:54.987  1936  1936 D SubscriptionController: [getSubId]- sSlotIdxToSubId.size == 0, return DummySubIds slotIdx=0
11-09 18:34:54.987  1936  1936 D GsmSST  : [GsmSST] Poll ServiceState done:  oldSS=[0 0 voice home data home Android Android 310260 Android Android 310260  Unknown LTE CSS not supported -1 -1 RoamInd=-1 DefRoamInd=-1 EmergOnly=false IsDataRoamingFromRegistration=false] newSS=[0 0 voice home data home Android Android 310260 Android Android 310260  Unknown LTE CSS not supported -1 -1 RoamInd=-1 DefRoamInd=-1 EmergOnly=false IsDataRoamingFromRegistration=false] oldMaxDataCalls=1 mNewMaxDataCalls=1 oldReasonDataDenied=-1 mNewReasonDataDenied=-1
11-09 18:34:54.987  1936  1936 D PHONE   : [ServiceState] setNullState=1
11-09 18:34:54.987  1936  1936 D SubscriptionInfoUpdater: [Receiver]+
11-09 18:34:54.987  1936  1936 D SubscriptionInfoUpdater: Action: android.intent.action.SIM_STATE_CHANGED
11-09 18:34:54.987  1936  1936 D SubscriptionInfoUpdater: slotId: 0
11-09 18:34:54.987  1936  1936 D SubscriptionInfoUpdater: simStatus: READY
11-09 18:34:54.987  1936  1936 D SubscriptionInfoUpdater: Ignoring simStatus: READY
11-09 18:34:54.987  1936  1936 D SubscriptionInfoUpdater: [Receiver]-
11-09 18:34:54.987  1936  1936 D RuimRecords: [RuimRecords] NO update mccmnc=310260
11-09 18:34:54.987  1936  1936 D RuimRecords: [RuimRecords] onRecordLoaded 9 requested: true
11-09 18:34:54.988  1936  1936 D RILJ    : [3724]> iccIO: SIM_IO 0xb0 0x2fe2  path: 3F00,0,0,10 aid: null [SUB0]
11-09 18:34:54.988  1313  1581 D RIL     : onRequest: SIM_IO
11-09 18:34:54.988  1313  1581 D AT      : AT> AT+CRSM=176,12258,0,0,10
11-09 18:34:54.989  1313  1583 D AT      : AT< +CRSM: 144,0,98101430121181157002
11-09 18:34:54.989  1313  1583 D AT      : AT< OK
11-09 18:34:54.989  1936  2059 D RILJ    : [3724]< SIM_IO IccIoResponse sw1:0x90 sw2:0x0 [SUB0]
11-09 18:34:54.990  1936  1936 D DctController: handleMessage msg={ when=-26ms what=100 target=com.android.internal.telephony.dataconnection.DctController }
11-09 18:34:54.990  1936  1936 D SubscriptionController: [getPhoneId]- no sims, returning default phoneId=2147483647
11-09 18:34:54.990  1936  1936 D DctController: getTopPriorityRequestPhoneId: RequestInfo list is empty, use Dds sub phone id
11-09 18:34:54.990  1936  1936 D DctController: getTopPriorityRequestPhoneId = 2147483647, priority = -1
11-09 18:34:54.990  1936  1936 D DcSwitchAsyncChannel: [DcSwitchAsyncChannel-0]: rspIsIdle=false
11-09 18:34:54.990  1936  1936 D DctController: onProcessRequest phoneId=2147483647, activePhoneId=0
11-09 18:34:54.990  1936  2116 D DcSwitchSM: [DcSwitchStateMachine-0] AttachedState: REQ_DISCONNECT_ALL
11-09 18:34:54.990  1936  2116 D DctController: releaseAllRequests, phone:0
11-09 18:34:54.990  1936  2116 D DcSwitchSM: [DcSwitchStateMachine-0] DetachingState: enter
11-09 18:34:54.990  1936  2116 D RILJ    : [3725]> RIL_REQUEST_ALLOW_DATA allowed: false [SUB0]
11-09 18:34:54.990  1313  1581 D RIL     : onRequest: ALLOW_DATA
11-09 18:34:54.990  1313  1581 D RIL     : Request not supported. Tech: 1
11-09 18:34:54.991  1936  2059 D RilRequest: [3725]< RIL_REQUEST_ALLOW_DATA error: com.android.internal.telephony.CommandException: REQUEST_NOT_SUPPORTED ret=
11-09 18:34:54.991  1936  2116 E DcSwitchStateMachine-0: EVENT_DATA_DISALLOWED failed, com.android.internal.telephony.CommandException: REQUEST_NOT_SUPPORTED
11-09 18:34:54.991  1936  2116 D DcSwitchSM: [DcSwitchStateMachine-0] AttachedState: enter
11-09 18:34:54.991  1936  2116 D DctController: executeAllRequests, phone:0
11-09 18:34:54.991  1936  1936 D SubscriptionController: [getSubId]- sSlotIdxToSubId.size == 0, return DummySubIds slotIdx=0
11-09 18:34:54.991  1936  1936 D IccCardProxy: broadcastIccStateChangedIntent intent ACTION_SIM_STATE_CHANGED value=IMSI reason=null for mPhoneId=0
11-09 18:34:54.992  1936  1936 D SIMRecords: [SIMRecords] onRecordLoaded 15 requested: true
11-09 18:34:54.992  1936  1936 D RILJ    : [3726]> iccIO: SIM_IO 0xc0 0x6f14  path: 3F007F20,0,0,15 aid: null [SUB0]
11-09 18:34:54.992  1313  1581 D RIL     : onRequest: SIM_IO
11-09 18:34:54.994  1313  1581 D AT      : AT> AT+CRSM=192,28436,0,0,15
11-09 18:34:54.994  1936  1936 D SIMRecords: [SIMRecords] onRecordLoaded 15 requested: true
11-09 18:34:54.994  1936  1936 D SIMRecords: [SIMRecords] onRecordLoaded 14 requested: true
11-09 18:34:54.994  1936  1936 E SIMRecords: [SIMRecords] Exception in fetching EF_CSP data com.android.internal.telephony.CommandException: GENERIC_FAILURE
11-09 18:34:54.994  1936  1936 D SIMRecords: [SIMRecords] onRecordLoaded 13 requested: true
11-09 18:34:54.994  1936  1936 E SIMRecords: [SIMRecords] Exception in get GID1 com.android.internal.telephony.CommandException: GENERIC_FAILURE
11-09 18:34:54.994  1936  1936 D SIMRecords: [SIMRecords] onRecordLoaded 12 requested: true
11-09 18:34:54.994  1936  1936 E SIMRecords: [SIMRecords] Exception in get GID2 com.android.internal.telephony.CommandException: GENERIC_FAILURE
11-09 18:34:54.994  1936  1936 D SIMRecords: [SIMRecords] onRecordLoaded 11 requested: true
11-09 18:34:55.031  1936  1936 I liblog  : 34
11-09 18:34:55.031  1936  1936 D SIMRecords: [SIMRecords] onRecordLoaded 10 requested: true
11-09 18:34:55.031  1936  1936 D SIMRecords: [SIMRecords] EF_AD: 00000003
11-09 18:34:55.031  1936  1936 D SIMRecords: [SIMRecords] setting4 mMncLength=3
11-09 18:34:55.031  1936  1936 D SIMRecords: [SIMRecords] update mccmnc=310260
11-09 18:34:55.031  1936  1936 D MccTable: updateMccMncConfiguration mccmnc='310260' fromServiceState=false
11-09 18:34:55.031  1313  1581 I liblog  : 2
11-09 18:34:55.031  1313  1581 D RIL     : onRequest: SIM_IO
11-09 18:34:55.031  1313  1581 D AT      : AT> AT+CRSM=192,28615,0,0,15
11-09 18:34:55.031  1313  1583 D AT      : AT< +CRSM: 144,0,000000406fc7040011a0aa01020120
11-09 18:34:55.031  1313  1583 D AT      : AT< OK
11-09 18:34:55.033  1936  2059 D RILJ    : [3727]< SIM_IO IccIoResponse sw1:0x90 sw2:0x0 [SUB0]
11-09 18:34:55.035  1936  1936 D SubscriptionController: [getPhoneId]- no sims, returning default phoneId=2147483647
11-09 18:34:55.035  1936  1936 D MccTable: updateMccMncConfiguration defaultMccMnc=
11-09 18:34:55.035  1936  1936 D MccTable: updateMccMncConfiguration: mcc=310, mnc=260
11-09 18:34:55.035  1936  1936 D MccTable: updateMccMncConfiguration updateConfig config={1.0 310mcc260mnc ?locale ?layoutDir ?swdp ?wdp ?hdp ?density ?lsize ?long ?orien ?uimode ?night ?touch ?keyb/?/? ?nav/?}
11-09 18:34:55.035  1584  1954 I configuration_changed: 3
11-09 18:34:55.035  1584  1954 I ActivityManager: Config changes=3 {1.0 310mcc260mnc en_US ldltr sw360dp w360dp h568dp 480dpi nrml port finger -keyb/v/h dpad/v s.6}
11-09 18:34:55.054  1231  1303 I liblog  : 1
11-09 18:34:55.054  1231  1303 D PermissionCache: checking android.permission.READ_FRAME_BUFFER for uid=1000 => granted (54 us)
11-09 18:34:55.054  1231  1303 D gralloc_ranchu: gralloc_alloc: Creating ashmem region of size 8294400
11-09 18:34:55.056  1936  2139 D SubscriptionController: [getPhoneId]- no sims, returning default phoneId=2147483647
11-09 18:34:55.059  1936  1949 D SubscriptionController: [getActiveSubInfoList] Sub Controller not ready
11-09 18:34:55.063  1584  1597 D GpsLocationProvider: SIM MCC/MNC is still not available
11-09 18:34:55.064  1584  1597 D GpsLocationProvider: received SIM related action: 
11-09 18:34:55.067  1936  2139 D SubscriptionController: [getPhoneId]- no sims, returning default phoneId=2147483647
11-09 18:34:55.067  1584  1597 D GpsLocationProvider: SIM MCC/MNC is still not available
11-09 18:34:55.067  1584  1597 D GpsLocationProvider: received SIM related action: 
11-09 18:34:55.067  1936  2139 D SubscriptionController: [getPhoneId]- no sims, returning default phoneId=2147483647
11-09 18:34:55.067  1584  1597 D GpsLocationProvider: SIM MCC/MNC is still not available
11-09 18:34:55.074  1936  1950 D SubscriptionController: [getActiveSubInfoList]+
11-09 18:34:55.075  1936  1950 D SubscriptionController: [getActiveSubInfoList] Sub Controller not ready
11-09 18:34:55.075  1936  2139 D SubscriptionController: [getActiveSubInfoList]+
11-09 18:34:55.075  1936  2139 D SubscriptionController: [getActiveSubInfoList] Sub Controller not ready
11-09 18:34:55.078  1231  1231 E EGL_emulation: tid 1231: eglCreateSyncKHR(1881): error 0x3004 (EGL_BAD_ATTRIBUTE)
11-09 18:34:55.085  1584  1954 I am_relaunch_resume_activity: [0,223623546,560,com.android.launcher3/.Launcher]
11-09 18:34:55.092  1936  1936 D SIMRecords: [SIMRecords] onRecordLoaded 9 requested: true
11-09 18:34:55.092  1936  1936 D SIMRecords: [SIMRecords] EF_MWIS : 0000000000
11-09 18:34:55.092  1936  1936 D SIMRecords: [SIMRecords] onRecordLoaded 8 requested: true
11-09 18:34:55.092  1936  1936 D SIMRecords: [SIMRecords] EF_CPHS_MWI: 55
11-09 18:34:55.092  1936  1936 D SIMRecords: [SIMRecords] onRecordLoaded 7 requested: true
11-09 18:34:55.092  1936  1936 D SIMRecords: [SIMRecords] EF_CFF_CPHS: 55
11-09 18:34:55.093  1936  1936 D SIMRecords: [SIMRecords] onRecordLoaded 6 requested: true
11-09 18:34:55.093  1936  1936 D SIMRecords: [SIMRecords] onRecordLoaded 5 requested: true
11-09 18:34:55.093  1936  1936 D SIMRecords: [SIMRecords] SST: UsimServiceTable[120]={ PHONEBOOK, FDN, FDN_EXTENSION, SDN, SDN_EXTENSION, BDN, BDN_EXTENSION, OUTGOING_CALL_INFO, ADVICE_OF_CHARGE, CAP_CONFIG_PARAMS_2, GROUP_ID_LEVEL_1, GROUP_ID_LEVEL_2, SPN, USER_PLMN_SELECT, MSISDN, IMAGE, LOCALISED_SERVICE_AREAS, EMLPP, EMLPP_AUTO_ANSWER, RFU, GSM_ACCESS, DATA_DL_VIA_SMS_PP, DATA_DL_VIA_SMS_CB, CALL_CONTROL_BY_USIM, MO_SMS_CONTROL_BY_USIM, RUN_AT_COMMAND, APN_CONTROL_LIST, DEPERSONALISATION_CONTROL_KEYS, COOPERATIVE_NETWORK_LIST, GSM_SECURITY_CONTEXT, SERVICE_PROVIDER_DISPLAY_INFO, MMS_NOTIFICATION, MMS_NOTIFICATION_EXTENSION, GPRS_CALL_CONTROL_BY_USIM, VGCS_GROUP_ID_LIST, VBS_GROUP_ID_LIST, OMA_BCAST_PROFILE, GBA_LOCAL_KEY_ESTABLISHMENT, #101, #102, #103, #104, #105, #106, #107, #108, #109, #110 }
11-09 18:34:55.093  1936  1936 D SIMRecords: [SIMRecords] onRecordLoaded 4 requested: true
11-09 18:34:55.093  1936  1936 D SIMRecords: [SIMRecords] iCPHS: 0233
11-09 18:34:55.093  1936  1936 D SIMRecords: [SIMRecords] onRecordLoaded 3 requested: true
11-09 18:34:55.093  1936  1936 D RuimRecords: [RuimRecords] iccid: 89014103211118510720
11-09 18:34:55.093  1936  1936 D RuimRecords: [RuimRecords] onRecordLoaded 0 requested: true
11-09 18:34:55.093  1936  1936 D RuimRecords: [RuimRecords] record load complete
11-09 18:34:55.095  1936  1936 D SubscriptionInfoUpdater: [Receiver]+
11-09 18:34:55.095  1936  1936 D SubscriptionInfoUpdater: Action: android.intent.action.SIM_STATE_CHANGED
11-09 18:34:55.095  1936  1936 D SubscriptionInfoUpdater: slotId: 0
11-09 18:34:55.095  1936  1936 D SubscriptionInfoUpdater: simStatus: IMSI
11-09 18:34:55.095  1936  1936 D SubscriptionInfoUpdater: Ignoring simStatus: IMSI
11-09 18:34:55.095  1936  1936 D SubscriptionInfoUpdater: [Receiver]-
11-09 18:34:55.095  1936  1936 D RILJ    : [3728]> iccIO: SIM_IO 0xb0 0x6f14  path: 3F007F20,0,0,20 aid: null [SUB0]
11-09 18:34:55.097  1936  1936 D SIMRecords: [SIMRecords] MSISDN: xxxxxxx
11-09 18:34:55.097  1936  1936 D SIMRecords: [SIMRecords] onRecordLoaded 2 requested: true
11-09 18:34:55.097  1936  1936 D RILJ    : [3729]> iccIO: SIM_IO 0xb2 0x6fc7  path: 3F007F20,1,4,32 aid: null [SUB0]
11-09 18:34:55.097  1313  1581 D RIL     : onRequest: SIM_IO
11-09 18:34:55.097  1313  1581 D AT      : AT> AT+CRSM=176,28436,0,0,20
11-09 18:34:55.097  1313  1583 D AT      : AT< +CRSM: 144,0,416e64726f6964ffffffffffffffffffffffffff
11-09 18:34:55.097  1313  1583 D AT      : AT< OK
11-09 18:34:55.097  1936  2059 D RILJ    : [3728]< SIM_IO IccIoResponse sw1:0x90 sw2:0x0 [SUB0]
11-09 18:34:55.102  1313  1581 D RIL     : onRequest: SIM_IO
11-09 18:34:55.102  1313  1581 D AT      : AT> AT+CRSM=178,28615,1,4,32
11-09 18:34:55.102  1313  1583 D AT      : AT< +CRSM: 144,0,566f6963656d61696cffffffffffffffffff07915155125740f9ffffffffffff
11-09 18:34:55.102  1313  1583 D AT      : AT< OK
11-09 18:34:55.102  1956  1956 I am_on_paused_called: [0,com.android.launcher3.Launcher]
11-09 18:34:55.103  1936  2059 D RILJ    : [3729]< SIM_IO IccIoResponse sw1:0x90 sw2:0x0 [SUB0]
11-09 18:34:55.106  1936  1950 D DCT     : [0]hasMatchedTetherApnSetting: APN=null
11-09 18:34:55.111  1697  1697 I Choreographer: Skipped 43 frames!  The application may be doing too much work on its main thread.
11-09 18:34:55.112  1697  1697 D ViewRootImpl: changeCanvasOpacity: opaque=true
11-09 18:34:55.126  1584  1584 V BackupManagerService: Connected to transport ComponentInfo{com.google.android.gms/com.google.android.gms.backup.BackupTransportService}
11-09 18:34:55.127  1584  1584 V BackupManagerService: Registering transport com.google.android.gms/.backup.BackupTransportService::com.google.android.gms/.backup.BackupTransportService = com.android.internal.backup.IBackupTransport$Stub$Proxy@1a28cf0
11-09 18:34:55.128  1584  1584 I backup_transport_lifecycle: [com.google.android.gms/.backup.BackupTransportService,1]
11-09 18:34:55.130  1956  2152 D EGL_emulation: eglMakeCurrent: 0xae4145a0: ver 2 0 (tinfo 0xae412710)
11-09 18:34:55.133  1956  2152 E Surface : getSlotFromBufferLocked: unknown buffer: 0xaaa89640
11-09 18:34:55.134  2054  2066 I FA-SVC  : App measurement is starting up, version: 11509
11-09 18:34:55.147  1956  1956 W Launcher: setApplicationContext called twice! old=android.app.Application@b4908aa new=android.app.Application@b4908aa
11-09 18:34:55.149  1231  1231 I sf_frame_dur: [com.android.launcher3/com.android.launcher3.Launcher,6,2,1,0,0,0,0]
