11-09 18:34:52.025  1584  1584 I SELinux : SELinux: Loaded file_contexts contexts from /file_contexts.
11-09 18:34:52.048  1584  1584 W PackageParser: Unknown element under <manifest>: meta-data at /data/app/com.github.uiautomator-1/base.apk Binary XML file line #35
11-09 18:34:52.056  1584  1584 D PackageManager: No files in app dir /data/app-private
11-09 18:34:52.056  1584  1584 W PackageManager: Package com.google.android.gms desires unavailable shared library com.google.android.ble; ignoring!
11-09 18:34:52.056  1584  1584 W PackageManager: Package com.google.android.gms desires unavailable shared library com.google.android.wearable; ignoring!
11-09 18:34:52.056  1584  1584 W PackageManager: Package com.example.android.apis desires unavailable shared library com.example.will.never.exist; ignoring!
11-09 18:34:52.056  1584  1584 I PackageManager: Adjusting ABI for : com.google.android.gsf.login to x86
11-09 18:34:52.057  1584  1584 I PackageManager: Adjusting ABI for : com.google.android.gsf to x86
11-09 18:34:52.057  1584  1584 I PackageManager: Adjusting ABI for : com.android.providers.settings to x86
11-09 18:34:52.057  1584  1584 I PackageManager: Adjusting ABI for : com.android.location.fused to x86
11-09 18:34:52.057  1584  1584 I PackageManager: Adjusting ABI for : com.android.server.telecom to x86
11-09 18:34:52.057  1584  1584 I PackageManager: Adjusting ABI for : com.android.keychain to x86
11-09 18:34:52.057  1584  1584 I PackageManager: Adjusting ABI for : com.android.settings to x86
11-09 18:34:52.057  1584  1584 I PackageManager: Adjusting ABI for : com.android.inputdevices to x86
11-09 18:34:52.058  1584  1584 I boot_progress_pms_scan_end: 4058
11-09 18:34:52.058  1584  1584 I PackageManager: Time to scan packages: 0.564 seconds
11-09 18:34:52.058  1584  1584 W PackageManager: Not granting permission android.permission.WRITE_EXTERNAL_STORAGE to package com.netease.atx.assistant because it was previously installed without
11-09 18:34:52.059  1584  1584 W PackageManager: Not granting permission android.permission.READ_EXTERNAL_STORAGE to package com.netease.atx.assistant because it was previously installed without
11-09 18:34:52.059  1584  1584 W PackageManager: Unknown permission com.google.android.voicesearch.SHORTCUTS_ACCESS in package com.google.android.googlequicksearchbox
11-09 18:34:52.059  1584  1584 W PackageManager: Unknown permission com.google.android.voicesearch.ACCESS_SETTINGS in package com.google.android.googlequicksearchbox
11-09 18:34:52.059  1584  1584 W PackageManager: Unknown permission com.google.android.ears.permission.WRITE in package com.google.android.googlequicksearchbox
11-09 18:34:52.059  1584  1584 W PackageManager: Unknown permission com.google.android.apps.googlevoice.permission.AUTO_SEND in package com.google.android.googlequicksearchbox
11-09 18:34:52.059  1584  1584 W PackageManager: Unknown permission com.google.android.gm.permission.AUTO_SEND in package com.google.android.googlequicksearchbox
11-09 18:34:52.059  1584  1584 W PackageManager: Unknown permission com.google.android.hangouts.START_HANGOUT in package com.google.android.googlequicksearchbox
11-09 18:34:52.059  1584  1584 W PackageManager: Unknown permission com.android.chrome.PRERENDER_URL in package com.google.android.googlequicksearchbox
11-09 18:34:52.059  1584  1584 W PackageManager: Unknown permission com.google.android.launcher.permission.CONTENT_REDIRECT in package com.google.android.googlequicksearchbox
11-09 18:34:52.059  1584  1584 W PackageManager: Not granting permission com.google.android.googleapps.permission.GOOGLE_AUTH to package com.android.providers.calendar (protectionLevel=2 flags=0x30083e45)
11-09 18:34:52.059  1584  1584 W PackageManager: Not granting permission com.google.android.googleapps.permission.GOOGLE_AUTH.cl to package com.android.providers.calendar (protectionLevel=2 flags=0x30083e45)
11-09 18:34:52.059  1584  1584 W PackageManager: Not granting permission android.permission.MOUNT_UNMOUNT_FILESYSTEMS to package com.example.crashtest (protectionLevel=18 flags=0x3808be44)
11-09 18:34:52.059  1584  1584 W PackageManager: Not granting permission android.permission.ACCESS_DOWNLOAD_MANAGER to package com.android.browser (protectionLevel=18 flags=0x3809be45)
11-09 18:34:52.059  1584  1584 W PackageManager: Not granting permission android.permission.SEND_DOWNLOAD_COMPLETED_INTENTS to package com.android.browser (protectionLevel=2 flags=0x3809be45)
11-09 18:34:52.059  1584  1584 W PackageManager: Unknown permission com.android.launcher.permission.READ_SETTINGS in package com.android.launcher3
11-09 18:34:52.059  1584  1584 W PackageManager: Unknown permission com.android.launcher.permission.WRITE_SETTINGS in package com.android.launcher3
11-09 18:34:52.059  1584  1584 W PackageManager: Not granting permission com.google.android.googleapps.permission.GOOGLE_AUTH.mail to package com.android.calendar (protectionLevel=2 flags=0x3009be45)
11-09 18:34:52.059  1584  1584 W PackageManager: Unknown permission android.permission.MANAGE_SOUND_TRIGGER in package com.google.android.gms
11-09 18:34:52.059  1584  1584 W PackageManager: Unknown permission android.permission.DISPATCH_PROVISIONING_MESSAGE in package com.google.android.gms
11-09 18:34:52.059  1584  1584 W PackageManager: Unknown permission com.google.android.apps.enterprise.dmagent.permission.AutoSyncPermission in package com.google.android.gms
11-09 18:34:52.059  1584  1584 W PackageManager: Unknown permission android.permission.CONNECTIVITY_USE_RESTRICTED_NETWORKS in package com.google.android.gms
11-09 18:34:52.059  1584  1584 W PackageManager: Unknown permission android.permission.SEND_SMS_NO_CONFIRMATION in package com.google.android.gms
11-09 18:34:52.059  1584  1584 W PackageManager: Unknown permission com.google.android.finsky.permission.INSTANT_APP_STATE in package com.google.android.gms
11-09 18:34:52.059  1584  1584 W PackageManager: Unknown permission android.permission.TETHER_PRIVILEGED in package com.google.android.gms
11-09 18:34:52.059  1584  1584 W PackageManager: Unknown permission com.google.android.hangouts.START_HANGOUT in package com.google.android.gms
11-09 18:34:52.059  1584  1584 W PackageManager: Unknown permission android.permission.READ_OEM_UNLOCK_STATE in package com.google.android.gms
11-09 18:34:52.059  1584  1584 W PackageManager: Unknown permission com.google.android.finsky.permission.GEARHEAD_SERVICE in package com.google.android.gms
11-09 18:34:52.059  1584  1584 W PackageManager: Unknown permission com.google.android.permission.ACCESSIBILITY_SCAN_SERVICE in package com.google.android.gms
11-09 18:34:52.059  1584  1584 W PackageManager: Unknown permission android.permission.ACTIVITY_EMBEDDING in package com.google.android.gms
11-09 18:34:52.059  1584  1584 W PackageManager: Unknown permission android.permission.PROVIDE_RESOLVER_RANKER_SERVICE in package com.google.android.gms
11-09 18:34:52.059  1584  1584 W PackageManager: Unknown permission com.google.android.wearable.READ_SETTINGS in package com.google.android.gms
11-09 18:34:52.059  1584  1584 W PackageManager: Unknown permission android.permission.SUBSTITUTE_NOTIFICATION_APP_NAME in package com.google.android.gms
11-09 18:34:52.059  1584  1584 W PackageManager: Unknown permission android.permission.MANAGE_SUBSCRIPTION_PLANS in package com.google.android.gms
11-09 18:34:52.059  1584  1584 W PackageManager: Unknown permission com.android.vending.setup.PLAY_SETUP_SERVICE in package com.google.android.gms
11-09 18:34:52.059  1584  1584 W PackageManager: Unknown permission com.google.android.vending.verifier.ACCESS_VERIFIER in package com.google.android.gms
11-09 18:34:52.059  1584  1584 W PackageManager: Unknown permission com.google.android.gm.permission.READ_GMAIL in package com.google.android.gms
11-09 18:34:52.060  1584  1584 W PackageManager: Not granting permission android.permission.DELETE_PACKAGES to package com.svox.pico (protectionLevel=18 flags=0x3808be45)
11-09 18:34:52.060  1584  1584 W PackageManager: Not granting permission android.permission.READ_CONTACTS to package com.example.android.apis because it was previously installed without
11-09 18:34:52.060  1584  1584 W PackageManager: Not granting permission android.permission.WRITE_CONTACTS to package com.example.android.apis because it was previously installed without
11-09 18:34:52.060  1584  1584 W PackageManager: Not granting permission android.permission.ACCESS_COARSE_LOCATION to package com.example.android.apis because it was previously installed without
11-09 18:34:52.060  1584  1584 W PackageManager: Not granting permission android.permission.WRITE_EXTERNAL_STORAGE to package com.example.android.apis because it was previously installed without
11-09 18:34:52.060  1584  1584 W PackageManager: Not granting permission android.permission.SEND_SMS to package com.example.android.apis because it was previously installed without
11-09 18:34:52.060  1584  1584 W PackageManager: Not granting permission android.permission.RECEIVE_SMS to package com.example.android.apis because it was previously installed without
11-09 18:34:52.060  1584  1584 W PackageManager: Not granting permission android.permission.RECEIVE_MMS to package com.example.android.apis because it was previously installed without
11-09 18:34:52.060  1584  1584 W PackageManager: Not granting permission android.permission.READ_SMS to package com.example.android.apis because it was previously installed without
11-09 18:34:52.060  1584  1584 W PackageManager: Not granting permission android.permission.READ_PHONE_STATE to package com.example.android.apis because it was previously installed without
11-09 18:34:52.060  1584  1584 W PackageManager: Not granting permission android.permission.RECORD_AUDIO to package com.example.android.apis because it was previously installed without
11-09 18:34:52.060  1584  1584 W PackageManager: Not granting permission android.permission.CAMERA to package com.example.android.apis because it was previously installed without
11-09 18:34:52.060  1584  1584 W PackageManager: Not granting permission android.permission.READ_EXTERNAL_STORAGE to package com.example.android.apis because it was previously installed without
11-09 18:34:52.060  1584  1584 W PackageManager: Unknown permission com.google.android.gallery3d.permission.PICASA_STORE in package com.google.android.apps.photos
11-09 18:34:52.060  1584  1584 W PackageManager: Not granting permission android.permission.CONTROL_KEYGUARD to package com.google.android.gsf.login (protectionLevel=2 flags=0x3048be45)
11-09 18:34:52.060  1584  1584 W PackageManager: Unknown permission com.android.vending.billing.BILLING_ACCOUNT_SERVICE in package com.google.android.gsf.login
11-09 18:34:52.060  1584  1584 W PackageManager: Unknown permission com.android.vending.billing.ADD_CREDIT_CARD in package com.google.android.gsf.login
11-09 18:34:52.060  1584  1584 W PackageManager: Unknown permission com.android.vending.billing.IBillingAccountService.BIND2 in package com.google.android.gsf.login
11-09 18:34:52.060  1584  1584 W PackageManager: Unknown permission com.android.vending.TOS_ACKED in package com.google.android.gsf.login
11-09 18:34:52.060  1584  1584 W PackageManager: Unknown permission com.android.chrome.TOS_ACKED in package com.google.android.gsf.login
11-09 18:34:52.060  1584  1584 W PackageManager: Unknown permission com.android.launcher.permission.READ_SETTINGS in package com.android.settings
11-09 18:34:52.060  1584  1584 W PackageManager: Unknown permission com.android.launcher.permission.WRITE_SETTINGS in package com.android.settings
11-09 18:34:52.060  1584  1584 W PackageManager: Unknown permission com.android.smspush.WAPPUSH_MANAGER_BIND in package com.android.phone
11-09 18:34:52.060  1584  1584 W PackageManager: Not granting permission android.permission.BIND_APPWIDGET to package com.android.widgetpreview (protectionLevel=18 flags=0x1808be44)
11-09 18:34:52.082  1584  1584 I boot_progress_pms_ready: 4082
11-09 18:34:52.086  1584  1584 I art     : Starting a blocking GC Explicit
11-09 18:34:52.092  1584  1584 I art     : Explicit concurrent mark sweep GC freed 5636(520KB) AllocSpace objects, 3(60KB) LOS objects, 33% free, 4MB/6MB, paused 87us total 6.036ms
11-09 18:34:52.093  1584  1584 I SystemServer: User Service
11-09 18:34:52.096  1229  1229 I lowmemorykiller: ActivityManager connected
11-09 18:34:52.096  1584  1584 D SensorService: nuSensorService starting...
11-09 18:34:52.097  1584  1584 I SystemServiceManager: Starting com.android.server.BatteryService
11-09 18:34:52.098  1584  1610 D SensorService: new thread SensorEventAckReceiver
11-09 18:34:52.099  1584  1611 D SensorService: nuSensorService thread starting...
11-09 18:34:52.099     0     0 W healthd : battery l=100 v=0 t=0.0 h=2 st=2 chg=a
11-09 18:34:52.100  1584  1595 I battery_status: [2,2,1,1,Li-ion]
11-09 18:34:52.100  1584  1595 I battery_level: [100,0,0]
11-09 18:34:52.100  1584  1584 I SystemServiceManager: Starting com.android.server.usage.UsageStatsService
11-09 18:34:52.104  1584  1598 E KernelCpuSpeedReader: Failed to read cpu-freq
11-09 18:34:52.104  1584  1598 E KernelCpuSpeedReader: java.io.FileNotFoundException: /sys/devices/system/cpu/cpu0/cpufreq/stats/time_in_state: open failed: ENOENT (No such file or directory)
11-09 18:34:52.104  1584  1598 E KernelCpuSpeedReader: 	at libcore.io.IoBridge.open(IoBridge.java:452)
11-09 18:34:52.104  1584  1598 E KernelCpuSpeedReader: 	at java.io.FileInputStream.<init>(FileInputStream.java:76)
11-09 18:34:52.104  1584  1598 E KernelCpuSpeedReader: 	at java.io.FileInputStream.<init>(FileInputStream.java:103)
11-09 18:34:52.104  1584  1598 E KernelCpuSpeedReader: 	at java.io.FileReader.<init>(FileReader.java:66)
11-09 18:34:52.104  1584  1598 E KernelCpuSpeedReader: 	at com.android.internal.os.KernelCpuSpeedReader.readDelta(KernelCpuSpeedReader.java:49)
11-09 18:34:52.104  1584  1598 E KernelCpuSpeedReader: 	at com.android.internal.os.BatteryStatsImpl.updateCpuTimeLocked(BatteryStatsImpl.java:8002)
11-09 18:34:52.104  1584  1598 E KernelCpuSpeedReader: 	at com.android.internal.os.BatteryStatsImpl$MyHandler.handleMessage(BatteryStatsImpl.java:155)
11-09 18:34:52.104  1584  1598 E KernelCpuSpeedReader: 	at android.os.Handler.dispatchMessage(Handler.java:102)
11-09 18:34:52.104  1584  1598 E KernelCpuSpeedReader: 	at android.os.Looper.loop(Looper.java:148)
11-09 18:34:52.104  1584  1598 E KernelCpuSpeedReader: 	at android.os.HandlerThread.run(HandlerThread.java:61)
11-09 18:34:52.104  1584  1598 E KernelCpuSpeedReader: 	at com.android.server.ServiceThread.run(ServiceThread.java:46)
11-09 18:34:52.104  1584  1598 E KernelCpuSpeedReader: Caused by: android.system.ErrnoException: open failed: ENOENT (No such file or directory)
11-09 18:34:52.104  1584  1598 E KernelCpuSpeedReader: 	at libcore.io.Posix.open(Native Method)
11-09 18:34:52.104  1584  1598 E KernelCpuSpeedReader: 	at libcore.io.BlockGuardOs.open(BlockGuardOs.java:186)
11-09 18:34:52.104  1584  1598 E KernelCpuSpeedReader: 	at libcore.io.IoBridge.open(IoBridge.java:438)
11-09 18:34:52.104  1584  1598 E KernelCpuSpeedReader: 	... 10 more
11-09 18:34:52.104  1584  1598 E KernelUidCpuTimeReader: Failed to read uid_cputime
11-09 18:34:52.104  1584  1598 E KernelUidCpuTimeReader: java.io.FileNotFoundException: /proc/uid_cputime/show_uid_stat: open failed: ENOENT (No such file or directory)
11-09 18:34:52.104  1584  1598 E KernelUidCpuTimeReader: 	at libcore.io.IoBridge.open(IoBridge.java:452)
11-09 18:34:52.104  1584  1598 E KernelUidCpuTimeReader: 	at java.io.FileInputStream.<init>(FileInputStream.java:76)
11-09 18:34:52.104  1584  1598 E KernelUidCpuTimeReader: 	at java.io.FileInputStream.<init>(FileInputStream.java:103)
11-09 18:34:52.104  1584  1598 E KernelUidCpuTimeReader: 	at java.io.FileReader.<init>(FileReader.java:66)
11-09 18:34:52.104  1584  1598 E KernelUidCpuTimeReader: 	at com.android.internal.os.KernelUidCpuTimeReader.readDelta(KernelUidCpuTimeReader.java:71)
11-09 18:34:52.104  1584  1598 E KernelUidCpuTimeReader: 	at com.android.internal.os.BatteryStatsImpl.updateCpuTimeLocked(BatteryStatsImpl.java:8031)
11-09 18:34:52.104  1584  1598 E KernelUidCpuTimeReader: 	at com.android.internal.os.BatteryStatsImpl$MyHandler.handleMessage(BatteryStatsImpl.java:155)
11-09 18:34:52.104  1584  1598 E KernelUidCpuTimeReader: 	at android.os.Handler.dispatchMessage(Handler.java:102)
11-09 18:34:52.104  1584  1598 E KernelUidCpuTimeReader: 	at android.os.Looper.loop(Looper.java:148)
11-09 18:34:52.104  1584  1598 E KernelUidCpuTimeReader: 	at android.os.HandlerThread.run(HandlerThread.java:61)
11-09 18:34:52.104  1584  1598 E KernelUidCpuTimeReader: 	at com.android.server.ServiceThread.run(ServiceThread.java:46)
11-09 18:34:52.104  1584  1598 E KernelUidCpuTimeReader: Caused by: android.system.ErrnoException: open failed: ENOENT (No such file or directory)
11-09 18:34:52.104  1584  1598 E KernelUidCpuTimeReader: 	at libcore.io.Posix.open(Native Method)
11-09 18:34:52.104  1584  1598 E KernelUidCpuTimeReader: 	at libcore.io.BlockGuardOs.open(BlockGuardOs.java:186)
11-09 18:34:52.104  1584  1598 E KernelUidCpuTimeReader: 	at libcore.io.IoBridge.open(IoBridge.java:438)
11-09 18:34:52.104  1584  1598 E KernelUidCpuTimeReader: 	... 10 more
11-09 18:34:52.111  1584  1584 I SystemServiceManager: Starting com.android.server.webkit.WebViewUpdateService
11-09 18:34:52.113  1584  1584 I SystemServer: Reading configuration...
11-09 18:34:52.113  1584  1584 I SystemServer: Scheduling Policy
11-09 18:34:52.113  1584  1584 I SystemServiceManager: Starting com.android.server.telecom.TelecomLoaderService
11-09 18:34:52.113  1584  1584 I SystemServer: Telephony Registry
11-09 18:34:52.116  1584  1584 I SystemServer: Entropy Mixer
11-09 18:34:52.117  1584  1584 I EntropyMixer: Writing entropy...
11-09 18:34:52.119  1584  1584 I SystemServer: Camera Service
11-09 18:34:52.119  1584  1584 I SystemServiceManager: Starting com.android.server.camera.CameraService
11-09 18:34:52.121  1584  1614 I ServiceThread: Enabled StrictMode logging for CameraService_proxy looper.
11-09 18:34:52.121  1584  1584 I SystemServer: Account Manager
11-09 18:34:52.123  1584  1584 I SystemServer: Content Manager
11-09 18:34:52.124  1584  1584 I SystemServer: System Content Providers
11-09 18:34:52.125  1584  1584 W System  : ClassLoader referenced unknown path: /system/priv-app/SettingsProvider/lib/x86
11-09 18:34:52.143  1584  1584 I SystemServer: Vibrator Service
11-09 18:34:52.145  1584  1584 I SystemServer: Consumer IR Service
11-09 18:34:52.145  1584  1584 E ConsumerIrService: Can't open consumer IR HW Module, error: -2
11-09 18:34:52.146  1584  1584 I SystemServiceManager: Starting com.android.server.AlarmManagerService
11-09 18:34:52.147  1584  1584 W AlarmManagerService: no wall clock RTC found
11-09 18:34:52.147  1584  1584 D AlarmManagerService: Kernel timezone updated to -480 minutes west of GMT
11-09 18:34:52.148  1584  1584 I SystemServer: Init Watchdog
11-09 18:34:52.148  1584  1584 I SystemServer: Input Manager
11-09 18:34:52.148  1584  1584 I InputManager: Initializing input manager, mUseDevInputEventForAudioJack=false
11-09 18:34:52.150  1584  1584 I SystemServer: Window Manager
11-09 18:34:52.175  1584  1603 I WindowManager: No existing display settings /data/system/display_settings.xml; starting empty
11-09 18:34:52.200  1315  1315 I AudioPolicyService: AudioPolicyService CSTOR in new mode
11-09 18:34:52.202  1315  1315 I APM::ConfigParsingUtils: loadAudioPolicyConfig() loaded /system/etc/audio_policy.conf
11-09 18:34:52.205  1315  1315 D audio_hw_generic: Emulator host-side ALSA audio emulation detected.
11-09 18:34:52.205  1315  1315 D audio_hw_generic: mixer 0 name Master Playback Volume
11-09 18:34:52.205  1315  1315 D audio_hw_generic: set ctl 0 to 100
11-09 18:34:52.205  1315  1315 D audio_hw_generic: set ctl 1 to 100
11-09 18:34:52.205  1315  1315 D audio_hw_generic: mixer 1 name Master Playback Switch
11-09 18:34:52.205  1315  1315 D audio_hw_generic: set ctl 0 to 1
11-09 18:34:52.205  1315  1315 D audio_hw_generic: set ctl 1 to 1
11-09 18:34:52.205  1315  1315 D audio_hw_generic: mixer 2 name Capture Volume
11-09 18:34:52.205  1315  1315 D audio_hw_generic: set ctl 0 to 100
11-09 18:34:52.205  1315  1315 D audio_hw_generic: set ctl 1 to 100
11-09 18:34:52.206  1315  1315 D audio_hw_generic: mixer 3 name Capture Switch
11-09 18:34:52.206  1315  1315 D audio_hw_generic: set ctl 0 to 1
11-09 18:34:52.206  1315  1315 D audio_hw_generic: set ctl 1 to 1
11-09 18:34:52.206  1315  1315 D audio_hw_generic: mixer 4 name Line Phantom Jack
11-09 18:34:52.206  1315  1315 D audio_hw_generic: mixer 5 name Line Out Phantom Jack
11-09 18:34:52.206  1315  1315 D audio_hw_generic: mixer 6 name Playback Channel Map
11-09 18:34:52.206  1315  1315 D audio_hw_generic: mixer 7 name Capture Channel Map
11-09 18:34:52.206  1315  1315 I AudioFlinger: loadHwModule() Loaded primary audio interface from Generic audio HW HAL (audio) handle 1
11-09 18:34:52.206  1315  1315 I AudioFlinger: openOutput(), module 1 Device 2, SamplingRate 44100, Format 0x000001, Channels 3, flags 2
11-09 18:34:52.207  1315  1315 I AudioFlinger: AudioStreamOut::open(), mHalFormatIsLinearPcm = 1
11-09 18:34:52.208  1315  1315 W AudioFlinger: HAL output buffer size is 661 frames but AudioMixer requires multiples of 16 frames
11-09 18:34:52.208  1315  1315 I AudioFlinger: HAL output buffer size 661 frames, normal sink buffer size 1056 frames
11-09 18:34:52.218  1315  1315 I BufferProvider: found effect "Multichannel Downmix To Stereo" from The Android Open Source Project
11-09 18:34:52.219  1315  1315 E MonoPipe: Failed to fetch local time frequency when constructing a MonoPipe (res = -32).  getNextWriteTimestamp calls will be non-functional
11-09 18:34:52.220  1315  1621 I AudioFlinger: AudioFlinger's thread 0xb4380000 ready to run
11-09 18:34:52.220  1315  1315 I AudioFlinger: Using module 1 has the primary audio interface
11-09 18:34:52.221  1315  1621 E AudioFlinger: no wake lock to update!
11-09 18:34:52.226  1315  1624 I AudioFlinger: AudioFlinger's thread 0xb3ec0000 ready to run
11-09 18:34:52.227  1315  1315 E AudioFlinger: int android::load_audio_interface(const char*, audio_hw_device_t**) couldn't load audio hw module audio.r_submix (No such file or directory)
11-09 18:34:52.227  1315  1315 I AudioFlinger: loadHwModule() error -2 loading module r_submix 
11-09 18:34:52.227  1315  1315 W APM::AudioPolicyManager: could not open HW module r_submix
11-09 18:34:52.227  1315  1315 W APM::AudioPolicyManager: Input device 80000100 unreachable
11-09 18:34:52.228  1315  1315 E SoundTriggerHwService: couldn't load sound trigger module sound_trigger.primary (No such file or directory)
11-09 18:34:52.228  1315  1315 I RadioService: RadioService
11-09 18:34:52.228  1315  1315 I RadioService: onFirstRef
11-09 18:34:52.228  1315  1315 E RadioService: couldn't load radio module radio.primary (No such file or directory)
11-09 18:34:52.238  1584  1584 I wm_stack_created: [0,0,0,0,0]
11-09 18:34:52.252  1584  1584 I InputManager: Starting input manager
11-09 18:34:52.254  1584  1584 I SystemServer: No Bluetooh Service (emulator)
11-09 18:34:52.254  1584  1584 I SystemServer: Input Method Service
11-09 18:34:52.254  1584  1630 D EventHub: No input device configuration file found for device 'Power Button'.
11-09 18:34:52.263  1584  1630 W EventHub: Unable to disable kernel key repeat for /dev/input/event0: Function not implemented
11-09 18:34:52.263  1584  1630 I EventHub: New device: id=1, fd=74, path='/dev/input/event0', name='Power Button', classes=0x1, configuration='', keyLayout='/system/usr/keylayout/Generic.kl', keyCharacterMap='/system/usr/keychars/Generic.kcm', builtinKeyboard=false, wakeMechanism=EPOLLWAKEUP, usingClockIoctl=true
11-09 18:34:52.270  1584  1630 W EventHub: Unable to disable kernel key repeat for /dev/input/event1: Function not implemented
11-09 18:34:52.271  1584  1630 I EventHub: New device: id=2, fd=75, path='/dev/input/event1', name='qwerty2', classes=0xb7, configuration='/system/usr/idc/qwerty2.idc', keyLayout='/system/usr/keylayout/qwerty.kl', keyCharacterMap='/system/usr/keychars/qwerty2.kcm', builtinKeyboard=true, wakeMechanism=EPOLLWAKEUP, usingClockIoctl=true
11-09 18:34:52.271  1584  1630 E EventHub: could not get driver version for /dev/input/mice, Not a typewriter
11-09 18:34:52.279  1584  1584 I SystemServer: Accessibility Manager
11-09 18:34:52.282     0     0 I lowmemorykiller: lowmem_shrink: convert oom_adj to oom_score_adj:
11-09 18:34:52.282  1584  1584 I configuration_changed: 7672
11-09 18:34:52.282  1584  1584 I ActivityManager: Config changes=1df8 {1.0 ?mcc?mnc en_US ldltr sw360dp w360dp h640dp 480dpi nrml long port ?uimode ?night -touch -keyb/v/h -nav/h s.2}
11-09 18:34:52.283     0     0 I lowmemorykiller: oom_adj 0 => oom_score_adj 0
11-09 18:34:52.283     0     0 I lowmemorykiller: oom_adj 1 => oom_score_adj 58
11-09 18:34:52.283  1231  1231 E SurfaceFlinger: ro.sf.lcd_density must be defined as a build property
11-09 18:34:52.283  1231  1231 D SurfaceFlinger: Set active config mode=0, type=0 flinger=0xb7022000
11-09 18:34:52.283  1231  1231 D SurfaceFlinger: Screen type=0 is already mode=0
11-09 18:34:52.283     0     0 I lowmemorykiller: oom_adj 2 => oom_score_adj 117
11-09 18:34:52.284     0     0 I lowmemorykiller: oom_adj 3 => oom_score_adj 176
11-09 18:34:52.284     0     0 I lowmemorykiller: oom_adj 9 => oom_score_adj 529
11-09 18:34:52.284     0     0 I lowmemorykiller: oom_adj 15 => oom_score_adj 1000
11-09 18:34:52.291  1262  1262 I auditd  : type=1400 audit(0.0:13): avc: granted { read write } for comm="vold" name="vdd" dev="tmpfs" ino=3971 scontext=u:r:vold:s0 tcontext=u:object_r:block_device:s0 tclass=blk_file
11-09 18:34:52.291  1262  1262 W vold    : type=1400 audit(0.0:13): avc: granted { read write } for name="vdd" dev="tmpfs" ino=3971 scontext=u:r:vold:s0 tcontext=u:object_r:block_device:s0 tclass=blk_file
11-09 18:34:52.291  1262  1262 I auditd  : type=1400 audit(0.0:14): avc: granted { read write open } for comm="vold" path="/dev/block/vdd" dev="tmpfs" ino=3971 scontext=u:r:vold:s0 tcontext=u:object_r:block_device:s0 tclass=blk_file
11-09 18:34:52.291  1262  1262 W vold    : type=1400 audit(0.0:14): avc: granted { read write open } for path="/dev/block/vdd" dev="tmpfs" ino=3971 scontext=u:r:vold:s0 tcontext=u:object_r:block_device:s0 tclass=blk_file
11-09 18:34:52.291  1262  1262 I auditd  : type=1400 audit(0.0:15): avc: granted { getattr } for comm="vold" path="/dev/block/vdd" dev="tmpfs" ino=3971 scontext=u:r:vold:s0 tcontext=u:object_r:block_device:s0 tclass=blk_file
11-09 18:34:52.291  1262  1262 W vold    : type=1400 audit(0.0:15): avc: granted { getattr } for path="/dev/block/vdd" dev="tmpfs" ino=3971 scontext=u:r:vold:s0 tcontext=u:object_r:block_device:s0 tclass=blk_file
11-09 18:34:52.291  1262  1262 I auditd  : type=1400 audit(0.0:16): avc: granted { read } for comm="vold" name="vdd" dev="tmpfs" ino=3971 scontext=u:r:vold:s0 tcontext=u:object_r:block_device:s0 tclass=blk_file
11-09 18:34:52.291  1262  1262 W vold    : type=1400 audit(0.0:16): avc: granted { read } for name="vdd" dev="tmpfs" ino=3971 scontext=u:r:vold:s0 tcontext=u:object_r:block_device:s0 tclass=blk_file
11-09 18:34:52.291  1262  1262 I auditd  : type=1400 audit(0.0:17): avc: granted { read open } for comm="vold" path="/dev/block/vdd" dev="tmpfs" ino=3971 scontext=u:r:vold:s0 tcontext=u:object_r:block_device:s0 tclass=blk_file
11-09 18:34:52.291  1262  1262 W vold    : type=1400 audit(0.0:17): avc: granted { read open } for path="/dev/block/vdd" dev="tmpfs" ino=3971 scontext=u:r:vold:s0 tcontext=u:object_r:block_device:s0 tclass=blk_file
11-09 18:34:52.292  1584  1584 I configuration_changed: 1280
11-09 18:34:52.292  1584  1584 I ActivityManager: Config changes=500 {1.0 ?mcc?mnc en_US ldltr sw360dp w360dp h568dp 480dpi nrml port ?uimode ?night -touch -keyb/v/h -nav/h s.3}
11-09 18:34:52.293  1584  1584 I SystemServiceManager: Starting com.android.server.MountService$Lifecycle
11-09 18:34:52.296  1584  1584 I SystemServiceManager: Starting com.android.server.UiModeManagerService
11-09 18:34:52.297  1584  1631 D MountService: Thinking about reset, mSystemReady=false, mDaemonConnected=true
11-09 18:34:52.297  1584  1584 I configuration_changed: 512
11-09 18:34:52.297  1584  1584 I ActivityManager: Config changes=200 {1.0 ?mcc?mnc en_US ldltr sw360dp w360dp h568dp 480dpi nrml port -touch -keyb/v/h -nav/h s.4}
11-09 18:34:52.298  1584  1584 I SystemServer: LockSettingsService
11-09 18:34:52.299  1584  1584 I SystemServiceManager: Starting com.android.server.DeviceIdleController
11-09 18:34:52.300  1584  1631 D MountService: Thinking about reset, mSystemReady=false, mDaemonConnected=true
11-09 18:34:52.300  1584  1584 I SystemServiceManager: Starting com.android.server.devicepolicy.DevicePolicyManagerService$Lifecycle
11-09 18:34:52.300  1584  1631 D CryptdConnector: SND -> {1 cryptfs getfield SystemLocale}
11-09 18:34:52.300  1215  1262 I Ext4Crypt: ext4 crypto complete called on /data
11-09 18:34:52.300  1215  1262 I Ext4Crypt: No master key, so not ext4enc
11-09 18:34:52.303  1584  1633 D CryptdConnector: RCV <- {200 1 -1}
11-09 18:34:52.304  1584  1630 I InputReader: Device added: id=-1, name='Virtual', sources=0x00000301
11-09 18:34:52.305  1584  1584 I SystemServer: Status Bar
11-09 18:34:52.305  1584  1630 I InputReader:   Touch device 'qwerty2' could not query the properties of its associated display.  The device will be inoperable until the display size becomes available.
11-09 18:34:52.306  1584  1630 I InputReader: Device added: id=0, name='qwerty2', sources=0x80001303
11-09 18:34:52.306  1584  1630 I InputReader: Device added: id=1, name='Power Button', sources=0x00000101
11-09 18:34:52.306  1584  1630 I InputReader: Reconfiguring input devices.  changes=0x00000004
11-09 18:34:52.306  1584  1630 I InputReader: Device reconfigured: id=0, name='qwerty2', size 1080x1920, orientation 0, mode 1, display id 0
11-09 18:34:52.306  1584  1629 I configuration_changed: 104
11-09 18:34:52.306  1584  1629 I ActivityManager: Config changes=68 {1.0 ?mcc?mnc en_US ldltr sw360dp w360dp h568dp 480dpi nrml port finger -keyb/v/h dpad/v s.5}
11-09 18:34:52.307  1584  1631 W MountService: No primary storage mounted!
11-09 18:34:52.307  1584  1631 D VoldConnector: SND -> {1 asec list}
11-09 18:34:52.312  1584  1632 D VoldConnector: RCV <- {200 1 asec operation succeeded}
11-09 18:34:52.312  1584  1631 I PackageManager: No secure containers found
11-09 18:34:52.312  1584  1631 W PackageManager: Not granting permission android.permission.WRITE_EXTERNAL_STORAGE to package com.netease.atx.assistant because it was previously installed without
11-09 18:34:52.312  1584  1631 W PackageManager: Not granting permission android.permission.READ_EXTERNAL_STORAGE to package com.netease.atx.assistant because it was previously installed without
11-09 18:34:52.312  1584  1631 W PackageManager: Unknown permission com.google.android.voicesearch.SHORTCUTS_ACCESS in package com.google.android.googlequicksearchbox
11-09 18:34:52.312  1584  1631 W PackageManager: Unknown permission com.google.android.voicesearch.ACCESS_SETTINGS in package com.google.android.googlequicksearchbox
11-09 18:34:52.312  1584  1631 W PackageManager: Unknown permission com.google.android.ears.permission.WRITE in package com.google.android.googlequicksearchbox
11-09 18:34:52.312  1584  1631 W PackageManager: Unknown permission com.google.android.apps.googlevoice.permission.AUTO_SEND in package com.google.android.googlequicksearchbox
11-09 18:34:52.312  1584  1631 W PackageManager: Unknown permission com.google.android.gm.permission.AUTO_SEND in package com.google.android.googlequicksearchbox
11-09 18:34:52.312  1584  1631 W PackageManager: Unknown permission com.google.android.hangouts.START_HANGOUT in package com.google.android.googlequicksearchbox
11-09 18:34:52.312  1584  1631 W PackageManager: Unknown permission com.android.chrome.PRERENDER_URL in package com.google.android.googlequicksearchbox
11-09 18:34:52.312  1584  1631 W PackageManager: Unknown permission com.google.android.launcher.permission.CONTENT_REDIRECT in package com.google.android.googlequicksearchbox
11-09 18:34:52.312  1584  1631 W PackageManager: Not granting permission com.google.android.googleapps.permission.GOOGLE_AUTH to package com.android.providers.calendar (protectionLevel=2 flags=0x30083e45)
11-09 18:34:52.312  1584  1631 W PackageManager: Not granting permission com.google.android.googleapps.permission.GOOGLE_AUTH.cl to package com.android.providers.calendar (protectionLevel=2 flags=0x30083e45)
11-09 18:34:52.312  1584  1631 W PackageManager: Not granting permission android.permission.MOUNT_UNMOUNT_FILESYSTEMS to package com.example.crashtest (protectionLevel=18 flags=0x3808be44)
11-09 18:34:52.312  1584  1631 W PackageManager: Not granting permission android.permission.ACCESS_DOWNLOAD_MANAGER to package com.android.browser (protectionLevel=18 flags=0x3809be45)
11-09 18:34:52.312  1584  1631 W PackageManager: Not granting permission android.permission.SEND_DOWNLOAD_COMPLETED_INTENTS to package com.android.browser (protectionLevel=2 flags=0x3809be45)
11-09 18:34:52.312  1584  1631 W PackageManager: Unknown permission com.android.launcher.permission.READ_SETTINGS in package com.android.launcher3
11-09 18:34:52.312  1584  1631 W PackageManager: Unknown permission com.android.launcher.permission.WRITE_SETTINGS in package com.android.launcher3
11-09 18:34:52.312  1584  1631 W PackageManager: Not granting permission com.google.android.googleapps.permission.GOOGLE_AUTH.mail to package com.android.calendar (protectionLevel=2 flags=0x3009be45)
11-09 18:34:52.312  1584  1631 W PackageManager: Unknown permission android.permission.MANAGE_SOUND_TRIGGER in package com.google.android.gms
11-09 18:34:52.312  1584  1631 W PackageManager: Unknown permission android.permission.DISPATCH_PROVISIONING_MESSAGE in package com.google.android.gms
11-09 18:34:52.312  1584  1631 W PackageManager: Unknown permission com.google.android.apps.enterprise.dmagent.permission.AutoSyncPermission in package com.google.android.gms
11-09 18:34:52.312  1584  1631 W PackageManager: Unknown permission android.permission.CONNECTIVITY_USE_RESTRICTED_NETWORKS in package com.google.android.gms
11-09 18:34:52.312  1584  1631 W PackageManager: Unknown permission android.permission.SEND_SMS_NO_CONFIRMATION in package com.google.android.gms
11-09 18:34:52.312  1584  1631 W PackageManager: Unknown permission com.google.android.finsky.permission.INSTANT_APP_STATE in package com.google.android.gms
11-09 18:34:52.312  1584  1631 W PackageManager: Unknown permission android.permission.TETHER_PRIVILEGED in package com.google.android.gms
11-09 18:34:52.312  1584  1631 W PackageManager: Unknown permission com.google.android.hangouts.START_HANGOUT in package com.google.android.gms
11-09 18:34:52.312  1584  1631 W PackageManager: Unknown permission android.permission.READ_OEM_UNLOCK_STATE in package com.google.android.gms
11-09 18:34:52.312  1584  1631 W PackageManager: Unknown permission com.google.android.finsky.permission.GEARHEAD_SERVICE in package com.google.android.gms
11-09 18:34:52.312  1584  1631 W PackageManager: Unknown permission com.google.android.permission.ACCESSIBILITY_SCAN_SERVICE in package com.google.android.gms
11-09 18:34:52.312  1584  1631 W PackageManager: Unknown permission android.permission.ACTIVITY_EMBEDDING in package com.google.android.gms
11-09 18:34:52.312  1584  1631 W PackageManager: Unknown permission android.permission.PROVIDE_RESOLVER_RANKER_SERVICE in package com.google.android.gms
11-09 18:34:52.312  1584  1631 W PackageManager: Unknown permission com.google.android.wearable.READ_SETTINGS in package com.google.android.gms
11-09 18:34:52.312  1584  1631 W PackageManager: Unknown permission android.permission.SUBSTITUTE_NOTIFICATION_APP_NAME in package com.google.android.gms
11-09 18:34:52.312  1584  1631 W PackageManager: Unknown permission android.permission.MANAGE_SUBSCRIPTION_PLANS in package com.google.android.gms
11-09 18:34:52.312  1584  1631 W PackageManager: Unknown permission com.android.vending.setup.PLAY_SETUP_SERVICE in package com.google.android.gms
11-09 18:34:52.312  1584  1631 W PackageManager: Unknown permission com.google.android.vending.verifier.ACCESS_VERIFIER in package com.google.android.gms
11-09 18:34:52.312  1584  1631 W PackageManager: Unknown permission com.google.android.gm.permission.READ_GMAIL in package com.google.android.gms
11-09 18:34:52.312  1584  1631 W PackageManager: Not granting permission android.permission.DELETE_PACKAGES to package com.svox.pico (protectionLevel=18 flags=0x3808be45)
11-09 18:34:52.312  1584  1631 W PackageManager: Not granting permission android.permission.READ_CONTACTS to package com.example.android.apis because it was previously installed without
11-09 18:34:52.312  1584  1631 W PackageManager: Not granting permission android.permission.WRITE_CONTACTS to package com.example.android.apis because it was previously installed without
11-09 18:34:52.312  1584  1631 W PackageManager: Not granting permission android.permission.ACCESS_COARSE_LOCATION to package com.example.android.apis because it was previously installed without
11-09 18:34:52.312  1584  1631 W PackageManager: Not granting permission android.permission.WRITE_EXTERNAL_STORAGE to package com.example.android.apis because it was previously installed without
11-09 18:34:52.312  1584  1631 W PackageManager: Not granting permission android.permission.SEND_SMS to package com.example.android.apis because it was previously installed without
11-09 18:34:52.312  1584  1631 W PackageManager: Not granting permission android.permission.RECEIVE_SMS to package com.example.android.apis because it was previously installed without
11-09 18:34:52.312  1584  1631 W PackageManager: Not granting permission android.permission.RECEIVE_MMS to package com.example.android.apis because it was previously installed without
11-09 18:34:52.312  1584  1631 W PackageManager: Not granting permission android.permission.READ_SMS to package com.example.android.apis because it was previously installed without
11-09 18:34:52.312  1584  1631 W PackageManager: Not granting permission android.permission.READ_PHONE_STATE to package com.example.android.apis because it was previously installed without
11-09 18:34:52.312  1584  1631 W PackageManager: Not granting permission android.permission.RECORD_AUDIO to package com.example.android.apis because it was previously installed without
11-09 18:34:52.312  1584  1631 W PackageManager: Not granting permission android.permission.CAMERA to package com.example.android.apis because it was previously installed without
11-09 18:34:52.312  1584  1631 W PackageManager: Not granting permission android.permission.READ_EXTERNAL_STORAGE to package com.example.android.apis because it was previously installed without
11-09 18:34:52.312  1584  1631 W PackageManager: Unknown permission com.google.android.gallery3d.permission.PICASA_STORE in package com.google.android.apps.photos
11-09 18:34:52.312  1584  1631 W PackageManager: Not granting permission android.permission.CONTROL_KEYGUARD to package com.google.android.gsf.login (protectionLevel=2 flags=0x3048be45)
11-09 18:34:52.312  1584  1631 W PackageManager: Unknown permission com.android.vending.billing.BILLING_ACCOUNT_SERVICE in package com.google.android.gsf.login
11-09 18:34:52.312  1584  1631 W PackageManager: Unknown permission com.android.vending.billing.ADD_CREDIT_CARD in package com.google.android.gsf.login
11-09 18:34:52.312  1584  1631 W PackageManager: Unknown permission com.android.vending.billing.IBillingAccountService.BIND2 in package com.google.android.gsf.login
11-09 18:34:52.312  1584  1631 W PackageManager: Unknown permission com.android.vending.TOS_ACKED in package com.google.android.gsf.login
11-09 18:34:52.312  1584  1631 W PackageManager: Unknown permission com.android.chrome.TOS_ACKED in package com.google.android.gsf.login
11-09 18:34:52.312  1584  1631 W PackageManager: Unknown permission com.android.launcher.permission.READ_SETTINGS in package com.android.settings
11-09 18:34:52.312  1584  1631 W PackageManager: Unknown permission com.android.launcher.permission.WRITE_SETTINGS in package com.android.settings
11-09 18:34:52.313  1584  1631 W PackageManager: Unknown permission com.android.smspush.WAPPUSH_MANAGER_BIND in package com.android.phone
11-09 18:34:52.313  1584  1631 W PackageManager: Not granting permission android.permission.BIND_APPWIDGET to package com.android.widgetpreview (protectionLevel=18 flags=0x1808be44)
11-09 18:34:52.328  1584  1584 I SystemServer: Clipboard Service
11-09 18:34:52.332  1584  1584 I SystemServer: NetworkManagement Service
11-09 18:34:52.342  1584  1584 I SystemServer: Text Service Manager Service
11-09 18:34:52.344  1584  1631 W MountService: No primary storage defined yet; hacking together a stub
11-09 18:34:52.345  1584  1631 W MountService: No primary storage defined yet; hacking together a stub
11-09 18:34:52.345  1584  1631 W MountService: No primary storage mounted!
11-09 18:34:52.346  1584  1631 D VoldConnector: SND -> {2 asec list}
11-09 18:34:52.346  1584  1632 D VoldConnector: RCV <- {200 2 asec operation succeeded}
11-09 18:34:52.346  1584  1584 I SystemServer: Network Score Service
11-09 18:34:52.346  1584  1584 I SystemServer: NetworkStats Service
11-09 18:34:52.350  1584  1584 I SystemServer: NetworkPolicy Service
11-09 18:34:52.352  1584  1597 I UsageStatsService: User[0] Rollover scheduled @ 2017-11-10 08:00:00(1510272000000)
11-09 18:34:52.354  1584  1584 I SystemServiceManager: Starting com.android.server.wifi.p2p.WifiP2pService
11-09 18:34:52.363  1584  1584 I WifiP2pService: Registering wifip2p
11-09 18:34:52.364  1584  1584 I SystemServiceManager: Starting com.android.server.wifi.WifiService
11-09 18:34:52.388  1584  1584 D HS20    : Passpoint is disabled
11-09 18:34:52.393  1584  1584 D WifiController: isAirplaneModeOn = false, isWifiEnabled = false, isScanningAvailable = false
11-09 18:34:52.393  1584  1584 I WifiService: Registering wifi
11-09 18:34:52.394  1584  1584 I SystemServiceManager: Starting com.android.server.wifi.WifiScanningService
11-09 18:34:52.394  1584  1584 I WifiScanningService: Creating wifiscanner
11-09 18:34:52.394  1584  1584 I WifiScanningService: Starting wifiscanner
11-09 18:34:52.394  1584  1584 I SystemServiceManager: Starting com.android.server.wifi.RttService
11-09 18:34:52.394  1584  1584 I RttService: Creating rttmanager
11-09 18:34:52.395  1584  1584 I RttService: Starting rttmanager
11-09 18:34:52.395  1584  1584 I SystemServer: Connectivity Service
11-09 18:34:52.395  1584  1584 D ConnectivityService: ConnectivityService starting up
11-09 18:34:52.397  1584  1584 D ConnectivityService: wifiOnly=false
11-09 18:34:52.399  1584  1584 I SystemServer: Network Service Discovery Service
11-09 18:34:52.400  1584  1584 D NsdService: Network service discovery enabled true
11-09 18:34:52.401  1584  1584 I SystemServer: UpdateLock Service
11-09 18:34:52.401  1584  1584 I SystemServiceManager: Starting com.android.server.notification.NotificationManagerService
11-09 18:34:52.411  1584  1584 I SystemServiceManager: Starting com.android.server.storage.DeviceStorageMonitorService
11-09 18:34:52.412  1584  1584 I free_storage_left: [1846431744,314822656,62468096]
11-09 18:34:52.412  1584  1584 I free_storage_changed: 1846431744
11-09 18:34:52.412  1584  1584 I SystemServer: Location Manager
11-09 18:34:52.413  1584  1584 I SystemServer: Country Detector
11-09 18:34:52.414  1584  1584 I SystemServer: Search Service
11-09 18:34:52.415  1584  1584 I SystemServer: DropBox Service
11-09 18:34:52.415  1584  1584 I SystemServer: Wallpaper Service
11-09 18:34:52.416  1584  1584 I SystemServer: Audio Service
11-09 18:34:52.422  1315  1625 D PermissionCache: checking android.permission.MODIFY_AUDIO_SETTINGS for uid=1000 => granted (871 us)
11-09 18:34:52.426  1584  1584 W TelecomManager: Telecom Service not found.
11-09 18:34:52.432  1584  1584 I stream_devices_changed: [0,0,2]
11-09 18:34:52.432  1584  1584 I stream_devices_changed: [2,0,2]
11-09 18:34:52.433  1584  1584 I stream_devices_changed: [3,0,2]
11-09 18:34:52.433  1584  1584 I stream_devices_changed: [4,0,2]
11-09 18:34:52.433  1584  1584 I stream_devices_changed: [6,0,2]
11-09 18:34:52.438  1584  1584 I SystemServiceManager: Starting com.android.server.DockObserver
11-09 18:34:52.438  1584  1584 W DockObserver: This kernel does not have dock station support
11-09 18:34:52.439  1584  1584 I SystemServer: Wired Accessory Manager
11-09 18:34:52.439  1584  1584 W WiredAccessoryManager: This kernel does not have wired headset support
11-09 18:34:52.439  1584  1584 W WiredAccessoryManager: This kernel does not have usb audio support
11-09 18:34:52.439  1584  1584 W WiredAccessoryManager: This kernel does not have HDMI audio support
11-09 18:34:52.439  1584  1584 I SystemServiceManager: Starting com.android.server.midi.MidiService$Lifecycle
11-09 18:34:52.442  1584  1584 I SystemServiceManager: Starting com.android.server.usb.UsbService$Lifecycle
11-09 18:34:52.446  1584  1584 E UsbDeviceManager: failed to write to /sys/class/android_usb/android0/f_rndis/ethaddr
11-09 18:34:52.446  1584  1584 E UsbDeviceManagerJNI: could not open /dev/usb_accessory
11-09 18:34:52.447  1584  1584 I SystemServer: Serial Service
11-09 18:34:52.447  1584  1584 I SystemServiceManager: Starting com.android.server.twilight.TwilightService
11-09 18:34:52.448  1584  1584 I SystemServiceManager: Starting com.android.server.job.JobSchedulerService
11-09 18:34:52.449  1584  1584 I SystemServiceManager: Starting com.android.server.backup.BackupManagerService$Lifecycle
11-09 18:34:52.450  1584  1584 I SystemServiceManager: Starting com.android.server.appwidget.AppWidgetService
11-09 18:34:52.451  1584  1584 I SystemServiceManager: Starting com.android.server.voiceinteraction.VoiceInteractionManagerService
11-09 18:34:52.451  1315  1625 D PermissionCache: checking android.permission.CAPTURE_AUDIO_HOTWORD for uid=1000 => granted (99 us)
11-09 18:34:52.451  1584  1584 W SoundTriggerHelper: listModules status=0, # of modules=0
11-09 18:34:52.452  1584  1584 I SystemServer: DiskStats Service
11-09 18:34:52.452  1584  1584 I SystemServer: SamplingProfiler Service
11-09 18:34:52.455  1584  1584 I SystemServer: NetworkTimeUpdateService
11-09 18:34:52.455  1584  1584 I SystemServer: CommonTimeManagementService
11-09 18:34:52.456  1584  1584 I SystemServer: CertBlacklister
11-09 18:34:52.456  1584  1584 I SystemServiceManager: Starting com.android.server.dreams.DreamManagerService
11-09 18:34:52.457  1584  1584 I SystemServer: Assets Atlas Service
11-09 18:34:52.458  1584  1584 I SystemServiceManager: Starting com.android.server.print.PrintManagerService
11-09 18:34:52.460  1584  1584 I SystemServiceManager: Starting com.android.server.restrictions.RestrictionsManagerService
11-09 18:34:52.461  1584  1584 I SystemServiceManager: Starting com.android.server.media.MediaSessionService
11-09 18:34:52.461  1584  1649 D AssetAtlas: Loaded configuration: SliceMinArea (832x2048) flags=0x2 count=6
11-09 18:34:52.468  1584  1649 D         : HostConnection::get() New Host Connection established 0xa10bfe80, tid 1649
11-09 18:34:52.473  1584  1584 I SystemServer: Media Router Service
11-09 18:34:52.473  1584  1584 I SystemServiceManager: Starting com.android.server.trust.TrustManagerService
11-09 18:34:52.475  1584  1584 I SystemServiceManager: Starting com.android.server.fingerprint.FingerprintService
11-09 18:34:52.476  1321  1321 D PermissionCache: checking android.permission.MANAGE_FINGERPRINT for uid=1000 => granted (286 us)
11-09 18:34:52.477  1321  1321 V fingerprintd: nativeOpenHal()
11-09 18:34:52.477  1321  1321 D FingerprintHal: ----------------> fingerprint_open ----------------->
11-09 18:34:52.477  1321  1321 D FingerprintHal: ----------------> loadFingerprints ----------------->
11-09 18:34:52.477  1321  1321 E FingerprintHal: Could not load fingerprints from storage at /data/system/users/0/fpdata/emulator_fingerprint_storage.bin; it has not yet been created.
11-09 18:34:52.477  1321  1321 D FingerprintHal: ----------------> set_notify_callback ----------------->
11-09 18:34:52.477  1321  1321 D FingerprintHal: fingerprint callback notification set
11-09 18:34:52.477  1321  1321 V fingerprintd: fingerprint HAL successfully initialized
11-09 18:34:52.478  1321  1650 D FingerprintHal: ----------------> listenerFunction ----------------->
11-09 18:34:52.478  1321  1321 V fingerprintd: setActiveGroup(0, /data/system/users/0/fpdata, 27)
11-09 18:34:52.478  1321  1321 W FingerprintHal: Setting active finger group not implemented
11-09 18:34:52.478  1584  1584 V FingerprintService: Fingerprint HAL id: -1222742016
11-09 18:34:52.478  1584  1584 I SystemServer: BackgroundDexOptService
11-09 18:34:52.478  1584  1584 I SystemServiceManager: Starting com.android.server.pm.LauncherAppsService
11-09 18:34:52.479  1584  1584 I SystemServiceManager: Starting com.android.server.media.projection.MediaProjectionManagerService
11-09 18:34:52.481  1584  1584 I WindowManager: SAFE MODE not enabled
11-09 18:34:52.482  1584  1584 I SystemServiceManager: Starting com.android.server.MmsServiceBroker
11-09 18:34:52.490  1584  1584 E LockSettingsStorage: Cannot read file java.io.FileNotFoundException: /data/system/gatekeeper.password.key: open failed: ENOENT (No such file or directory)
11-09 18:34:52.490  1584  1584 E LockSettingsStorage: Cannot read file java.io.FileNotFoundException: /data/system/password.key: open failed: ENOENT (No such file or directory)
