11-09 18:34:55.663  1936  1936 D DCT     : [0]setupDataOnConnectableApns: apnContext {mApnType=emergency mState=IDLE mWaitingApns={null} mWaitingApnsPermanentFailureCountDown=0 mApnSetting={null} mReason=radioTurnedOff mDataEnabled=false mDependencyMet=true}
11-09 18:34:55.663  1936  1936 D DCT     : [0]handleMessage msg={ when=-275ms what=270377 obj=android.os.AsyncResult@627a7e2 target=com.android.internal.telephony.dataconnection.DcTracker }
11-09 18:34:55.663  1936  1936 D DCT     : [0]setupDataOnConnectableApns: nwTypeChanged
11-09 18:34:55.663  1936  1936 D DCT     : [0]setupDataOnConnectableApns: apnContext {mApnType=hipri mState=IDLE mWaitingApns={null} mWaitingApnsPermanentFailureCountDown=0 mApnSetting={null} mReason=radioTurnedOff mDataEnabled=false mDependencyMet=true}
11-09 18:34:55.663  1936  1936 D DCT     : [0]setupDataOnConnectableApns: apnContext {mApnType=mms mState=IDLE mWaitingApns={null} mWaitingApnsPermanentFailureCountDown=0 mApnSetting={null} mReason=radioTurnedOff mDataEnabled=false mDependencyMet=true}
11-09 18:34:55.663  1936  1936 D DCT     : [0]setupDataOnConnectableApns: apnContext {mApnType=supl mState=IDLE mWaitingApns={null} mWaitingApnsPermanentFailureCountDown=0 mApnSetting={null} mReason=radioTurnedOff mDataEnabled=false mDependencyMet=true}
11-09 18:34:55.663  1936  1936 D DCT     : [0]setupDataOnConnectableApns: apnContext {mApnType=ia mState=IDLE mWaitingApns={null} mWaitingApnsPermanentFailureCountDown=0 mApnSetting={null} mReason=radioTurnedOff mDataEnabled=false mDependencyMet=true}
11-09 18:34:55.663  1936  1936 D DCT     : [0]setupDataOnConnectableApns: apnContext {mApnType=fota mState=IDLE mWaitingApns={null} mWaitingApnsPermanentFailureCountDown=0 mApnSetting={null} mReason=radioTurnedOff mDataEnabled=false mDependencyMet=true}
11-09 18:34:55.663  1936  1936 D DCT     : [0]setupDataOnConnectableApns: apnContext {mApnType=ims mState=IDLE mWaitingApns={null} mWaitingApnsPermanentFailureCountDown=0 mApnSetting={null} mReason=radioTurnedOff mDataEnabled=false mDependencyMet=true}
11-09 18:34:55.663  1936  1936 D DCT     : [0]setupDataOnConnectableApns: apnContext {mApnType=cbs mState=IDLE mWaitingApns={null} mWaitingApnsPermanentFailureCountDown=0 mApnSetting={null} mReason=radioTurnedOff mDataEnabled=false mDependencyMet=true}
11-09 18:34:55.663  1936  1936 D DCT     : [0]setupDataOnConnectableApns: apnContext {mApnType=default mState=IDLE mWaitingApns={null} mWaitingApnsPermanentFailureCountDown=0 mApnSetting={null} mReason=radioTurnedOff mDataEnabled=false mDependencyMet=true}
11-09 18:34:55.663  1936  1936 D DCT     : [0]setupDataOnConnectableApns: apnContext {mApnType=emergency mState=IDLE mWaitingApns={null} mWaitingApnsPermanentFailureCountDown=0 mApnSetting={null} mReason=radioTurnedOff mDataEnabled=false mDependencyMet=true}
11-09 18:34:55.663  1936  1936 D DCT     : [0]handleMessage msg={ when=-275ms what=270377 obj=android.os.AsyncResult@ed58773 target=com.android.internal.telephony.dataconnection.DcTracker }
11-09 18:34:55.663  1936  1936 D DCT     : [0]setupDataOnConnectableApns: nwTypeChanged
11-09 18:34:55.663  1936  1936 D DCT     : [0]setupDataOnConnectableApns: apnContext {mApnType=hipri mState=IDLE mWaitingApns={null} mWaitingApnsPermanentFailureCountDown=0 mApnSetting={null} mReason=radioTurnedOff mDataEnabled=false mDependencyMet=true}
11-09 18:34:55.663  1936  1936 D DCT     : [0]setupDataOnConnectableApns: apnContext {mApnType=mms mState=IDLE mWaitingApns={null} mWaitingApnsPermanentFailureCountDown=0 mApnSetting={null} mReason=radioTurnedOff mDataEnabled=false mDependencyMet=true}
11-09 18:34:55.663  1936  1936 D DCT     : [0]setupDataOnConnectableApns: apnContext {mApnType=supl mState=IDLE mWaitingApns={null} mWaitingApnsPermanentFailureCountDown=0 mApnSetting={null} mReason=radioTurnedOff mDataEnabled=false mDependencyMet=true}
11-09 18:34:55.663  1936  1936 D DCT     : [0]setupDataOnConnectableApns: apnContext {mApnType=ia mState=IDLE mWaitingApns={null} mWaitingApnsPermanentFailureCountDown=0 mApnSetting={null} mReason=radioTurnedOff mDataEnabled=false mDependencyMet=true}
11-09 18:34:55.663  1936  1936 D DCT     : [0]setupDataOnConnectableApns: apnContext {mApnType=fota mState=IDLE mWaitingApns={null} mWaitingApnsPermanentFailureCountDown=0 mApnSetting={null} mReason=radioTurnedOff mDataEnabled=false mDependencyMet=true}
11-09 18:34:55.663  1936  1936 D DCT     : [0]setupDataOnConnectableApns: apnContext {mApnType=ims mState=IDLE mWaitingApns={null} mWaitingApnsPermanentFailureCountDown=0 mApnSetting={null} mReason=radioTurnedOff mDataEnabled=false mDependencyMet=true}
11-09 18:34:55.663  1936  1936 D DCT     : [0]setupDataOnConnectableApns: apnContext {mApnType=cbs mState=IDLE mWaitingApns={null} mWaitingApnsPermanentFailureCountDown=0 mApnSetting={null} mReason=radioTurnedOff mDataEnabled=false mDependencyMet=true}
11-09 18:34:55.663  1936  1936 D DCT     : [0]setupDataOnConnectableApns: apnContext {mApnType=default mState=IDLE mWaitingApns={null} mWaitingApnsPermanentFailureCountDown=0 mApnSetting={null} mReason=radioTurnedOff mDataEnabled=false mDependencyMet=true}
11-09 18:34:55.663  1936  1936 D DCT     : [0]setupDataOnConnectableApns: apnContext {mApnType=emergency mState=IDLE mWaitingApns={null} mWaitingApnsPermanentFailureCountDown=0 mApnSetting={null} mReason=radioTurnedOff mDataEnabled=false mDependencyMet=true}
11-09 18:34:55.663  1936  1936 I Telephony: PstnIncomingCallNotifier: Unregistering: Handler (com.android.internal.telephony.gsm.GSMPhone) {60f8cf8}
11-09 18:34:55.663  1936  1936 E PhoneBase: Error! unregisterForCallWaiting() in PhoneBase should not be called, CDMAPhone inactive.
11-09 18:34:55.664  1936  1936 D SubscriptionController: [getActiveSubInfoList]+
11-09 18:34:55.664  1936  1936 D SubscriptionController: selection:sim_id>=0 null
11-09 18:34:55.666  1936  1936 D SubscriptionController: [getSubInfoRecord] id:1 iccid:89014103211118510720 simSlotIndex:0 displayName:Android nameSource:0 iconTint:-16746133 dataRoaming:0 mcc:310 mnc:260 countIso:us
11-09 18:34:55.667  1936  1936 D SubscriptionController: [getActiveSubInfoList]- 1 infos return
11-09 18:34:55.667  1936  1936 D SubscriptionController: [getActiveSubInfoForSubscriber]+ subId=1 subInfo={id=1, iccId=89014103211118510720 simSlotIndex=0 displayName=Android carrierName=Android nameSource=0 iconTint=-16746133 dataRoaming=0 iconBitmap=android.graphics.Bitmap@9b1d2a9 mcc 310 mnc 260}
11-09 18:34:55.668  1936  1936 I Telephony: AccountEntry: updateVideoPauseSupport -- mcc/mnc for sub: {id=1, iccId=89014103211118510720 simSlotIndex=0 displayName=Android carrierName=Android nameSource=0 iconTint=-16746133 dataRoaming=0 iconBitmap=android.graphics.Bitmap@9b1d2a9 mcc 310 mnc 260}
11-09 18:34:55.669  1584  2067 I Telecom : PhoneAccountRegistrar: New phone account registered: [[ ] PhoneAccount: ComponentInfo{com.android.phone/com.android.services.telephony.TelephonyConnectionService}, [e2f7d48dd2b5ca523e7313cf4ba0f6ea830b6281], UserHandle{0} Capabilities: 54 Schemes: tel voicemail ]
11-09 18:34:55.680  1584  2067 I Telecom : : Sending phone-account intent as user
11-09 18:34:55.680  1697  2156 D EGL_emulation: eglMakeCurrent: 0xae414a20: ver 2 0 (tinfo 0xa24823d0)
11-09 18:34:55.681  1936  1936 I Telephony: AccountEntry: Registered phoneAccount: [[ ] PhoneAccount: ComponentInfo{com.android.phone/com.android.services.telephony.TelephonyConnectionService}, [e2f7d48dd2b5ca523e7313cf4ba0f6ea830b6281], UserHandle{0} Capabilities: 54 Schemes: tel voicemail ] with handle: ComponentInfo{com.android.phone/com.android.services.telephony.TelephonyConnectionService}, [e2f7d48dd2b5ca523e7313cf4ba0f6ea830b6281], UserHandle{0}
11-09 18:34:55.681  1936  1936 I Telephony: PstnIncomingCallNotifier: Registering: Handler (com.android.internal.telephony.gsm.GSMPhone) {60f8cf8}
11-09 18:34:55.681  1936  1936 E PhoneBase: Error! registerForCallWaiting() in PhoneBase should not be called, CDMAPhone inactive.
11-09 18:34:55.694  1584  1603 I WindowManager: Screen frozen for +648ms due to Window{d5786d7 u0 NavigationBar}
11-09 18:34:55.696  1936  1936 I Telephony: TelecomAccountRegistry: Unregistering phone account ComponentInfo{com.android.phone/com.android.services.telephony.TelephonyConnectionService}, [e0184adedf913b076626646d3f52c3b49c39ad6d], UserHandle{0}.
11-09 18:34:55.698  1584  1640 D WifiService: New client listening to asynchronous messages
11-09 18:34:55.701  1584  1597 D GpsLocationProvider: SIM MCC/MNC is available: 310260
11-09 18:34:55.701  1584  1597 D GpsLocationProvider: Reset GPS properties, previous size = 5
11-09 18:34:55.701  1584  1597 D GpsLocationProvider: GpsParamsResource: SUPL_HOST=supl.google.com
11-09 18:34:55.701  1584  1597 D GpsLocationProvider: GpsParamsResource: SUPL_PORT=7275
11-09 18:34:55.701  1584  1597 D GpsLocationProvider: GpsParamsResource: NTP_SERVER=north-america.pool.ntp.org
11-09 18:34:55.701  1584  1597 D GpsLocationProvider: GpsParamsResource: SUPL_VER=0x20000
11-09 18:34:55.701  1584  1597 D GpsLocationProvider: GpsParamsResource: SUPL_MODE=1
11-09 18:34:55.701  1584  1597 W GpsLocationProvider: Could not open GPS configuration file /etc/gps.conf
11-09 18:34:55.701  1584  1597 D GpsLocationProvider: GPS properties reloaded, size = 5
11-09 18:34:55.701  1584  1597 E GpsLocationProvider: no AGPS interface in set_agps_server
11-09 18:34:55.701  1584  1597 D GpsLocationProvider: received SIM related action: 
11-09 18:34:55.707  1584  1942 W Telecom : : No account found for the calling user
11-09 18:34:55.718  1936  1936 D DCT     : [0]handleMessage msg={ when=-279ms what=270337 obj=android.os.AsyncResult@f92513a target=com.android.internal.telephony.dataconnection.DcTracker }
11-09 18:34:55.718  1936  1936 D DCT     : [0]onRadioAvailable
11-09 18:34:55.735  1584  1584 V KeyguardServiceDelegate: *** Keyguard connected (yay!)
11-09 18:34:55.738  1936  1936 D DCT     : [0]overall state is IDLE
11-09 18:34:55.738  1936  1936 D DCT     : [0]handleMessage msg={ when=-299ms what=270352 obj=android.os.AsyncResult@2e871eb target=com.android.internal.telephony.dataconnection.DcTracker }
11-09 18:34:55.738  1936  1936 D DCT     : [0]onDataConnectionAttached
11-09 18:34:55.738  1936  1936 D DCT     : [0]overall state is IDLE
11-09 18:34:55.740  1936  2259 D SubscriptionController: [getActiveSubInfoList]+
11-09 18:34:55.742  1936  2259 D SubscriptionController: selection:sim_id>=0 null
11-09 18:34:55.747  1936  2259 D SubscriptionController: [getSubInfoRecord] id:1 iccid:89014103211118510720 simSlotIndex:0 displayName:Android nameSource:0 iconTint:-16746133 dataRoaming:0 mcc:310 mnc:260 countIso:us
11-09 18:34:55.756  1936  2259 D SubscriptionController: [getActiveSubInfoList]- 1 infos return
11-09 18:34:55.759  1936  1950 D SubscriptionController: getSimStateForSlotIdx:  simState=READY ordinal=5
11-09 18:34:55.760  1697  1697 D SubscriptionManager: getSimStateForSubscriber: simState=5 slotIdx=0
11-09 18:34:55.762  1697  1697 W KeyguardUpdateMonitor: invalid subId in handleServiceStateChange()
11-09 18:34:55.764  1914  1914 I art     : Rejecting re-init on previously-failed class java.lang.Class<anhx>
11-09 18:34:55.764  1914  1914 I art     : Rejecting re-init on previously-failed class java.lang.Class<anhx>
11-09 18:34:55.774  1936  1936 D DCT     : [0]setupDataOnConnectableApns: dataAttached
11-09 18:34:55.774  1936  1936 D DCT     : [0]setupDataOnConnectableApns: apnContext {mApnType=hipri mState=IDLE mWaitingApns={null} mWaitingApnsPermanentFailureCountDown=0 mApnSetting={null} mReason=radioTurnedOff mDataEnabled=false mDependencyMet=true}
11-09 18:34:55.774  1936  1936 D DCT     : [0]setupDataOnConnectableApns: apnContext {mApnType=mms mState=IDLE mWaitingApns={null} mWaitingApnsPermanentFailureCountDown=0 mApnSetting={null} mReason=radioTurnedOff mDataEnabled=false mDependencyMet=true}
11-09 18:34:55.774  1936  1936 D DCT     : [0]setupDataOnConnectableApns: apnContext {mApnType=supl mState=IDLE mWaitingApns={null} mWaitingApnsPermanentFailureCountDown=0 mApnSetting={null} mReason=radioTurnedOff mDataEnabled=false mDependencyMet=true}
11-09 18:34:55.774  1936  1936 D DCT     : [0]setupDataOnConnectableApns: apnContext {mApnType=ia mState=IDLE mWaitingApns={null} mWaitingApnsPermanentFailureCountDown=0 mApnSetting={null} mReason=radioTurnedOff mDataEnabled=false mDependencyMet=true}
11-09 18:34:55.774  1936  1936 D DCT     : [0]setupDataOnConnectableApns: apnContext {mApnType=fota mState=IDLE mWaitingApns={null} mWaitingApnsPermanentFailureCountDown=0 mApnSetting={null} mReason=radioTurnedOff mDataEnabled=false mDependencyMet=true}
11-09 18:34:55.774  1936  1936 D DCT     : [0]setupDataOnConnectableApns: apnContext {mApnType=ims mState=IDLE mWaitingApns={null} mWaitingApnsPermanentFailureCountDown=0 mApnSetting={null} mReason=radioTurnedOff mDataEnabled=false mDependencyMet=true}
11-09 18:34:55.774  1936  1936 D DCT     : [0]setupDataOnConnectableApns: apnContext {mApnType=cbs mState=IDLE mWaitingApns={null} mWaitingApnsPermanentFailureCountDown=0 mApnSetting={null} mReason=radioTurnedOff mDataEnabled=false mDependencyMet=true}
11-09 18:34:55.774  1936  1936 D DCT     : [0]setupDataOnConnectableApns: apnContext {mApnType=default mState=IDLE mWaitingApns={null} mWaitingApnsPermanentFailureCountDown=0 mApnSetting={null} mReason=radioTurnedOff mDataEnabled=false mDependencyMet=true}
11-09 18:34:55.774  1936  1936 D DCT     : [0]setupDataOnConnectableApns: apnContext {mApnType=emergency mState=IDLE mWaitingApns={null} mWaitingApnsPermanentFailureCountDown=0 mApnSetting={null} mReason=radioTurnedOff mDataEnabled=false mDependencyMet=true}
11-09 18:34:55.774  1936  1936 D DCT     : [0]handleMessage msg={ when=-335ms what=270348 obj=android.os.AsyncResult@6702de1 target=com.android.internal.telephony.dataconnection.DcTracker }
11-09 18:34:55.774  1936  1936 D DCT     : [0]onRoamingOff
11-09 18:34:55.774  1936  1936 D DCT     : [0]getDataOnRoamingEnabled: phoneSubId=1 isDataRoamingEnabled=false
11-09 18:34:55.775  1936  1949 D SubscriptionController: [getActiveSubInfoList]+
11-09 18:34:55.777  1936  1949 D SubscriptionController: selection:sim_id>=0 null
11-09 18:34:55.785  1936  1949 D SubscriptionController: [getSubInfoRecord] id:1 iccid:89014103211118510720 simSlotIndex:0 displayName:Android nameSource:0 iconTint:-16746133 dataRoaming:0 mcc:310 mnc:260 countIso:us
11-09 18:34:55.790  1936  1949 D SubscriptionController: [getActiveSubInfoList]- 1 infos return
11-09 18:34:55.791  1936  2259 D SubscriptionController: getSimStateForSlotIdx:  simState=READY ordinal=5
11-09 18:34:55.791  1697  1697 D SubscriptionManager: getSimStateForSubscriber: simState=5 slotIdx=0
11-09 18:34:55.792  1697  1697 W KeyguardUpdateMonitor: invalid subId in handleServiceStateChange()
11-09 18:34:55.792  1697  1697 W KeyguardUpdateMonitor: invalid subId in handleSimStateChange()
11-09 18:34:55.792  1697  1697 W KeyguardUpdateMonitor: invalid subId in handleSimStateChange()
11-09 18:34:55.800  1697  2156 D EGL_emulation: eglMakeCurrent: 0xae414a20: ver 2 0 (tinfo 0xa24823d0)
11-09 18:34:55.805  1936  1936 D DCT     : [0]setupDataOnConnectableApns: roamingOff
11-09 18:34:55.806  1936  1936 D DCT     : [0]setupDataOnConnectableApns: apnContext {mApnType=hipri mState=IDLE mWaitingApns={null} mWaitingApnsPermanentFailureCountDown=0 mApnSetting={null} mReason=radioTurnedOff mDataEnabled=false mDependencyMet=true}
11-09 18:34:55.806  1936  1936 D DCT     : [0]setupDataOnConnectableApns: apnContext {mApnType=mms mState=IDLE mWaitingApns={null} mWaitingApnsPermanentFailureCountDown=0 mApnSetting={null} mReason=radioTurnedOff mDataEnabled=false mDependencyMet=true}
11-09 18:34:55.806  1936  1936 D DCT     : [0]setupDataOnConnectableApns: apnContext {mApnType=supl mState=IDLE mWaitingApns={null} mWaitingApnsPermanentFailureCountDown=0 mApnSetting={null} mReason=radioTurnedOff mDataEnabled=false mDependencyMet=true}
11-09 18:34:55.806  1936  1936 D DCT     : [0]setupDataOnConnectableApns: apnContext {mApnType=ia mState=IDLE mWaitingApns={null} mWaitingApnsPermanentFailureCountDown=0 mApnSetting={null} mReason=radioTurnedOff mDataEnabled=false mDependencyMet=true}
11-09 18:34:55.806  1936  1936 D DCT     : [0]setupDataOnConnectableApns: apnContext {mApnType=fota mState=IDLE mWaitingApns={null} mWaitingApnsPermanentFailureCountDown=0 mApnSetting={null} mReason=radioTurnedOff mDataEnabled=false mDependencyMet=true}
11-09 18:34:55.806  1936  1936 D DCT     : [0]setupDataOnConnectableApns: apnContext {mApnType=ims mState=IDLE mWaitingApns={null} mWaitingApnsPermanentFailureCountDown=0 mApnSetting={null} mReason=radioTurnedOff mDataEnabled=false mDependencyMet=true}
11-09 18:34:55.806  1936  1936 D DCT     : [0]setupDataOnConnectableApns: apnContext {mApnType=cbs mState=IDLE mWaitingApns={null} mWaitingApnsPermanentFailureCountDown=0 mApnSetting={null} mReason=radioTurnedOff mDataEnabled=false mDependencyMet=true}
11-09 18:34:55.806  1936  1936 D DCT     : [0]setupDataOnConnectableApns: apnContext {mApnType=default mState=IDLE mWaitingApns={null} mWaitingApnsPermanentFailureCountDown=0 mApnSetting={null} mReason=radioTurnedOff mDataEnabled=false mDependencyMet=true}
11-09 18:34:55.806  1936  1936 D DCT     : [0]setupDataOnConnectableApns: apnContext {mApnType=emergency mState=IDLE mWaitingApns={null} mWaitingApnsPermanentFailureCountDown=0 mApnSetting={null} mReason=radioTurnedOff mDataEnabled=false mDependencyMet=true}
11-09 18:34:55.806  1936  1936 D DCT     : [0]handleMessage msg={ when=-366ms what=270377 obj=android.os.AsyncResult@dda41c7 target=com.android.internal.telephony.dataconnection.DcTracker }
11-09 18:34:55.806  1936  1936 D DCT     : [0]setupDataOnConnectableApns: nwTypeChanged
11-09 18:34:55.806  1936  1936 D DCT     : [0]setupDataOnConnectableApns: apnContext {mApnType=hipri mState=IDLE mWaitingApns={null} mWaitingApnsPermanentFailureCountDown=0 mApnSetting={null} mReason=radioTurnedOff mDataEnabled=false mDependencyMet=true}
11-09 18:34:55.806  1936  1936 D DCT     : [0]setupDataOnConnectableApns: apnContext {mApnType=mms mState=IDLE mWaitingApns={null} mWaitingApnsPermanentFailureCountDown=0 mApnSetting={null} mReason=radioTurnedOff mDataEnabled=false mDependencyMet=true}
11-09 18:34:55.806  1936  1936 D DCT     : [0]setupDataOnConnectableApns: apnContext {mApnType=supl mState=IDLE mWaitingApns={null} mWaitingApnsPermanentFailureCountDown=0 mApnSetting={null} mReason=radioTurnedOff mDataEnabled=false mDependencyMet=true}
11-09 18:34:55.806  1936  1936 D DCT     : [0]setupDataOnConnectableApns: apnContext {mApnType=ia mState=IDLE mWaitingApns={null} mWaitingApnsPermanentFailureCountDown=0 mApnSetting={null} mReason=radioTurnedOff mDataEnabled=false mDependencyMet=true}
11-09 18:34:55.806  1936  1936 D DCT     : [0]setupDataOnConnectableApns: apnContext {mApnType=fota mState=IDLE mWaitingApns={null} mWaitingApnsPermanentFailureCountDown=0 mApnSetting={null} mReason=radioTurnedOff mDataEnabled=false mDependencyMet=true}
11-09 18:34:55.806  1936  1936 D DCT     : [0]setupDataOnConnectableApns: apnContext {mApnType=ims mState=IDLE mWaitingApns={null} mWaitingApnsPermanentFailureCountDown=0 mApnSetting={null} mReason=radioTurnedOff mDataEnabled=false mDependencyMet=true}
11-09 18:34:55.806  1936  1936 D DCT     : [0]setupDataOnConnectableApns: apnContext {mApnType=cbs mState=IDLE mWaitingApns={null} mWaitingApnsPermanentFailureCountDown=0 mApnSetting={null} mReason=radioTurnedOff mDataEnabled=false mDependencyMet=true}
11-09 18:34:55.806  1936  1936 D DCT     : [0]setupDataOnConnectableApns: apnContext {mApnType=default mState=IDLE mWaitingApns={null} mWaitingApnsPermanentFailureCountDown=0 mApnSetting={null} mReason=radioTurnedOff mDataEnabled=false mDependencyMet=true}
11-09 18:34:55.806  1936  1936 D DCT     : [0]setupDataOnConnectableApns: apnContext {mApnType=emergency mState=IDLE mWaitingApns={null} mWaitingApnsPermanentFailureCountDown=0 mApnSetting={null} mReason=radioTurnedOff mDataEnabled=false mDependencyMet=true}
11-09 18:34:55.806  1936  1936 D DCT     : [0]handleMessage msg={ when=-366ms what=270377 obj=android.os.AsyncResult@ce2d3f4 target=com.android.internal.telephony.dataconnection.DcTracker }
11-09 18:34:55.806  1936  1936 D DCT     : [0]setupDataOnConnectableApns: nwTypeChanged
11-09 18:34:55.806  1936  1936 D DCT     : [0]setupDataOnConnectableApns: apnContext {mApnType=hipri mState=IDLE mWaitingApns={null} mWaitingApnsPermanentFailureCountDown=0 mApnSetting={null} mReason=radioTurnedOff mDataEnabled=false mDependencyMet=true}
11-09 18:34:55.806  1936  1936 D DCT     : [0]setupDataOnConnectableApns: apnContext {mApnType=mms mState=IDLE mWaitingApns={null} mWaitingApnsPermanentFailureCountDown=0 mApnSetting={null} mReason=radioTurnedOff mDataEnabled=false mDependencyMet=true}
11-09 18:34:55.806  1936  1936 D DCT     : [0]setupDataOnConnectableApns: apnContext {mApnType=supl mState=IDLE mWaitingApns={null} mWaitingApnsPermanentFailureCountDown=0 mApnSetting={null} mReason=radioTurnedOff mDataEnabled=false mDependencyMet=true}
11-09 18:34:55.806  1936  1936 D DCT     : [0]setupDataOnConnectableApns: apnContext {mApnType=ia mState=IDLE mWaitingApns={null} mWaitingApnsPermanentFailureCountDown=0 mApnSetting={null} mReason=radioTurnedOff mDataEnabled=false mDependencyMet=true}
11-09 18:34:55.806  1936  1936 D DCT     : [0]setupDataOnConnectableApns: apnContext {mApnType=fota mState=IDLE mWaitingApns={null} mWaitingApnsPermanentFailureCountDown=0 mApnSetting={null} mReason=radioTurnedOff mDataEnabled=false mDependencyMet=true}
11-09 18:34:55.806  1936  1936 D DCT     : [0]setupDataOnConnectableApns: apnContext {mApnType=ims mState=IDLE mWaitingApns={null} mWaitingApnsPermanentFailureCountDown=0 mApnSetting={null} mReason=radioTurnedOff mDataEnabled=false mDependencyMet=true}
11-09 18:34:55.806  1936  1936 D DCT     : [0]setupDataOnConnectableApns: apnContext {mApnType=cbs mState=IDLE mWaitingApns={null} mWaitingApnsPermanentFailureCountDown=0 mApnSetting={null} mReason=radioTurnedOff mDataEnabled=false mDependencyMet=true}
11-09 18:34:55.806  1936  1936 D DCT     : [0]setupDataOnConnectableApns: apnContext {mApnType=default mState=IDLE mWaitingApns={null} mWaitingApnsPermanentFailureCountDown=0 mApnSetting={null} mReason=radioTurnedOff mDataEnabled=false mDependencyMet=true}
11-09 18:34:55.806  1936  1936 D DCT     : [0]setupDataOnConnectableApns: apnContext {mApnType=emergency mState=IDLE mWaitingApns={null} mWaitingApnsPermanentFailureCountDown=0 mApnSetting={null} mReason=radioTurnedOff mDataEnabled=false mDependencyMet=true}
11-09 18:34:55.806  1936  1936 D DCT     : [0]handleMessage msg={ when=-367ms what=270377 obj=android.os.AsyncResult@be0c71d target=com.android.internal.telephony.dataconnection.DcTracker }
11-09 18:34:55.806  1936  1936 D DCT     : [0]setupDataOnConnectableApns: nwTypeChanged
11-09 18:34:55.806  1936  1936 D DCT     : [0]setupDataOnConnectableApns: apnContext {mApnType=hipri mState=IDLE mWaitingApns={null} mWaitingApnsPermanentFailureCountDown=0 mApnSetting={null} mReason=radioTurnedOff mDataEnabled=false mDependencyMet=true}
11-09 18:34:55.806  1936  1936 D DCT     : [0]setupDataOnConnectableApns: apnContext {mApnType=mms mState=IDLE mWaitingApns={null} mWaitingApnsPermanentFailureCountDown=0 mApnSetting={null} mReason=radioTurnedOff mDataEnabled=false mDependencyMet=true}
11-09 18:34:55.806  1936  1936 D DCT     : [0]setupDataOnConnectableApns: apnContext {mApnType=supl mState=IDLE mWaitingApns={null} mWaitingApnsPermanentFailureCountDown=0 mApnSetting={null} mReason=radioTurnedOff mDataEnabled=false mDependencyMet=true}
11-09 18:34:55.806  1936  1936 D DCT     : [0]setupDataOnConnectableApns: apnContext {mApnType=ia mState=IDLE mWaitingApns={null} mWaitingApnsPermanentFailureCountDown=0 mApnSetting={null} mReason=radioTurnedOff mDataEnabled=false mDependencyMet=true}
11-09 18:34:55.807  1936  1936 D DCT     : [0]setupDataOnConnectableApns: apnContext {mApnType=fota mState=IDLE mWaitingApns={null} mWaitingApnsPermanentFailureCountDown=0 mApnSetting={null} mReason=radioTurnedOff mDataEnabled=false mDependencyMet=true}
11-09 18:34:55.807  1936  1936 D DCT     : [0]setupDataOnConnectableApns: apnContext {mApnType=ims mState=IDLE mWaitingApns={null} mWaitingApnsPermanentFailureCountDown=0 mApnSetting={null} mReason=radioTurnedOff mDataEnabled=false mDependencyMet=true}
11-09 18:34:55.807  1936  1936 D DCT     : [0]setupDataOnConnectableApns: apnContext {mApnType=cbs mState=IDLE mWaitingApns={null} mWaitingApnsPermanentFailureCountDown=0 mApnSetting={null} mReason=radioTurnedOff mDataEnabled=false mDependencyMet=true}
11-09 18:34:55.807  1936  1936 D DCT     : [0]setupDataOnConnectableApns: apnContext {mApnType=default mState=IDLE mWaitingApns={null} mWaitingApnsPermanentFailureCountDown=0 mApnSetting={null} mReason=radioTurnedOff mDataEnabled=false mDependencyMet=true}
11-09 18:34:55.807  1936  1936 D DCT     : [0]setupDataOnConnectableApns: apnContext {mApnType=emergency mState=IDLE mWaitingApns={null} mWaitingApnsPermanentFailureCountDown=0 mApnSetting={null} mReason=radioTurnedOff mDataEnabled=false mDependencyMet=true}
11-09 18:34:55.807  1936  1936 D DCT     : [0]handleMessage msg={ when=-296ms what=270337 obj=android.os.AsyncResult@8cdcd92 target=com.android.internal.telephony.dataconnection.DcTracker }
11-09 18:34:55.807  1936  1936 D DCT     : [0]onRadioAvailable
11-09 18:34:55.828  1936  1936 D DCT     : [0]overall state is IDLE
11-09 18:34:55.828  1936  1936 D DCT     : [0]handleMessage msg={ when=-317ms what=270352 obj=android.os.AsyncResult@52f3363 target=com.android.internal.telephony.dataconnection.DcTracker }
11-09 18:34:55.828  1936  1936 D DCT     : [0]onDataConnectionAttached
11-09 18:34:55.828  1936  1936 D DCT     : [0]overall state is IDLE
11-09 18:34:55.837  1936  2259 D SubscriptionController: [getActiveSubInfoList]+
11-09 18:34:55.838  1936  2259 D SubscriptionController: selection:sim_id>=0 null
11-09 18:34:55.839  1936  2259 D SubscriptionController: [getSubInfoRecord] id:1 iccid:89014103211118510720 simSlotIndex:0 displayName:Android nameSource:0 iconTint:-16746133 dataRoaming:0 mcc:310 mnc:260 countIso:us
11-09 18:34:55.841  1936  2259 D SubscriptionController: [getActiveSubInfoList]- 1 infos return
11-09 18:34:55.843  1936  1949 D SubscriptionController: getSimStateForSlotIdx:  simState=READY ordinal=5
11-09 18:34:55.844  1697  1697 D SubscriptionManager: getSimStateForSubscriber: simState=5 slotIdx=0
11-09 18:34:55.850  1936  2259 D SubscriptionController: [getActiveSubInfoList]+
11-09 18:34:55.850  1936  2259 D SubscriptionController: selection:sim_id>=0 null
11-09 18:34:55.852  1936  1936 D DCT     : [0]setupDataOnConnectableApns: dataAttached
11-09 18:34:55.852  1936  1936 D DCT     : [0]setupDataOnConnectableApns: apnContext {mApnType=hipri mState=IDLE mWaitingApns={null} mWaitingApnsPermanentFailureCountDown=0 mApnSetting={null} mReason=radioTurnedOff mDataEnabled=false mDependencyMet=true}
11-09 18:34:55.852  1936  1936 D DCT     : [0]setupDataOnConnectableApns: apnContext {mApnType=mms mState=IDLE mWaitingApns={null} mWaitingApnsPermanentFailureCountDown=0 mApnSetting={null} mReason=radioTurnedOff mDataEnabled=false mDependencyMet=true}
11-09 18:34:55.852  1936  1936 D DCT     : [0]setupDataOnConnectableApns: apnContext {mApnType=supl mState=IDLE mWaitingApns={null} mWaitingApnsPermanentFailureCountDown=0 mApnSetting={null} mReason=radioTurnedOff mDataEnabled=false mDependencyMet=true}
11-09 18:34:55.852  1936  1936 D DCT     : [0]setupDataOnConnectableApns: apnContext {mApnType=ia mState=IDLE mWaitingApns={null} mWaitingApnsPermanentFailureCountDown=0 mApnSetting={null} mReason=radioTurnedOff mDataEnabled=false mDependencyMet=true}
11-09 18:34:55.852  1936  1936 D DCT     : [0]setupDataOnConnectableApns: apnContext {mApnType=fota mState=IDLE mWaitingApns={null} mWaitingApnsPermanentFailureCountDown=0 mApnSetting={null} mReason=radioTurnedOff mDataEnabled=false mDependencyMet=true}
11-09 18:34:55.852  1936  1936 D DCT     : [0]setupDataOnConnectableApns: apnContext {mApnType=ims mState=IDLE mWaitingApns={null} mWaitingApnsPermanentFailureCountDown=0 mApnSetting={null} mReason=radioTurnedOff mDataEnabled=false mDependencyMet=true}
11-09 18:34:55.852  1936  1936 D DCT     : [0]setupDataOnConnectableApns: apnContext {mApnType=cbs mState=IDLE mWaitingApns={null} mWaitingApnsPermanentFailureCountDown=0 mApnSetting={null} mReason=radioTurnedOff mDataEnabled=false mDependencyMet=true}
11-09 18:34:55.852  1936  1936 D DCT     : [0]setupDataOnConnectableApns: apnContext {mApnType=default mState=IDLE mWaitingApns={null} mWaitingApnsPermanentFailureCountDown=0 mApnSetting={null} mReason=radioTurnedOff mDataEnabled=false mDependencyMet=true}
11-09 18:34:55.852  1936  1936 D DCT     : [0]setupDataOnConnectableApns: apnContext {mApnType=emergency mState=IDLE mWaitingApns={null} mWaitingApnsPermanentFailureCountDown=0 mApnSetting={null} mReason=radioTurnedOff mDataEnabled=false mDependencyMet=true}
11-09 18:34:55.852  1936  1936 D DCT     : [0]handleMessage msg={ when=-342ms what=270348 obj=android.os.AsyncResult@3c7b819 target=com.android.internal.telephony.dataconnection.DcTracker }
11-09 18:34:55.852  1936  1936 D DCT     : [0]onRoamingOff
11-09 18:34:55.852  1936  1936 D DCT     : [0]getDataOnRoamingEnabled: phoneSubId=1 isDataRoamingEnabled=false
11-09 18:34:55.856  1936  2259 D SubscriptionController: [getSubInfoRecord] id:1 iccid:89014103211118510720 simSlotIndex:0 displayName:Android nameSource:0 iconTint:-16746133 dataRoaming:0 mcc:310 mnc:260 countIso:us
11-09 18:34:55.857  1936  2139 D SubscriptionController: [getActiveSubInfoList]- 1 infos return
11-09 18:34:55.860  1936  2259 D SubscriptionController: [getActiveSubInfoList]- 1 infos return
11-09 18:34:55.863  1936  1950 D SubscriptionController: getSimStateForSlotIdx:  simState=READY ordinal=5
11-09 18:34:55.864  1697  1697 D SubscriptionManager: getSimStateForSubscriber: simState=5 slotIdx=0
11-09 18:34:55.872  1584  2067 V KeyguardServiceDelegate: **** SHOWN CALLED ****
11-09 18:34:55.876  1936  1950 D SubscriptionController: [getActiveSubInfoList]+
11-09 18:34:55.877  1936  1950 D SubscriptionController: selection:sim_id>=0 null
11-09 18:34:55.881  1584  1603 D         : HostConnection::get() New Host Connection established 0xae438e00, tid 1603
11-09 18:34:55.881  1584  1597 D GpsLocationProvider: SIM MCC/MNC is available: 310260
11-09 18:34:55.881  1584  1597 D GpsLocationProvider: Reset GPS properties, previous size = 5
11-09 18:34:55.881  1584  1597 D GpsLocationProvider: GpsParamsResource: SUPL_HOST=supl.google.com
11-09 18:34:55.881  1584  1597 D GpsLocationProvider: GpsParamsResource: SUPL_PORT=7275
11-09 18:34:55.881  1584  1597 D GpsLocationProvider: GpsParamsResource: NTP_SERVER=north-america.pool.ntp.org
11-09 18:34:55.881  1584  1597 D GpsLocationProvider: GpsParamsResource: SUPL_VER=0x20000
11-09 18:34:55.881  1584  1597 D GpsLocationProvider: GpsParamsResource: SUPL_MODE=1
11-09 18:34:55.882  1584  1597 W GpsLocationProvider: Could not open GPS configuration file /etc/gps.conf
11-09 18:34:55.882  1584  1597 D GpsLocationProvider: GPS properties reloaded, size = 5
11-09 18:34:55.882  1584  1597 E GpsLocationProvider: no AGPS interface in set_agps_server
11-09 18:34:55.884  1936  1950 D SubscriptionController: [getSubInfoRecord] id:1 iccid:89014103211118510720 simSlotIndex:0 displayName:Android nameSource:0 iconTint:-16746133 dataRoaming:0 mcc:310 mnc:260 countIso:us
11-09 18:34:55.888  1936  1950 D SubscriptionController: [getActiveSubInfoList]- 1 infos return
11-09 18:34:55.890  1936  2259 D SubscriptionController: getSimStateForSlotIdx:  simState=READY ordinal=5
11-09 18:34:55.890  1697  1697 D SubscriptionManager: getSimStateForSubscriber: simState=5 slotIdx=0
11-09 18:34:55.891  1936  1949 D SubscriptionController: [getActiveSubInfoList]+
11-09 18:34:55.891  1936  1949 D SubscriptionController: selection:sim_id>=0 null
11-09 18:34:55.893  1584  1597 D GpsLocationProvider: received SIM related action: 
11-09 18:34:55.895  1936  1949 D SubscriptionController: [getSubInfoRecord] id:1 iccid:89014103211118510720 simSlotIndex:0 displayName:Android nameSource:0 iconTint:-16746133 dataRoaming:0 mcc:310 mnc:260 countIso:us
11-09 18:34:55.897  1231  1231 I sf_frame_dur: [KeyguardScrim,0,0,0,0,0,1,0]
11-09 18:34:55.903  1936  1949 D SubscriptionController: [getActiveSubInfoList]- 1 infos return
11-09 18:34:55.906  1936  2259 D SubscriptionController: getSimStateForSlotIdx:  simState=READY ordinal=5
11-09 18:34:55.906  1697  1697 D SubscriptionManager: getSimStateForSubscriber: simState=5 slotIdx=0
11-09 18:34:55.912  1697  1697 D PhoneStatusBar: disable: < expand* icons alerts system_info back* home* recent* clock search* quick_settings >
11-09 18:34:55.917  1697  2156 D EGL_emulation: eglMakeCurrent: 0xae414a20: ver 2 0 (tinfo 0xa24823d0)
11-09 18:34:55.918  1936  1936 D DCT     : [0]setupDataOnConnectableApns: roamingOff
11-09 18:34:55.918  1936  1936 D DCT     : [0]setupDataOnConnectableApns: apnContext {mApnType=hipri mState=IDLE mWaitingApns={null} mWaitingApnsPermanentFailureCountDown=0 mApnSetting={null} mReason=radioTurnedOff mDataEnabled=false mDependencyMet=true}
11-09 18:34:55.918  1936  1936 D DCT     : [0]setupDataOnConnectableApns: apnContext {mApnType=mms mState=IDLE mWaitingApns={null} mWaitingApnsPermanentFailureCountDown=0 mApnSetting={null} mReason=radioTurnedOff mDataEnabled=false mDependencyMet=true}
11-09 18:34:55.918  1936  1936 D DCT     : [0]setupDataOnConnectableApns: apnContext {mApnType=supl mState=IDLE mWaitingApns={null} mWaitingApnsPermanentFailureCountDown=0 mApnSetting={null} mReason=radioTurnedOff mDataEnabled=false mDependencyMet=true}
11-09 18:34:55.918  1936  1936 D DCT     : [0]setupDataOnConnectableApns: apnContext {mApnType=ia mState=IDLE mWaitingApns={null} mWaitingApnsPermanentFailureCountDown=0 mApnSetting={null} mReason=radioTurnedOff mDataEnabled=false mDependencyMet=true}
11-09 18:34:55.918  1936  1936 D DCT     : [0]setupDataOnConnectableApns: apnContext {mApnType=fota mState=IDLE mWaitingApns={null} mWaitingApnsPermanentFailureCountDown=0 mApnSetting={null} mReason=radioTurnedOff mDataEnabled=false mDependencyMet=true}
11-09 18:34:55.918  1936  1936 D DCT     : [0]setupDataOnConnectableApns: apnContext {mApnType=ims mState=IDLE mWaitingApns={null} mWaitingApnsPermanentFailureCountDown=0 mApnSetting={null} mReason=radioTurnedOff mDataEnabled=false mDependencyMet=true}
11-09 18:34:55.918  1936  1936 D DCT     : [0]setupDataOnConnectableApns: apnContext {mApnType=cbs mState=IDLE mWaitingApns={null} mWaitingApnsPermanentFailureCountDown=0 mApnSetting={null} mReason=radioTurnedOff mDataEnabled=false mDependencyMet=true}
11-09 18:34:55.918  1936  1936 D DCT     : [0]setupDataOnConnectableApns: apnContext {mApnType=default mState=IDLE mWaitingApns={null} mWaitingApnsPermanentFailureCountDown=0 mApnSetting={null} mReason=radioTurnedOff mDataEnabled=false mDependencyMet=true}
11-09 18:34:55.918  1936  1936 D DCT     : [0]setupDataOnConnectableApns: apnContext {mApnType=emergency mState=IDLE mWaitingApns={null} mWaitingApnsPermanentFailureCountDown=0 mApnSetting={null} mReason=radioTurnedOff mDataEnabled=false mDependencyMet=true}
11-09 18:34:55.918  1936  1936 D DCT     : [0]handleMessage msg={ when=-408ms what=270377 obj=android.os.AsyncResult@992bcd5 target=com.android.internal.telephony.dataconnection.DcTracker }
11-09 18:34:55.918  1936  1936 D DCT     : [0]setupDataOnConnectableApns: nwTypeChanged
11-09 18:34:55.918  1936  1936 D DCT     : [0]setupDataOnConnectableApns: apnContext {mApnType=hipri mState=IDLE mWaitingApns={null} mWaitingApnsPermanentFailureCountDown=0 mApnSetting={null} mReason=radioTurnedOff mDataEnabled=false mDependencyMet=true}
11-09 18:34:55.918  1936  1936 D DCT     : [0]setupDataOnConnectableApns: apnContext {mApnType=mms mState=IDLE mWaitingApns={null} mWaitingApnsPermanentFailureCountDown=0 mApnSetting={null} mReason=radioTurnedOff mDataEnabled=false mDependencyMet=true}
11-09 18:34:55.918  1936  1936 D DCT     : [0]setupDataOnConnectableApns: apnContext {mApnType=supl mState=IDLE mWaitingApns={null} mWaitingApnsPermanentFailureCountDown=0 mApnSetting={null} mReason=radioTurnedOff mDataEnabled=false mDependencyMet=true}
11-09 18:34:55.918  1936  1936 D DCT     : [0]setupDataOnConnectableApns: apnContext {mApnType=ia mState=IDLE mWaitingApns={null} mWaitingApnsPermanentFailureCountDown=0 mApnSetting={null} mReason=radioTurnedOff mDataEnabled=false mDependencyMet=true}
11-09 18:34:55.918  1936  1936 D DCT     : [0]setupDataOnConnectableApns: apnContext {mApnType=fota mState=IDLE mWaitingApns={null} mWaitingApnsPermanentFailureCountDown=0 mApnSetting={null} mReason=radioTurnedOff mDataEnabled=false mDependencyMet=true}
11-09 18:34:55.918  1936  1936 D DCT     : [0]setupDataOnConnectableApns: apnContext {mApnType=ims mState=IDLE mWaitingApns={null} mWaitingApnsPermanentFailureCountDown=0 mApnSetting={null} mReason=radioTurnedOff mDataEnabled=false mDependencyMet=true}
11-09 18:34:55.918  1936  1936 D DCT     : [0]setupDataOnConnectableApns: apnContext {mApnType=cbs mState=IDLE mWaitingApns={null} mWaitingApnsPermanentFailureCountDown=0 mApnSetting={null} mReason=radioTurnedOff mDataEnabled=false mDependencyMet=true}
11-09 18:34:55.918  1936  1936 D DCT     : [0]setupDataOnConnectableApns: apnContext {mApnType=default mState=IDLE mWaitingApns={null} mWaitingApnsPermanentFailureCountDown=0 mApnSetting={null} mReason=radioTurnedOff mDataEnabled=false mDependencyMet=true}
11-09 18:34:55.918  1936  1936 D DCT     : [0]setupDataOnConnectableApns: apnContext {mApnType=emergency mState=IDLE mWaitingApns={null} mWaitingApnsPermanentFailureCountDown=0 mApnSetting={null} mReason=radioTurnedOff mDataEnabled=false mDependencyMet=true}
11-09 18:34:55.918  1936  1936 D DCT     : [0]handleMessage msg={ when=-408ms what=270377 obj=android.os.AsyncResult@ac17cea target=com.android.internal.telephony.dataconnection.DcTracker }
11-09 18:34:55.918  1936  1936 D DCT     : [0]setupDataOnConnectableApns: nwTypeChanged
11-09 18:34:55.918  1936  1936 D DCT     : [0]setupDataOnConnectableApns: apnContext {mApnType=hipri mState=IDLE mWaitingApns={null} mWaitingApnsPermanentFailureCountDown=0 mApnSetting={null} mReason=radioTurnedOff mDataEnabled=false mDependencyMet=true}
11-09 18:34:55.918  1936  1936 D DCT     : [0]setupDataOnConnectableApns: apnContext {mApnType=mms mState=IDLE mWaitingApns={null} mWaitingApnsPermanentFailureCountDown=0 mApnSetting={null} mReason=radioTurnedOff mDataEnabled=false mDependencyMet=true}
11-09 18:34:55.918  1936  1936 D DCT     : [0]setupDataOnConnectableApns: apnContext {mApnType=supl mState=IDLE mWaitingApns={null} mWaitingApnsPermanentFailureCountDown=0 mApnSetting={null} mReason=radioTurnedOff mDataEnabled=false mDependencyMet=true}
11-09 18:34:55.918  1936  1936 D DCT     : [0]setupDataOnConnectableApns: apnContext {mApnType=ia mState=IDLE mWaitingApns={null} mWaitingApnsPermanentFailureCountDown=0 mApnSetting={null} mReason=radioTurnedOff mDataEnabled=false mDependencyMet=true}
11-09 18:34:55.918  1936  1936 D DCT     : [0]setupDataOnConnectableApns: apnContext {mApnType=fota mState=IDLE mWaitingApns={null} mWaitingApnsPermanentFailureCountDown=0 mApnSetting={null} mReason=radioTurnedOff mDataEnabled=false mDependencyMet=true}
11-09 18:34:55.918  1936  1936 D DCT     : [0]setupDataOnConnectableApns: apnContext {mApnType=ims mState=IDLE mWaitingApns={null} mWaitingApnsPermanentFailureCountDown=0 mApnSetting={null} mReason=radioTurnedOff mDataEnabled=false mDependencyMet=true}
11-09 18:34:55.918  1936  1936 D DCT     : [0]setupDataOnConnectableApns: apnContext {mApnType=cbs mState=IDLE mWaitingApns={null} mWaitingApnsPermanentFailureCountDown=0 mApnSetting={null} mReason=radioTurnedOff mDataEnabled=false mDependencyMet=true}
11-09 18:34:55.918  1936  1936 D DCT     : [0]setupDataOnConnectableApns: apnContext {mApnType=default mState=IDLE mWaitingApns={null} mWaitingApnsPermanentFailureCountDown=0 mApnSetting={null} mReason=radioTurnedOff mDataEnabled=false mDependencyMet=true}
11-09 18:34:55.918  1936  1936 D DCT     : [0]setupDataOnConnectableApns: apnContext {mApnType=emergency mState=IDLE mWaitingApns={null} mWaitingApnsPermanentFailureCountDown=0 mApnSetting={null} mReason=radioTurnedOff mDataEnabled=false mDependencyMet=true}
11-09 18:34:55.918  1936  1936 D DCT     : [0]handleMessage msg={ when=-408ms what=270377 obj=android.os.AsyncResult@f6dabdb target=com.android.internal.telephony.dataconnection.DcTracker }
11-09 18:34:55.918  1936  1936 D DCT     : [0]setupDataOnConnectableApns: nwTypeChanged
11-09 18:34:55.918  1936  1936 D DCT     : [0]setupDataOnConnectableApns: apnContext {mApnType=hipri mState=IDLE mWaitingApns={null} mWaitingApnsPermanentFailureCountDown=0 mApnSetting={null} mReason=radioTurnedOff mDataEnabled=false mDependencyMet=true}
11-09 18:34:55.918  1936  1936 D DCT     : [0]setupDataOnConnectableApns: apnContext {mApnType=mms mState=IDLE mWaitingApns={null} mWaitingApnsPermanentFailureCountDown=0 mApnSetting={null} mReason=radioTurnedOff mDataEnabled=false mDependencyMet=true}
11-09 18:34:55.918  1936  1936 D DCT     : [0]setupDataOnConnectableApns: apnContext {mApnType=supl mState=IDLE mWaitingApns={null} mWaitingApnsPermanentFailureCountDown=0 mApnSetting={null} mReason=radioTurnedOff mDataEnabled=false mDependencyMet=true}
11-09 18:34:55.918  1936  1936 D DCT     : [0]setupDataOnConnectableApns: apnContext {mApnType=ia mState=IDLE mWaitingApns={null} mWaitingApnsPermanentFailureCountDown=0 mApnSetting={null} mReason=radioTurnedOff mDataEnabled=false mDependencyMet=true}
11-09 18:34:55.918  1936  1936 D DCT     : [0]setupDataOnConnectableApns: apnContext {mApnType=fota mState=IDLE mWaitingApns={null} mWaitingApnsPermanentFailureCountDown=0 mApnSetting={null} mReason=radioTurnedOff mDataEnabled=false mDependencyMet=true}
11-09 18:34:55.918  1936  1936 D DCT     : [0]setupDataOnConnectableApns: apnContext {mApnType=ims mState=IDLE mWaitingApns={null} mWaitingApnsPermanentFailureCountDown=0 mApnSetting={null} mReason=radioTurnedOff mDataEnabled=false mDependencyMet=true}
11-09 18:34:55.918  1936  1936 D DCT     : [0]setupDataOnConnectableApns: apnContext {mApnType=cbs mState=IDLE mWaitingApns={null} mWaitingApnsPermanentFailureCountDown=0 mApnSetting={null} mReason=radioTurnedOff mDataEnabled=false mDependencyMet=true}
11-09 18:34:55.918  1936  1936 D DCT     : [0]setupDataOnConnectableApns: apnContext {mApnType=default mState=IDLE mWaitingApns={null} mWaitingApnsPermanentFailureCountDown=0 mApnSetting={null} mReason=radioTurnedOff mDataEnabled=false mDependencyMet=true}
11-09 18:34:55.918  1936  1936 D DCT     : [0]setupDataOnConnectableApns: apnContext {mApnType=emergency mState=IDLE mWaitingApns={null} mWaitingApnsPermanentFailureCountDown=0 mApnSetting={null} mReason=radioTurnedOff mDataEnabled=false mDependencyMet=true}
11-09 18:34:55.918  1936  1936 D DCT     : [0]handleMessage msg={ when=-408ms what=270377 obj=android.os.AsyncResult@2711678 target=com.android.internal.telephony.dataconnection.DcTracker }
11-09 18:34:55.918  1936  1936 D DCT     : [0]setupDataOnConnectableApns: nwTypeChanged
11-09 18:34:55.918  1936  1936 D DCT     : [0]setupDataOnConnectableApns: apnContext {mApnType=hipri mState=IDLE mWaitingApns={null} mWaitingApnsPermanentFailureCountDown=0 mApnSetting={null} mReason=radioTurnedOff mDataEnabled=false mDependencyMet=true}
11-09 18:34:55.918  1936  1936 D DCT     : [0]setupDataOnConnectableApns: apnContext {mApnType=mms mState=IDLE mWaitingApns={null} mWaitingApnsPermanentFailureCountDown=0 mApnSetting={null} mReason=radioTurnedOff mDataEnabled=false mDependencyMet=true}
11-09 18:34:55.918  1936  1936 D DCT     : [0]setupDataOnConnectableApns: apnContext {mApnType=supl mState=IDLE mWaitingApns={null} mWaitingApnsPermanentFailureCountDown=0 mApnSetting={null} mReason=radioTurnedOff mDataEnabled=false mDependencyMet=true}
11-09 18:34:55.918  1936  1936 D DCT     : [0]setupDataOnConnectableApns: apnContext {mApnType=ia mState=IDLE mWaitingApns={null} mWaitingApnsPermanentFailureCountDown=0 mApnSetting={null} mReason=radioTurnedOff mDataEnabled=false mDependencyMet=true}
11-09 18:34:55.918  1936  1936 D DCT     : [0]setupDataOnConnectableApns: apnContext {mApnType=fota mState=IDLE mWaitingApns={null} mWaitingApnsPermanentFailureCountDown=0 mApnSetting={null} mReason=radioTurnedOff mDataEnabled=false mDependencyMet=true}
11-09 18:34:55.918  1936  1936 D DCT     : [0]setupDataOnConnectableApns: apnContext {mApnType=ims mState=IDLE mWaitingApns={null} mWaitingApnsPermanentFailureCountDown=0 mApnSetting={null} mReason=radioTurnedOff mDataEnabled=false mDependencyMet=true}
11-09 18:34:55.918  1936  1936 D DCT     : [0]setupDataOnConnectableApns: apnContext {mApnType=cbs mState=IDLE mWaitingApns={null} mWaitingApnsPermanentFailureCountDown=0 mApnSetting={null} mReason=radioTurnedOff mDataEnabled=false mDependencyMet=true}
11-09 18:34:55.919  1936  1936 D DCT     : [0]setupDataOnConnectableApns: apnContext {mApnType=default mState=IDLE mWaitingApns={null} mWaitingApnsPermanentFailureCountDown=0 mApnSetting={null} mReason=radioTurnedOff mDataEnabled=false mDependencyMet=true}
11-09 18:34:55.919  1936  1936 D DCT     : [0]setupDataOnConnectableApns: apnContext {mApnType=emergency mState=IDLE mWaitingApns={null} mWaitingApnsPermanentFailureCountDown=0 mApnSetting={null} mReason=radioTurnedOff mDataEnabled=false mDependencyMet=true}
11-09 18:34:55.919  1936  1936 D GsmSST  : [GsmSST] SubscriptionListener.onSubscriptionInfoChanged
11-09 18:34:55.922  1936  1936 D PhoneFactory: calculatePreferredNetworkType: phoneSubId = 1 networkType = 0
11-09 18:34:55.922  1936  1936 D PhoneBase: setPreferredNetworkType: Abort, unknown RAF: 1 101902
11-09 18:34:55.922  1936  1936 D PhoneBase: setNetworkSelectionModeAutomatic, querying current mode
11-09 18:34:55.922  1936  1936 D RILJ    : [3732]> QUERY_NETWORK_SELECTION_MODE [SUB0]
11-09 18:34:55.923  1936  1936 D DCT     : [0]getDataEnabled: getIntWithSubId retVal=true
11-09 18:34:55.923  1936  1936 D DCT     : [0]setDataEnabled: sendMessage: enable=true
11-09 18:34:55.923  1936  1936 D TelephonyManager: setTelephonyProperty: success phoneId=0 property=gsm.network.type value: LTE propVal=LTE
11-09 18:34:55.923  1313  1581 D 