11-09 18:34:55.167  1914  1914 I GCoreNlp: shouldConfirmNlp, NLP off. Ensuring opt-in disabled
11-09 18:34:55.191  1584  2067 I AccountManagerService: getTypesVisibleToCaller: isPermitted? true
11-09 18:34:55.193  2054  2204 I FA-SVC  : This instance being marked as an uploader
11-09 18:34:55.200  1956  1956 I am_on_resume_called: [0,com.android.launcher3.Launcher]
11-09 18:34:55.201  1936  1936 D SubscriptionController: [getSubId]- sSlotIdxToSubId.size == 0, return DummySubIds slotIdx=0
11-09 18:34:55.203  1936  1936 D SIMRecords: [SIMRecords] getServiceProviderName: no brandOverride
11-09 18:34:55.203  1936  1936 D SIMRecords: [SIMRecords] getServiceProviderName: providerName=Android
11-09 18:34:55.203  1936  1936 D SIMRecords: [SIMRecords] Load EF_SPN_CPHS: Android
11-09 18:34:55.203  1936  1936 D SIMRecords: [SIMRecords] getServiceProviderName: no brandOverride
11-09 18:34:55.203  1936  1936 D SIMRecords: [SIMRecords] getServiceProviderName: providerName=Android
11-09 18:34:55.203  1936  1936 D TelephonyManager: setTelephonyProperty: success phoneId=0 property=gsm.sim.operator.alpha value: Android propVal=Android
11-09 18:34:55.203  1936  1936 D SIMRecords: [SIMRecords] onRecordLoaded 1 requested: true
11-09 18:34:55.203  1936  1936 D SIMRecords: [SIMRecords] VM: ADN Record 'Voicemail' '+15552175049 null' EF[MBDN]
11-09 18:34:55.203  1936  1936 D SIMRecords: [SIMRecords] onRecordLoaded 0 requested: true
11-09 18:34:55.203  1936  1936 D SIMRecords: [SIMRecords] record load complete
11-09 18:34:55.204  1936  1936 D SIMRecords: [SIMRecords] onAllRecordsLoaded set 'gsm.sim.operator.numeric' to operator='310260'
11-09 18:34:55.204  1936  1936 D SIMRecords: [SIMRecords] update icc_operator_numeric=310260
11-09 18:34:55.204  1936  1936 D TelephonyManager: setTelephonyProperty: success phoneId=0 property=gsm.sim.operator.numeric value: 310260 propVal=310260
11-09 18:34:55.206  1936  1936 D SubscriptionController: [setMccMnc]+ mcc/mnc:310/260 subId:1
11-09 18:34:55.213  1936  1936 D SubscriptionController: notifySubscriptionInfoChanged:
11-09 18:34:55.213  1936  1936 D SIMRecords: [SIMRecords] onAllRecordsLoaded set mcc imsi
11-09 18:34:55.213  1936  1936 D TelephonyManager: setTelephonyProperty: success phoneId=0 property=gsm.sim.operator.iso-country value: us propVal=us
11-09 18:34:55.213  1936  1936 D GsmSST  : [GsmSST] SubscriptionListener.onSubscriptionInfoChanged
11-09 18:34:55.213  1936  1936 D SubscriptionController: [getSubId]- sSlotIdxToSubId.size == 0, return DummySubIds slotIdx=0
11-09 18:34:55.213  1936  1936 D DCT     : [0]SubscriptionListener.onSubscriptionInfoChanged
11-09 18:34:55.213  1936  1936 D SubscriptionController: [getSubId]- sSlotIdxToSubId.size == 0, return DummySubIds slotIdx=0
11-09 18:34:55.214  1936  1936 D SubscriptionController: [getActiveSubInfoList]+
11-09 18:34:55.214  1936  1936 D SubscriptionController: [getActiveSubInfoList] Sub Controller not ready
11-09 18:34:55.214  1936  1936 I Telephony: PstnIncomingCallNotifier: Unregistering: Handler (com.android.internal.telephony.gsm.GSMPhone) {60f8cf8}
11-09 18:34:55.215  1936  1936 E PhoneBase: Error! unregisterForCallWaiting() in PhoneBase should not be called, CDMAPhone inactive.
11-09 18:34:55.215  1936  1936 D SubscriptionController: [getSubId]- sSlotIdxToSubId.size == 0, return DummySubIds slotIdx=0
11-09 18:34:55.215  1936  1936 D SubscriptionController: [getSubId]- sSlotIdxToSubId.size == 0, return DummySubIds slotIdx=0
11-09 18:34:55.215  1936  1936 D SubscriptionController: [getPhoneId]- invalid subId return=-1
11-09 18:34:55.215  1936  1936 E PhoneInterfaceManager: [PhoneIntfMgr] getIccId: No UICC
11-09 18:34:55.216  1584  1954 I Telecom : PhoneAccountRegistrar: [ComponentInfo{com.android.phone/com.android.services.telephony.TelephonyConnectionService}, [e0184adedf913b076626646d3f52c3b49c39ad6d], UserHandle{0}(addr: tel:*********** -> tel:)(icon: Icon(typ=BITMAP size=57x72) -> Icon(typ=BITMAP size=57x72))(subAddr: tel:*********** -> tel:)]
11-09 18:34:55.217  1584  1597 D GpsLocationProvider: received SIM related action: 
11-09 18:34:55.222  1936  1949 D SubscriptionController: [getActiveSubInfoList]+
11-09 18:34:55.223  1936  1949 D SubscriptionController: [getActiveSubInfoList] Sub Controller not ready
11-09 18:34:55.225  1584  1954 I Telecom : : Sending phone-account intent as user
11-09 18:34:55.225  1936  1936 I Telephony: AccountEntry: Registered phoneAccount: [[ ] PhoneAccount: ComponentInfo{com.android.phone/com.android.services.telephony.TelephonyConnectionService}, [e0184adedf913b076626646d3f52c3b49c39ad6d], UserHandle{0} Capabilities: 54 Schemes: tel voicemail ] with handle: ComponentInfo{com.android.phone/com.android.services.telephony.TelephonyConnectionService}, [e0184adedf913b076626646d3f52c3b49c39ad6d], UserHandle{0}
11-09 18:34:55.225  1936  1936 I Telephony: PstnIncomingCallNotifier: Registering: Handler (com.android.internal.telephony.gsm.GSMPhone) {60f8cf8}
11-09 18:34:55.225  1936  1936 E PhoneBase: Error! registerForCallWaiting() in PhoneBase should not be called, CDMAPhone inactive.
11-09 18:34:55.231  1956  2152 D EGL_emulation: eglMakeCurrent: 0xae4145a0: ver 2 0 (tinfo 0xae412710)
11-09 18:34:55.241  1584  2188 W Telecom : : No account found for the calling user
11-09 18:34:55.243  1936  1936 D CAT     : CatService: handleMessage[20]
11-09 18:34:55.246  1936  1936 D SubscriptionController: [getSubId]- sSlotIdxToSubId.size == 0, return DummySubIds slotIdx=0
11-09 18:34:55.246  1936  1936 D GSMPhone: [GSMPhone] updateCurrentCarrierInProvider: mSubId = -2 currentDds = 1 operatorNumeric = 310260
11-09 18:34:55.246  1936  1936 D SubscriptionController: [getSubId]- sSlotIdxToSubId.size == 0, return DummySubIds slotIdx=0
11-09 18:34:55.246  1936  1936 D SIMRecords: [SIMRecords]  VoiceMessageCount from SIM MWIS = 0
11-09 18:34:55.246  1936  1936 D PhoneBase: Voicemail count retrieval returning 0 as count for matching subscriberId not found
11-09 18:34:55.246  1936  1936 D SubscriptionController: [getSubId]- sSlotIdxToSubId.size == 0, return DummySubIds slotIdx=0
11-09 18:34:55.246  1936  1936 D GSMPhone: updateVoiceMail countVoiceMessages = 0 subId -2
11-09 18:34:55.246  1936  1936 D SubscriptionController: [getSubId]- sSlotIdxToSubId.size == 0, return DummySubIds slotIdx=0
11-09 18:34:55.247  1936  1936 D GsmSST  : [GsmSST] EVENT_SIM_RECORDS_LOADED: what=16
11-09 18:34:55.247  1936  1936 D PhoneProxy: [PhoneProxy] updatePhoneObject: radioTechnology=0
11-09 18:34:55.247  1936  1936 D SIMRecords: [SIMRecords] getServiceProviderName: no brandOverride
11-09 18:34:55.247  1936  1936 D SIMRecords: [SIMRecords] getServiceProviderName: providerName=Android
11-09 18:34:55.247  1936  1936 D SIMRecords: [SIMRecords] getServiceProviderName: no brandOverride
11-09 18:34:55.247  1936  1936 D SIMRecords: [SIMRecords] getServiceProviderName: providerName=Android
11-09 18:34:55.249  1936  1936 D SubscriptionController: [getSubId]- sSlotIdxToSubId.size == 0, return DummySubIds slotIdx=0
11-09 18:34:55.249  1936  1936 D GsmSST  : [GsmSST] updateSpnDisplay: changed sending intent rule=2 showPlmn='true' plmn='Android' showSpn='false' spn='null' dataSpn='Android' subId='-2'
11-09 18:34:55.249  1697  2156 D         : HostConnection::get() New Host Connection established 0xb2afc100, tid 2156
11-09 18:34:55.250  1936  1936 D SubscriptionController: [getSubId]- sSlotIdxToSubId.size == 0, return DummySubIds slotIdx=0
11-09 18:34:55.251  1936  1936 D SubscriptionController: [getSubId]- sSlotIdxToSubId.size == 0, return DummySubIds slotIdx=0
11-09 18:34:55.251  1936  1936 D SubscriptionController: [setPlmnSpn] No valid subscription to store info
11-09 18:34:55.254  1936  1936 D SubscriptionController: notifySubscriptionInfoChanged:
11-09 18:34:55.274  1936  1936 D DCT     : [0]handleMessage msg={ when=-61ms what=270338 obj=android.os.AsyncResult@7741b7e target=com.android.internal.telephony.dataconnection.DcTracker }
11-09 18:34:55.274  1936  1936 D DCT     : [0]onRecordsLoaded: createAllApnList
11-09 18:34:55.274  1936  1936 D DCT     : [0]createAllApnList: selection=numeric = '310260'
11-09 18:34:55.276  1584  1598 I boot_progress_enable_screen: 6714
11-09 18:34:55.277  1584  1598 V KeyguardServiceDelegate: *** Keyguard started
11-09 18:34:55.277  1584  1598 I screen_toggled: 1
11-09 18:34:55.278  1584  1598 W KeyguardServiceDelegate: onScreenTurningOn(): no keyguard service!
11-09 18:34:55.279  1936  1936 D DCT     : [0]createApnList: X result=[[ApnSettingV3] T-Mobile US, 1, 310260, epc.tmobile.com, , http://mms.msg.eng.t-mobile.com/mms/wapenc, , , , -1, *, IP, IP, true, 0, 0, 0, false, 0, 0, 0, 0, , ]
11-09 18:34:55.279  1936  1936 D SubscriptionController: [getSubId]- sSlotIdxToSubId.size == 0, return DummySubIds slotIdx=0
11-09 18:34:55.279  1936  1936 D TelephonyProvider: subIdString = -2 subId = -2
11-09 18:34:55.283  1936  2139 D SubscriptionController: [getActiveSubInfoList]+
11-09 18:34:55.285  1936  1936 D DCT     : [0]getPreferredApn: mRequestedApnType=default cursor=android.content.ContentResolver$CursorWrapperInner@e4448df cursor.count=0
11-09 18:34:55.286  1936  1936 D DCT     : [0]getPreferredApn: X not found
11-09 18:34:55.286  1936  1936 D DCT     : [0]createAllApnList: mPreferredApn=null
11-09 18:34:55.286  1936  1936 D DCT     : [0]createAllApnList: X mAllApnSettings=[[ApnSettingV3] T-Mobile US, 1, 310260, epc.tmobile.com, , http://mms.msg.eng.t-mobile.com/mms/wapenc, , , , -1, *, IP, IP, true, 0, 0, 0, false, 0, 0, 0, 0, , ]
11-09 18:34:55.286  1936  1936 D DCT     : [0]setDataProfilesAsNeeded
11-09 18:34:55.286  1936  1936 D DCT     : [0]setInitialApn: E mPreferredApn=null
11-09 18:34:55.286  1936  1936 D DCT     : [0]setInitialApn: firstApnSetting=[ApnSettingV3] T-Mobile US, 1, 310260, epc.tmobile.com, , http://mms.msg.eng.t-mobile.com/mms/wapenc, , , , -1, *, IP, IP, true, 0, 0, 0, false, 0, 0, 0, 0, , 
11-09 18:34:55.286  1936  1936 D DCT     : [0]setInitialApn: defaultApnSetting=[ApnSettingV3] T-Mobile US, 1, 310260, epc.tmobile.com, , http://mms.msg.eng.t-mobile.com/mms/wapenc, , , , -1, *, IP, IP, true, 0, 0, 0, false, 0, 0, 0, 0, , 
11-09 18:34:55.286  1936  1936 D DCT     : [0]setInitialAttachApn: using defaultApnSetting
11-09 18:34:55.286  1936  1936 D DCT     : [0]setInitialAttachApn: X selected Apn=[ApnSettingV3] T-Mobile US, 1, 310260, epc.tmobile.com, , http://mms.msg.eng.t-mobile.com/mms/wapenc, , , , -1, *, IP, IP, true, 0, 0, 0, false, 0, 0, 0, 0, , 
11-09 18:34:55.286  1936  1936 D RILJ    : Set RIL_REQUEST_SET_INITIAL_ATTACH_APN [SUB0]
11-09 18:34:55.286  1936  1936 D RILJ    : [3730]> RIL_REQUEST_SET_INITIAL_ATTACH_APN, apn:epc.tmobile.com, protocol:IP, authType:-1, username:none, password:none [SUB0]
11-09 18:34:55.286  1936  1936 D DCT     : [0]onRecordsLoaded: notifying data availability
11-09 18:34:55.286  1936  1936 D SubscriptionController: [getSubId]- sSlotIdxToSubId.size == 0, return DummySubIds slotIdx=0
11-09 18:34:55.287  1313  1581 D RIL     : onRequest: RIL_REQUEST_SET_INITIAL_ATTACH_APN
11-09 18:34:55.287  1313  1581 D RIL     : Request not supported. Tech: 1
11-09 18:34:55.287  1936  2059 D RilRequest: [3730]< RIL_REQUEST_SET_INITIAL_ATTACH_APN error: com.android.internal.telephony.CommandException: REQUEST_NOT_SUPPORTED ret=
11-09 18:34:55.288  1956  1956 I Launcher.Model: not binding apps: no Launcher activity
11-09 18:34:55.288  1914  1914 I GCoreNlp: shouldConfirmNlp, NLP off. Ensuring opt-in disabled
11-09 18:34:55.291  1936  1936 D SubscriptionController: [getPhoneId]- invalid subId return=-1
11-09 18:34:55.293  1936  1936 D SubscriptionController: [getSubId]- sSlotIdxToSubId.size == 0, return DummySubIds slotIdx=0
11-09 18:34:55.296  1936  1936 D SubscriptionController: [getPhoneId]- invalid subId return=-1
11-09 18:34:55.297  1936  1936 D SubscriptionController: [getSubId]- sSlotIdxToSubId.size == 0, return DummySubIds slotIdx=0
11-09 18:34:55.297  1936  1936 D SubscriptionController: [getPhoneId]- invalid subId return=-1
11-09 18:34:55.298  1936  1936 D SubscriptionController: [getSubId]- sSlotIdxToSubId.size == 0, return DummySubIds slotIdx=0
11-09 18:34:55.298  1936  2139 D SubscriptionController: [getActiveSubInfoList] Sub Controller not ready
11-09 18:34:55.299  1697  2156 W         : Unrecognized GLES max version string in extensions: ANDROID_EMU_CHECKSUM_HELPER_v1 ANDROID_EMU_dma_v1 
11-09 18:34:55.300  1936  1936 D SubscriptionController: [getPhoneId]- invalid subId return=-1
11-09 18:34:55.300  1697  2156 I OpenGLRenderer: Initialized EGL, version 1.4
11-09 18:34:55.301  1697  2156 W OpenGLRenderer: Failed to choose config with EGL_SWAP_BEHAVIOR_PRESERVED, retrying without...
11-09 18:34:55.301  1936  1936 D SubscriptionController: [getSubId]- sSlotIdxToSubId.size == 0, return DummySubIds slotIdx=0
11-09 18:34:55.303  1697  2156 D EGL_emulation: eglCreateContext: 0xae414a20: maj 2 min 0 rcv 2
11-09 18:34:55.304  1697  2156 D EGL_emulation: eglMakeCurrent: 0xae414a20: ver 2 0 (tinfo 0xa24823d0)
11-09 18:34:55.305  1936  1936 D SubscriptionController: [getPhoneId]- invalid subId return=-1
11-09 18:34:55.309  1936  1936 D SubscriptionController: [getSubId]- sSlotIdxToSubId.size == 0, return DummySubIds slotIdx=0
11-09 18:34:55.310  1936  1936 D SubscriptionController: [getPhoneId]- invalid subId return=-1
11-09 18:34:55.310  1936  1936 D SubscriptionController: [getSubId]- sSlotIdxToSubId.size == 0, return DummySubIds slotIdx=0
11-09 18:34:55.311  1936  1936 D SubscriptionController: [getPhoneId]- invalid subId return=-1
11-09 18:34:55.311  1936  1936 D SubscriptionController: [getSubId]- sSlotIdxToSubId.size == 0, return DummySubIds slotIdx=0
11-09 18:34:55.312  1936  1936 D SubscriptionController: [getPhoneId]- invalid subId return=-1
11-09 18:34:55.312  1936  1936 D SubscriptionController: [getSubId]- sSlotIdxToSubId.size == 0, return DummySubIds slotIdx=0
11-09 18:34:55.312  1936  1936 D SubscriptionController: [getPhoneId]- invalid subId return=-1
11-09 18:34:55.313  1936  1936 D DCT     : [0]setupDataOnConnectableApns: simLoaded
11-09 18:34:55.313  1697  2156 D EGL_emulation: eglMakeCurrent: 0xae414a20: ver 2 0 (tinfo 0xa24823d0)
11-09 18:34:55.313  1936  1936 D DCT     : [0]setupDataOnConnectableApns: apnContext {mApnType=hipri mState=IDLE mWaitingApns={null} mWaitingApnsPermanentFailureCountDown=0 mApnSetting={null} mReason=radioTurnedOff mDataEnabled=false mDependencyMet=true}
11-09 18:34:55.313  1936  1936 D DCT     : [0]setupDataOnConnectableApns: apnContext {mApnType=mms mState=IDLE mWaitingApns={null} mWaitingApnsPermanentFailureCountDown=0 mApnSetting={null} mReason=radioTurnedOff mDataEnabled=false mDependencyMet=true}
11-09 18:34:55.313  1936  1936 D DCT     : [0]setupDataOnConnectableApns: apnContext {mApnType=supl mState=IDLE mWaitingApns={null} mWaitingApnsPermanentFailureCountDown=0 mApnSetting={null} mReason=radioTurnedOff mDataEnabled=false mDependencyMet=true}
11-09 18:34:55.313  1936  1936 D DCT     : [0]setupDataOnConnectableApns: apnContext {mApnType=ia mState=IDLE mWaitingApns={null} mWaitingApnsPermanentFailureCountDown=0 mApnSetting={null} mReason=radioTurnedOff mDataEnabled=false mDependencyMet=true}
11-09 18:34:55.313  1936  1936 D DCT     : [0]setupDataOnConnectableApns: apnContext {mApnType=fota mState=IDLE mWaitingApns={null} mWaitingApnsPermanentFailureCountDown=0 mApnSetting={null} mReason=radioTurnedOff mDataEnabled=false mDependencyMet=true}
11-09 18:34:55.313  1936  1936 D DCT     : [0]setupDataOnConnectableApns: apnContext {mApnType=ims mState=IDLE mWaitingApns={null} mWaitingApnsPermanentFailureCountDown=0 mApnSetting={null} mReason=radioTurnedOff mDataEnabled=false mDependencyMet=true}
11-09 18:34:55.313  1936  1936 D DCT     : [0]setupDataOnConnectableApns: apnContext {mApnType=cbs mState=IDLE mWaitingApns={null} mWaitingApnsPermanentFailureCountDown=0 mApnSetting={null} mReason=radioTurnedOff mDataEnabled=false mDependencyMet=true}
11-09 18:34:55.313  1936  1936 D DCT     : [0]setupDataOnConnectableApns: apnContext {mApnType=default mState=IDLE mWaitingApns={null} mWaitingApnsPermanentFailureCountDown=0 mApnSetting={null} mReason=radioTurnedOff mDataEnabled=false mDependencyMet=true}
11-09 18:34:55.313  1936  1936 D DCT     : [0]setupDataOnConnectableApns: apnContext {mApnType=emergency mState=IDLE mWaitingApns={null} mWaitingApnsPermanentFailureCountDown=0 mApnSetting={null} mReason=radioTurnedOff mDataEnabled=false mDependencyMet=true}
11-09 18:34:55.314  1936  1936 D IccCardProxy: operator=310260 mPhoneId=0
11-09 18:34:55.314  1936  1936 D IccCardProxy: update icc_operator_numeric=310260
11-09 18:34:55.314  1936  1936 D TelephonyManager: setTelephonyProperty: success phoneId=0 property=gsm.sim.operator.numeric value: 310260 propVal=310260
11-09 18:34:55.315  1936  1936 D TelephonyManager: setTelephonyProperty: success phoneId=0 property=gsm.sim.operator.iso-country value: us propVal=us
11-09 18:34:55.315  1936  1936 D IccCardProxy: Sending intent ACTION_INTERNAL_SIM_STATE_CHANGED for mPhoneId : 0
11-09 18:34:55.317  1936  1936 D DctController: handleMessage msg={ when=-104ms what=107 target=com.android.internal.telephony.dataconnection.DctController }
11-09 18:34:55.317  1936  1936 D DctController: onSubInfoReady mPhoneNum=1
11-09 18:34:55.317  1936  1936 D SubscriptionController: [getSubId]- sSlotIdxToSubId.size == 0, return DummySubIds slotIdx=0
11-09 18:34:55.317  1936  1936 D DctController: onSubInfoReady handle pending requests subId=-2
11-09 18:34:55.317  1936  1936 D SubscriptionController: [getSubId]- sSlotIdxToSubId.size == 0, return DummySubIds slotIdx=0
11-09 18:34:55.317  1936  1936 D DctController: [TNF -2]evalPendingRequest, pending request size is 1
11-09 18:34:55.317  1936  1936 D SubscriptionController: [getSubId]- sSlotIdxToSubId.size == 0, return DummySubIds slotIdx=0
11-09 18:34:55.317  1936  1936 D DctController: [TNF -2]evalPendingRequest: request = NetworkRequest [ id=1, legacyType=-1, [ Capabilities: INTERNET&NOT_RESTRICTED&TRUSTED&NOT_VPN] ]
11-09 18:34:55.317  1936  1936 D SubscriptionController: [getSubId]- sSlotIdxToSubId.size == 0, return DummySubIds slotIdx=0
11-09 18:34:55.317  1936  1936 D DctController: [TNF -2]Cellular needs Network for NetworkRequest [ id=1, legacyType=-1, [ Capabilities: INTERNET&NOT_RESTRICTED&TRUSTED&NOT_VPN] ]
11-09 18:34:55.317  1936  1936 D SubscriptionController: [getSubId]- sSlotIdxToSubId.size == 0, return DummySubIds slotIdx=0
11-09 18:34:55.317  1936  1936 D SubscriptionController: [getSubId]- sSlotIdxToSubId.size == 0, return DummySubIds slotIdx=0
11-09 18:34:55.317  1936  1936 D DctController: [TNF -2]Request not useable, pending request.
11-09 18:34:55.317  1936  1936 D DctController: processRequests
11-09 18:34:55.317  1914  1914 I Backup  : [GmsBackupAccountManager] Backup account not found in gmscore.
11-09 18:34:55.321  1936  1936 D PhoneProxy: [PhoneProxy] phoneObjectUpdater: newVoiceRadioTech=0
11-09 18:34:55.321  1936  1936 D SubscriptionController: [getSubId]- sSlotIdxToSubId.size == 0, return DummySubIds slotIdx=0
11-09 18:34:55.325  1936  1936 D PhoneProxy: [PhoneProxy] phoneObjectUpdater: volteReplacementRat=0
11-09 18:34:55.325  1936  1936 E PhoneProxy: [PhoneProxy] phoneObjectUpdater: newVoiceRadioTech=0 doesn't match either CDMA or GSM - error! No phone change
11-09 18:34:55.325  1936  1936 D GsmSST  : [GsmSST] SubscriptionListener.onSubscriptionInfoChanged
11-09 18:34:55.325  1936  1936 D SubscriptionController: [getSubId]- sSlotIdxToSubId.size == 0, return DummySubIds slotIdx=0
11-09 18:34:55.325  1936  1936 D DCT     : [0]SubscriptionListener.onSubscriptionInfoChanged
11-09 18:34:55.325  1936  1936 D SubscriptionController: [getSubId]- sSlotIdxToSubId.size == 0, return DummySubIds slotIdx=0
11-09 18:34:55.328  1936  1936 D SubscriptionController: [getActiveSubInfoList]+
11-09 18:34:55.329  1936  1936 D SubscriptionController: [getActiveSubInfoList] Sub Controller not ready
11-09 18:34:55.329  1936  1936 I Telephony: PstnIncomingCallNotifier: Unregistering: Handler (com.android.internal.telephony.gsm.GSMPhone) {60f8cf8}
11-09 18:34:55.329  1936  1936 E PhoneBase: Error! unregisterForCallWaiting() in PhoneBase should not be called, CDMAPhone inactive.
11-09 18:34:55.330  1936  1936 D SubscriptionController: [getSubId]- sSlotIdxToSubId.size == 0, return DummySubIds slotIdx=0
11-09 18:34:55.330  1936  1936 D SubscriptionController: [getSubId]- sSlotIdxToSubId.size == 0, return DummySubIds slotIdx=0
11-09 18:34:55.330  1936  1936 D SubscriptionController: [getPhoneId]- invalid subId return=-1
11-09 18:34:55.330  1936  1936 E PhoneInterfaceManager: [PhoneIntfMgr] getIccId: No UICC
11-09 18:34:55.330  1697  2156 D EGL_emulation: eglMakeCurrent: 0xae414a20: ver 2 0 (tinfo 0xa24823d0)
11-09 18:34:55.332  1584  1954 I Telecom : PhoneAccountRegistrar: [ComponentInfo{com.android.phone/com.android.services.telephony.TelephonyConnectionService}, [e0184adedf913b076626646d3f52c3b49c39ad6d], UserHandle{0}(icon: Icon(typ=BITMAP size=57x72) -> Icon(typ=BITMAP size=57x72))]
11-09 18:34:55.336  1584  1954 I Telecom : : Sending phone-account intent as user
11-09 18:34:55.339  1936  1936 I Telephony: AccountEntry: Registered phoneAccount: [[ ] PhoneAccount: ComponentInfo{com.android.phone/com.android.services.telephony.TelephonyConnectionService}, [e0184adedf913b076626646d3f52c3b49c39ad6d], UserHandle{0} Capabilities: 54 Schemes: tel voicemail ] with handle: ComponentInfo{com.android.phone/com.android.services.telephony.TelephonyConnectionService}, [e0184adedf913b076626646d3f52c3b49c39ad6d], UserHandle{0}
11-09 18:34:55.339  1936  1936 I Telephony: PstnIncomingCallNotifier: Registering: Handler (com.android.internal.telephony.gsm.GSMPhone) {60f8cf8}
11-09 18:34:55.339  1936  1936 E PhoneBase: Error! registerForCallWaiting() in PhoneBase should not be called, CDMAPhone inactive.
11-09 18:34:55.339  1584  1640 D WifiService: New client listening to asynchronous messages
11-09 18:34:55.346  1584  2067 W Telecom : : No account found for the calling user
11-09 18:34:55.348  1936  1936 D SubscriptionController: [getSubId]- sSlotIdxToSubId.size == 0, return DummySubIds slotIdx=0
11-09 18:34:55.348  1936  1936 D DCT     : [0]getDataOnRoamingEnabled: phoneSubId=-2 isDataRoamingEnabled=false
11-09 18:34:55.348  1936  1936 D SubscriptionController: [getSubId]- sSlotIdxToSubId.size == 0, return DummySubIds slotIdx=0
11-09 18:34:55.348  1936  1936 D DCT     : [0]getDataOnRoamingEnabled: phoneSubId=-2 isDataRoamingEnabled=false
11-09 18:34:55.348  1936  1936 D SubscriptionController: [getSubId]- sSlotIdxToSubId.size == 0, return DummySubIds slotIdx=0
11-09 18:34:55.348  1936  1936 D DCT     : [0]getDataOnRoamingEnabled: phoneSubId=-2 isDataRoamingEnabled=false
11-09 18:34:55.348  1936  1936 D SubscriptionController: [getSubId]- sSlotIdxToSubId.size == 0, return DummySubIds slotIdx=0
11-09 18:34:55.348  1936  1936 D DCT     : [0]getDataOnRoamingEnabled: phoneSubId=-2 isDataRoamingEnabled=false
11-09 18:34:55.348  1936  1936 D SubscriptionController: [getSubId]- sSlotIdxToSubId.size == 0, return DummySubIds slotIdx=0
11-09 18:34:55.348  1936  1936 D DCT     : [0]getDataOnRoamingEnabled: phoneSubId=-2 isDataRoamingEnabled=false
11-09 18:34:55.348  1936  1936 D SubscriptionController: [getSubId]- sSlotIdxToSubId.size == 0, return DummySubIds slotIdx=0
11-09 18:34:55.348  1936  1936 D DCT     : [0]getDataOnRoamingEnabled: phoneSubId=-2 isDataRoamingEnabled=false
11-09 18:34:55.348  1936  1936 D SubscriptionController: [getSubId]- sSlotIdxToSubId.size == 0, return DummySubIds slotIdx=0
11-09 18:34:55.348  1936  1936 D DCT     : [0]getDataOnRoamingEnabled: phoneSubId=-2 isDataRoamingEnabled=false
11-09 18:34:55.348  1936  1936 D SubscriptionController: [getSubId]- sSlotIdxToSubId.size == 0, return DummySubIds slotIdx=0
11-09 18:34:55.348  1936  1936 D DCT     : [0]getDataOnRoamingEnabled: phoneSubId=-2 isDataRoamingEnabled=false
11-09 18:34:55.348  1936  1936 D SubscriptionController: [getSubId]- sSlotIdxToSubId.size == 0, return DummySubIds slotIdx=0
11-09 18:34:55.348  1936  1936 D DCT     : [0]getDataOnRoamingEnabled: phoneSubId=-2 isDataRoamingEnabled=false
11-09 18:34:55.348  1936  1936 D SubscriptionInfoUpdater: [Receiver]+
11-09 18:34:55.348  1936  1936 D SubscriptionInfoUpdater: Action: android.intent.action.internal_sim_state_changed
11-09 18:34:55.348  1936  1936 D SubscriptionInfoUpdater: slotId: 0
11-09 18:34:55.348  1936  1936 D SubscriptionInfoUpdater: simStatus: LOADED
11-09 18:34:55.348  1936  1936 D SubscriptionInfoUpdater: [Receiver]-
11-09 18:34:55.348  1936  1936 D DctController: handleMessage msg={ when=-31ms what=100 target=com.android.internal.telephony.dataconnection.DctController }
11-09 18:34:55.348  1936  1936 D SubscriptionController: [getPhoneId]- no sims, returning default phoneId=2147483647
11-09 18:34:55.348  1936  1936 D DctController: getTopPriorityRequestPhoneId: RequestInfo list is empty, use Dds sub phone id
11-09 18:34:55.348  1936  1936 D DctController: getTopPriorityRequestPhoneId = 2147483647, priority = -1
11-09 18:34:55.349  1936  1936 D DcSwitchAsyncChannel: [DcSwitchAsyncChannel-0]: rspIsIdle=false
11-09 18:34:55.349  1936  1936 D DctController: onProcessRequest phoneId=2147483647, activePhoneId=0
11-09 18:34:55.349  1936  1936 D DctController: handleMessage msg={ when=-24ms what=107 target=com.android.internal.telephony.dataconnection.DctController }
11-09 18:34:55.349  1936  1936 D DctController: onSubInfoReady mPhoneNum=1
11-09 18:34:55.349  1936  1936 D SubscriptionController: [getSubId]- sSlotIdxToSubId.size == 0, return DummySubIds slotIdx=0
11-09 18:34:55.349  1936  1936 D DctController: onSubInfoReady handle pending requests subId=-2
11-09 18:34:55.349  1936  2116 D DcSwitchSM: [DcSwitchStateMachine-0] AttachedState: REQ_DISCONNECT_ALL
11-09 18:34:55.349  1936  1936 D SubscriptionController: [getSubId]- sSlotIdxToSubId.size == 0, return DummySubIds slotIdx=0
11-09 18:34:55.349  1936  1936 D DctController: [TNF -2]evalPendingRequest, pending request size is 1
11-09 18:34:55.349  1936  2116 D DctController: releaseAllRequests, phone:0
11-09 18:34:55.349  1936  2116 D DcSwitchSM: [DcSwitchStateMachine-0] DetachingState: enter
11-09 18:34:55.349  1936  1936 D SubscriptionController: [getSubId]- sSlotIdxToSubId.size == 0, return DummySubIds slotIdx=0
11-09 18:34:55.349  1936  1936 D DctController: [TNF -2]evalPendingRequest: request = NetworkRequest [ id=1, legacyType=-1, [ Capabilities: INTERNET&NOT_RESTRICTED&TRUSTED&NOT_VPN] ]
11-09 18:34:55.349  1936  2116 D RILJ    : [3731]> RIL_REQUEST_ALLOW_DATA allowed: false [SUB0]
11-09 18:34:55.349  1936  1936 D SubscriptionController: [getSubId]- sSlotIdxToSubId.size == 0, return DummySubIds slotIdx=0
11-09 18:34:55.349  1936  1936 D DctController: [TNF -2]Cellular needs Network for NetworkRequest [ id=1, legacyType=-1, [ Capabilities: INTERNET&NOT_RESTRICTED&TRUSTED&NOT_VPN] ]
11-09 18:34:55.349  1313  1581 D RIL     : onRequest: ALLOW_DATA
11-09 18:34:55.349  1313  1581 D RIL     : Request not supported. Tech: 1
11-09 18:34:55.349  1936  1936 D SubscriptionController: [getSubId]- sSlotIdxToSubId.size == 0, return DummySubIds slotIdx=0
11-09 18:34:55.349  1936  1936 D SubscriptionController: [getSubId]- sSlotIdxToSubId.size == 0, return DummySubIds slotIdx=0
11-09 18:34:55.349  1936  1936 D DctController: [TNF -2]Request not useable, pending request.
11-09 18:34:55.349  1936  1936 D DctController: processRequests
11-09 18:34:55.350  1936  2059 D RilRequest: [3731]< RIL_REQUEST_ALLOW_DATA error: com.android.internal.telephony.CommandException: REQUEST_NOT_SUPPORTED ret=
11-09 18:34:55.350  1936  2116 E DcSwitchStateMachine-0: EVENT_DATA_DISALLOWED failed, com.android.internal.telephony.CommandException: REQUEST_NOT_SUPPORTED
11-09 18:34:55.350  1936  2116 D DcSwitchSM: [DcSwitchStateMachine-0] AttachedState: enter
11-09 18:34:55.350  1936  2116 D DctController: executeAllRequests, phone:0
11-09 18:34:55.351  1936  1936 D SubscriptionInfoUpdater: handleSimStateLoadedInternal: slotId: 0
11-09 18:34:55.351  1936  1936 D SubscriptionInfoUpdater: All IccIds query complete
11-09 18:34:55.351  1936  1936 D SubscriptionInfoUpdater: updateSubscriptionInfoByIccId:+ Start
11-09 18:34:55.353  1936  1936 D SubscriptionController: [clearSubInfo]+
11-09 18:34:55.353  1936  1936 D SubscriptionController: [clearSubInfo]- no simInfo size=0
11-09 18:34:55.353  1936  1936 D SubscriptionInfoUpdater: insertedSimCount = 1
11-09 18:34:55.353  1936  1936 D SubscriptionController: [getSubInfoUsingSlotIdWithCheck]+ slotId:0
11-09 18:34:55.357  1936  1936 D SubscriptionController: [getPhoneId]- no sims, returning default phoneId=2147483647
11-09 18:34:55.357  1936  1936 D SubscriptionController: [getSubInfoRecord] id:1 iccid:89014103211118510720 simSlotIndex:0 displayName:Android nameSource:0 iconTint:-16746133 dataRoaming:0 mcc:310 mnc:260 countIso:
11-09 18:34:55.359  1936  1936 D SubscriptionController: [getPhoneId]- no sims, returning default phoneId=2147483647
11-09 18:34:55.359  1936  1936 D SubscriptionController: [getPhoneId]- no sims, returning default phoneId=2147483647
11-09 18:34:55.362  1914  1914 I GCoreNlp: shouldConfirmNlp, NLP off. Ensuring opt-in disabled
11-09 18:34:55.367  1936  1936 D SubscriptionController: [getSubInfoUsingSlotId]- null info return
11-09 18:34:55.367  1936  1936 D SubscriptionInfoUpdater: updateSubscriptionInfoByIccId: oldSubId = 1
11-09 18:34:55.367  1936  1936 D SubscriptionInfoUpdater: updateSubscriptionInfoByIccId: oldIccId[0] = 89014103211118510720, sIccId[0] = 89014103211118510720
11-09 18:34:55.368  1936  1936 D SubscriptionController: [addSubInfoRecord]+ iccId:89014103211118510720 slotId:0
11-09 18:34:55.369  1936  1949 D SubscriptionController: [getPhoneId]- no sims, returning default phoneId=2147483647
11-09 18:34:55.370  1584  1597 D GpsLocationProvider: SIM MCC/MNC is still not available
11-09 18:34:55.371  1936  1936 D SubscriptionController: [getActiveSubInfoList]+
11-09 18:34:55.373  1936  1936 D SubscriptionController: [getActiveSubInfoList] Sub Controller not ready
11-09 18:34:55.373  1936  1936 D SubscriptionController: [addSubInfoRecord] Record already exists
11-09 18:34:55.376  1936  1936 D SubscriptionController: [addSubInfoRecord] sSlotIdxToSubId.size=1 slotId=0 subId=1 defaultSubId=1 simCount=1
11-09 18:34:55.376  1936  1936 D SubscriptionController: [setDefaultFallbackSubId] subId=1
11-09 18:34:55.376  1936  1936 D SubscriptionController: [setDefaultFallbackSubId] set mDefaultFallbackSubId=1
11-09 18:34:55.376  1936  1936 D MccTable: updateMccMncConfiguration mccmnc='310260' fromServiceState=false
11-09 18:34:55.378  1936  1936 D MccTable: updateMccMncConfiguration defaultMccMnc=310260
11-09 18:34:55.378  1936  1936 D MccTable: updateMccMncConfiguration: mcc=310, mnc=260
11-09 18:34:55.378  1936  1936 D MccTable: updateMccMncConfiguration updateConfig config={1.0 310mcc260mnc ?locale ?layoutDir ?swdp ?wdp ?hdp ?density ?lsize ?long ?orien ?uimode ?night ?touch ?keyb/?/? ?nav/?}
11-09 18:34:55.380  1936  1936 D SubscriptionController: [setDefaultFallbackSubId] broadcast default subId changed phoneId=0 subId=1
11-09 18:34:55.380  1584  1597 D GpsLocationProvider: received SIM related action: 
11-09 18:34:55.384  1936  1936 D SubscriptionController: [addSubInfoRecord] one sim set defaults to subId=1
11-09 18:34:55.387  1936  1936 D SubscriptionController: [setDefaultDataSubId] subId=1
11-09 18:34:55.387  1936  1936 D SubscriptionController: [setDefaultDataSubId] num phones=1
11-09 18:34:55.387  1936  1936 D SubscriptionController: [setDefaultDataSubId] phoneId=0 subId=1 RAF=1
11-09 18:34:55.387  1936  1936 D ProxyController: setRadioCapability: Already in requested configuration, nothing to do.
11-09 18:34:55.387  1936  1936 D SubscriptionController: [updateAllDataConnectionTrackers] sProxyPhones.length=1
11-09 18:34:55.387  1936  1936 D SubscriptionController: [updateAllDataConnectionTrackers] phoneId=0
11-09 18:34:55.387  1936  1936 D PhoneProxy: [PhoneProxy] Updating Data Connection Tracker
11-09 18:34:55.387  1936  1936 D DCT     : [0]update sub = 1
11-09 18:34:55.387  1936  1936 D DCT     : [0]update(): Active DDS, register for all events now!
11-09 18:34:55.387  1936  1936 D GsmSST  : [GsmSST] notifyDataRegStateRilRadioTechnologyChanged: drs=0 rat=14
11-09 18:34:55.387  1936  1936 D TelephonyManager: setTelephonyProperty: success phoneId=0 property=gsm.network.type value: LTE propVal=LTE
11-09 18:34:55.387  1936  1936 D DCT     : [0]getDataEnabled: getIntWithSubId retVal=true
11-09 18:34:55.392  1936  1936 D GSMPhone: [GSMPhone] updateCurrentCarrierInProvider: mSubId = 1 currentDds = 1 operatorNumeric = 310260
11-09 18:34:55.408  1936  1936 D SubscriptionController: [broadcastDefaultDataSubIdChanged] subId=1
11-09 18:34:55.415  1584  1596 I am_proc_start: [0,2218,10039,com.google.android.apps.maps,broadcast,com.google.android.apps.maps/com.google.android.apps.gmm.iamhere.ble.StartBleServiceReceiver]
11-09 18:34:55.415  1584  1596 I ActivityManager: Start proc 2218:com.google.android.apps.maps/u0a39 for broadcast com.google.android.apps.maps/com.google.android.apps.gmm.iamhere.ble.StartBleServiceReceiver
11-09 18:34:55.416  1936  1936 D SubscriptionController: [setDefaultSmsSubId] subId=1
11-09 18:34:55.416  1936  1936 D SubscriptionController: [broadcastDefaultSmsSubIdChanged] subId=1
11-09 18:34:55.417  1936  1936 D SubscriptionController: [setDefaultVoiceSubId] subId=1
11-09 18:34:55.419  1584  1596 I notification_expansion: [-1|com.android.systemui|1397773634|public:253,64|10015,0,1,1701,1701,0]
11-09 18:34:55.421  1936  1936 D SubscriptionController: [broadcastDefaultVoiceSubIdChanged] subId=1
11-09 18:34:55.422  1936  1936 D SubscriptionController: [addSubInfoRecord] hashmap(0,1)
11-09 18:34:55.422  1584  2067 W ActivityManager: Unable to start service Intent { act=com.google.android.gms.nearby.discovery:ACTION_PERMISSION_CHANGE cmp=com.google.android.gms/.nearby.discovery.service.DiscoveryService } U=0: not found
11-09 18:34:55.438  1936  1936 D SubscriptionController: [addSubInfoRecord] sim name = Android
11-09 18:34:55.438  1936  1936 D SubscriptionController: [updateAllDataConnectionTrackers] sProxyPhones.length=1
11-09 18:34:55.439  1936  1936 D SubscriptionController: [updateAllDataConnectionTrackers] phoneId=0
11-09 18:34:55.439  1936  1936 D PhoneProxy: [PhoneProxy] Updating Data Connection Tracker
11-09 18:34:55.439  1936  1936 D DCT     : [0]update sub = 1
11-09 18:34:55.439  1936  1936 D DCT     : [0]update(): Active DDS, register for all events now!
11-09 18:34:55.439  1936  1936 D GsmSST  : [GsmSST] notifyDataRegStateRilRadioTechnologyChanged: drs=0 rat=14
11-09 18:34:55.439  1936  1936 D TelephonyManager: setTelephonyProperty: success phoneId=0 property=gsm.network.type value: LTE propVal=LTE
11-09 18:34:55.440  1936  1936 D DCT     : [0]getDataEnabled: getIntWithSubId retVal=true
11-09 18:34:55.440  1914  2226 I GCoreUlr: Starting service, intent=Intent { act=com.google.android.location.reporting.ACTION_UPDATE_WORLD cmp=com.google.android.gms/com.google.android.location.reporting.service.DispatchingService (has extras) }, extras=Bundle[{receiverAction=android.location.PROVIDERS_CHANGED}]
11-09 18:34:55.442  1936  1936 D GSMPhone: [GSMPhone] updateCurrentCarrierInProvider: mSubId = 1 currentDds = 1 operatorNumeric = 310260
11-09 18:34:55.457  1584  2067 I am_proc_bound: [0,2218,com.google.android.apps.maps]
11-09 18:34:55.461  1956  2152 V RenderScript: 0xa17e8000 Launching thread(s), CPUs 2
11-09 18:34:55.462     0     0 I init    : Service 'bootanim' (pid 1289) exited with status 0
11-09 18:34:55.478  1936  1936 D SubscriptionController: [addSubInfoRecord]- info size=1
11-09 18:34:55.478  1936  1936 D SubscriptionInfoUpdater: newSim = false
11-09 18:34:55.478  1936  1936 D SubscriptionInfoUpdater: updateSubscriptionInfoByIccId: sInsertSimState[0] = 0
11-09 18:34:55.479  1936  1936 D SubscriptionController: [getActiveSubInfoList]+
11-09 18:34:55.480  1936  1936 D SubscriptionController: selection:sim_id>=0 null
11-09 18:34:55.484  1936  1936 D SubscriptionController: [getSubInfoRecord] id:1 iccid:89014103211118510720 simSlotIndex:0 displayName:Android nameSource:0 iconTint:-16746133 dataRoaming:0 mcc:310 mnc:260 countIso:us
11-09 18:34:55.494  1956  1956 D Launcher: bindAppWidget: AppWidget(id=4)
11-09 18:34:55.494  1956  1956 D Launcher: bindAppWidget: id=4 belongs to component ComponentInfo{com.android.deskclock/com.android.alarmclock.AnalogAppWidgetProvider}
11-09 18:34:55.501  1936  1936 D SubscriptionController: [getActiveSubInfoList]- 1 infos return
11-09 18:34:55.501  1936  1936 D SubscriptionInfoUpdater: updateSubscriptionInfoByIccId: nSubCount = 1
11-09 18:34:55.510  1936  1936 D SubscriptionController: [setDefaultDataSubId] subId=1
11-09 18:34:55.511  1936  1936 D SubscriptionController: [setDefaultDataSubId] num phones=1
11-09 18:34:55.511  1936  1936 D SubscriptionController: [setDefaultDataSubId] phoneId=0 subId=1 RAF=1
11-09 18:34:55.511  1936  1936 D ProxyController: setRadioCapability: Already in requested configuration, nothing to do.
11-09 18:34:55.511  1936  1936 D SubscriptionController: [updateAllDataConnectionTrackers] sProxyPhones.length=1
11-09 18:34:55.511  1936  1936 D SubscriptionController: [updateAllDataConnectionTrackers] phoneId=0
11-09 18:34:55.511  1936  1936 D PhoneProxy: [PhoneProxy] Updating Data Connection Tracker
11-09 18:34:55.511  1936  1936 D DCT     : [0]update sub = 1
11-09 18:34:55.511  1936  1936 D DCT     : [0]update(): Active DDS, register for all events now!
11-09 18:34:55.511  1936  1936 D GsmSST  : [GsmSST] notifyDataRegStateRilRadioTechnologyChanged: drs=0 rat=14
11-09 18:34:55.511  1936  1936 D TelephonyManager: setTelephonyProperty: success phoneId=0 property=gsm.network.type value: LTE propVal=LTE
11-09 18:34:55.511  1936  1936 D DCT     : [0]getDataEnabled: getIntWithSubId retVal=true
11-09 18:34:55.512  1584  1942 I AccountManagerService: getTypesVisibleToCaller: isPermitted? true
11-09 18:34:55.513  1936  1936 D GSMPhone: [GSMPhone] updateCurrentCarrierInProvider: mSubId = 1 currentDds = 1 operatorNumeric = 310260
11-09 18:34:55.567  1956  1956 D Launcher: bound widget id=4 in 72ms
11-09 18:34:55.576  1936  1936 D SubscriptionController: [broadcastDefaultDataSubIdChanged] subId=1
11-09 18:34:55.578  1936  1936 D SubscriptionController: notifySubscriptionInfoChanged:
11-09 18:34:55.578  1936  1936 D SubscriptionInfoUpdater: updateSubscriptionInfoByIccId:- SsubscriptionInfo update complete
11-09 18:34:55.578  1936  1936 D MccTable: updateMccMncConfiguration mccmnc='310260' fromServiceState=false
11-09 18:34:55.578  1936  1936 D MccTable: updateMccMncConfiguration defaultMccMnc=310260
11-09 18:34:55.578  1936  1936 D MccTable: updateMccMncConfiguration: mcc=310, mnc=260
11-09 18:34:55.578  1936  1936 D MccTable: updateMccMncConfiguration updateConfig config={1.0 310mcc260mnc ?locale ?layoutDir ?swdp ?wdp ?hdp ?density ?lsize ?long ?orien ?uimode ?night ?touch ?keyb/?/? ?nav/?}
11-09 18:34:55.580  1936  1936 D SubscriptionController: [setMccMnc]+ mcc/mnc:310/260 subId:1
11-09 18:34:55.581  1914  1914 E BluetoothAdapter: Bluetooth binder is null
11-09 18:34:55.586  2218  2218 W System  : ClassLoader referenced unknown path: /system/app/Maps/lib/x86
11-09 18:34:55.589  1697  1697 W KeyguardUpdateMonitor: invalid subId in handleSimStateChange()
11-09 18:34:55.595  1936  1936 D SubscriptionController: notifySubscriptionInfoChanged:
11-09 18:34:55.596  1936  1936 D SubscriptionController: [getActiveSubInfoList]+
11-09 18:34:55.596  1936  1936 D SubscriptionController: selection:sim_id>=0 null
11-09 18:34:55.597  1936  1936 D SubscriptionController: [getSubInfoRecord] id:1 iccid:89014103211118510720 simSlotIndex:0 displayName:Android nameSource:0 iconTint:-16746133 dataRoaming:0 mcc:310 mnc:260 countIso:us
11-09 18:34:55.597  1936  1936 D SubscriptionController: [getActiveSubInfoList]- 1 infos return
11-09 18:34:55.597  1936  1936 D SubscriptionController: [getActiveSubInfoForSubscriber]+ subId=1 subInfo={id=1, iccId=89014103211118510720 simSlotIndex=0 displayName=Android carrierName=Android nameSource=0 iconTint=-16746133 dataRoaming=0 iconBitmap=android.graphics.Bitmap@3f1c671 mcc 310 mnc 260}
11-09 18:34:55.598  1936  1936 D SubscriptionInfoUpdater: sim name = Android
11-09 18:34:55.608  1936  1936 D SubscriptionInfoUpdater: Broadcasting intent ACTION_SIM_STATE_CHANGED LOADED reason null for mCardIndex : 0
11-09 18:34:55.608  1936  1936 D CarrierConfigLoader: update config for phoneId: 0 simState: LOADED
11-09 18:34:55.609  1936  1936 D CarrierServiceBindHelper: update binding for phoneId: 0 simState: LOADED
11-09 18:34:55.611  1914  1914 W System  : ClassLoader referenced unknown path: /system/priv-app/PrebuiltGmsCore/lib/x86
11-09 18:34:55.612  1914  1914 W System  : ClassLoader referenced unknown path: /system/priv-app/PrebuiltGmsCore/lib/x86
11-09 18:34:55.613  1697  1697 W PathParser: Points are too far apart 4.030360828967057
11-09 18:34:55.613  1697  1697 W PathParser: Points are too far apart 4.030360538880159
11-09 18:34:55.615  1936  1936 D DctController: handleMessage msg={ when=-266ms what=104 target=com.android.internal.telephony.dataconnection.DctController }
11-09 18:34:55.615  1936  1936 D DctController: onReleaseAllRequests phoneId=0
11-09 18:34:55.616  1936  1936 D DctController: handleMessage msg={ when=-266ms what=100 target=com.android.internal.telephony.dataconnection.DctController }
11-09 18:34:55.616  1936  1936 D DctController: getTopPriorityRequestPhoneId: RequestInfo list is empty, use Dds sub phone id
11-09 18:34:55.616  1936  1936 D DctController: getTopPriorityRequestPhoneId = 0, priority = -1
11-09 18:34:55.616     0     0 I init    : write_file: Unable to open '/sys/class/android_usb/android0/enable': No such file or directory
11-09 18:34:55.617     0     0 I init    : write_file: Unable to open '/sys/class/android_usb/android0/idVendor': No such file or directory
11-09 18:34:55.617     0     0 I init    : write_file: Unable to open '/sys/class/android_usb/android0/idProduct': No such file or directory
11-09 18:34:55.618     0     0 I init    : write_file: Unable to open '/sys/class/android_usb/android0/functions': No such file or directory
11-09 18:34:55.618     0     0 I init    : write_file: Unable to open '/sys/class/android_usb/android0/enable': No such file or directory
11-09 18:34:55.622  1936  1936 D DcSwitchAsyncChannel: [DcSwitchAsyncChannel-0]: rspIsIdle=false
11-09 18:34:55.622  1936  1936 D DctController: onProcessRequest phoneId=0, activePhoneId=0
11-09 18:34:55.622  1936  1936 D DctController: handleMessage msg={ when=-273ms what=102 target=com.android.internal.telephony.dataconnection.DctController }
11-09 18:34:55.622  1936  1936 D DctController: onExecuteAllRequests phoneId=0
11-09 18:34:55.622  1936  1936 D DCT     : [0]handleMessage msg={ when=-235ms what=270337 obj=android.os.AsyncResult@4ce1c56 target=com.android.internal.telephony.dataconnection.DcTracker }
11-09 18:34:55.622  1936  1936 D DCT     : [0]onRadioAvailable
11-09 18:34:55.623  1584  2187 D TelephonyRegistry: Notify data connection state changed on sub: 1
11-09 18:34:55.630  1697  2156 D EGL_emulation: eglMakeCurrent: 0xae414a20: ver 2 0 (tinfo 0xa24823d0)
11-09 18:34:55.637  1936  2139 D SubscriptionController: [getActiveSubInfoList]+
11-09 18:34:55.640  1936  1936 D DCT     : [0]overall state is IDLE
11-09 18:34:55.640  1936  1936 D DCT     : [0]handleMessage msg={ when=-253ms what=270352 obj=android.os.AsyncResult@8e874d7 target=com.android.internal.telephony.dataconnection.DcTracker }
11-09 18:34:55.640  1936  1936 D DCT     : [0]onDataConnectionAttached
11-09 18:34:55.640  1936  1936 D DCT     : [0]overall state is IDLE
11-09 18:34:55.648  1936  2139 D SubscriptionController: selection:sim_id>=0 null
11-09 18:34:55.652  1584  1597 D GpsLocationProvider: SIM MCC/MNC is available: 310260
11-09 18:34:55.652  1584  1597 D GpsLocationProvider: Reset GPS properties, previous size = 5
11-09 18:34:55.652  1584  1597 D GpsLocationProvider: GpsParamsResource: SUPL_HOST=supl.google.com
11-09 18:34:55.652  1584  1597 D GpsLocationProvider: GpsParamsResource: SUPL_PORT=7275
11-09 18:34:55.652  1584  1597 D GpsLocationProvider: GpsParamsResource: NTP_SERVER=north-america.pool.ntp.org
11-09 18:34:55.652  1584  1597 D GpsLocationProvider: GpsParamsResource: SUPL_VER=0x20000
11-09 18:34:55.652  1584  1597 D GpsLocationProvider: GpsParamsResource: SUPL_MODE=1
11-09 18:34:55.652  1584  1597 W GpsLocationProvider: Could not open GPS configuration file /etc/gps.conf
11-09 18:34:55.652  1584  1597 D GpsLocationProvider: GPS properties reloaded, size = 5
11-09 18:34:55.652  1584  1597 E GpsLocationProvider: no AGPS interface in set_agps_server
11-09 18:34:55.653  1936  1936 D DCT     : [0]setupDataOnConnectableApns: dataAttached
11-09 18:34:55.653  1936  1936 D DCT     : [0]setupDataOnConnectableApns: apnContext {mApnType=hipri mState=IDLE mWaitingApns={null} mWaitingApnsPermanentFailureCountDown=0 mApnSetting={null} mReason=radioTurnedOff mDataEnabled=false mDependencyMet=true}
11-09 18:34:55.653  1936  1936 D DCT     : [0]setupDataOnConnectableApns: apnContext {mApnType=mms mState=IDLE mWaitingApns={null} mWaitingApnsPermanentFailureCountDown=0 mApnSetting={null} mReason=radioTurnedOff mDataEnabled=false mDependencyMet=true}
11-09 18:34:55.653  1936  1936 D DCT     : [0]setupDataOnConnectableApns: apnContext {mApnType=supl mState=IDLE mWaitingApns={null} mWaitingApnsPermanentFailureCountDown=0 mApnSetting={null} mReason=radioTurnedOff mDataEnabled=false mDependencyMet=true}
11-09 18:34:55.653  1936  1936 D DCT     : [0]setupDataOnConnectableApns: apnContext {mApnType=ia mState=IDLE mWaitingApns={null} mWaitingApnsPermanentFailureCountDown=0 mApnSetting={null} mReason=radioTurnedOff mDataEnabled=false mDependencyMet=true}
11-09 18:34:55.653  1936  1936 D DCT     : [0]setupDataOnConnectableApns: apnContext {mApnType=fota mState=IDLE mWaitingApns={null} mWaitingApnsPermanentFailureCountDown=0 mApnSetting={null} mReason=radioTurnedOff mDataEnabled=false mDependencyMet=true}
11-09 18:34:55.653  1936  1936 D DCT     : [0]setupDataOnConnectableApns: apnContext {mApnType=ims mState=IDLE mWaitingApns={null} mWaitingApnsPermanentFailureCountDown=0 mApnSetting={null} mReason=radioTurnedOff mDataEnabled=false mDependencyMet=true}
11-09 18:34:55.653  1936  1936 D DCT     : [0]setupDataOnConnectableApns: apnContext {mApnType=cbs mState=IDLE mWaitingApns={null} mWaitingApnsPermanentFailureCountDown=0 mApnSetting={null} mReason=radioTurnedOff mDataEnabled=false mDependencyMet=true}
11-09 18:34:55.653  1936  1936 D DCT     : [0]setupDataOnConnectableApns: apnContext {mApnType=default mState=IDLE mWaitingApns={null} mWaitingApnsPermanentFailureCountDown=0 mApnSetting={null} mReason=radioTurnedOff mDataEnabled=false mDependencyMet=true}
11-09 18:34:55.653  1936  1936 D DCT     : [0]setupDataOnConnectableApns: apnContext {mApnType=emergency mState=IDLE mWaitingApns={null} mWaitingApnsPermanentFailureCountDown=0 mApnSetting={null} mReason=radioTurnedOff mDataEnabled=false mDependencyMet=true}
11-09 18:34:55.653  1936  1936 D DCT     : [0]handleMessage msg={ when=-266ms what=270348 obj=android.os.AsyncResult@3dd71c4 target=com.android.internal.telephony.dataconnection.DcTracker }
11-09 18:34:55.653  1936  1936 D DCT     : [0]onRoamingOff
11-09 18:34:55.653  1936  1936 D DCT     : [0]getDataOnRoamingEnabled: phoneSubId=1 isDataRoamingEnabled=false
11-09 18:34:55.657  1584  1597 D GpsLocationProvider: received SIM related action: 
11-09 18:34:55.658  1936  2139 D SubscriptionController: [getSubInfoRecord] id:1 iccid:89014103211118510720 simSlotIndex:0 displayName:Android nameSource:0 iconTint:-16746133 dataRoaming:0 mcc:310 mnc:260 countIso:us
11-09 18:34:55.662  1936  1936 D DCT     : [0]setupDataOnConnectableApns: roamingOff
11-09 18:34:55.662  1936  1936 D DCT     : [0]setupDataOnConnectableApns: apnContext {mApnType=hipri mState=IDLE mWaitingApns={null} mWaitingApnsPermanentFailureCountDown=0 mApnSetting={null} mReason=radioTurnedOff mDataEnabled=false mDependencyMet=true}
11-09 18:34:55.662  1936  1936 D DCT     : [0]setupDataOnConnectableApns: apnContext {mApnType=mms mState=IDLE mWaitingApns={null} mWaitingApnsPermanentFailureCountDown=0 mApnSetting={null} mReason=radioTurnedOff mDataEnabled=false mDependencyMet=true}
11-09 18:34:55.663  1936  1936 D DCT     : [0]setupDataOnConnectableApns: apnContext {mApnType=supl mState=IDLE mWaitingApns={null} mWaitingApnsPermanentFailureCountDown=0 mApnSetting={null} mReason=radioTurnedOff mDataEnabled=false mDependencyMet=true}
11-09 18:34:55.663  1936  1936 D DCT     : [0]setupDataOnConnectableApns: apnContext {mApnType=ia mState=IDLE mWaitingApns={null} mWaitingApnsPermanentFailureCountDown=0 mApnSetting={null} mReason=radioTurnedOff mDataEnabled=false mDependencyMet=true}
11-09 18:34:55.663  1936  1936 D DCT     : [0]setupDataOnConnectableApns: apnContext {mApnType=fota mState=IDLE mWaitingApns={null} mWaitingApnsPermanentFailureCountDown=0 mApnSetting={null} mReason=radioTurnedOff mDataEnabled=false mDependencyMet=true}
11-09 18:34:55.663  1936  1936 D DCT     : [0]setupDataOnConnectableApns: apnContext {mApnType=ims mState=IDLE mWaitingApns={null} mWaitingApnsPermanentFailureCountDown=0 mApnSetting={null} mReason=radioTurnedOff mDataEnabled=false mDependencyMet=true}
11-09 18:34:55.663  1936  1936 D DCT     : [0]setupDataOnConnectableApns: apnContext {mApnType=cbs mState=IDLE mWaitingApns={null} mWaitingApnsPermanentFailureCountDown=0 mApnSetting={null} mReason=radioTurnedOff mDataEnabled=false mDependencyMet=true}
11-09 18:34:55.663  1936  1936 D DCT     : [0]setupDataOnConnectableApns: apnContext {mApnType=default mState=IDLE mWaitingApns={null} mWaitingApnsPermanentFailureCountDown=0 mApnSetting={null} mReason=radioTurnedOff mDataEnabled=false mDependencyMet=true}
